Archive member included to satisfy reference by file (symbol)

/opt/arm-gcc/bin/../lib/gcc/arm-none-eabi/14.2.1/../../../../arm-none-eabi/lib/thumb/v7e-m+dp/hard/libc_nano.a(libc_a-exit.o)
                              /opt/arm-gcc/bin/../lib/gcc/arm-none-eabi/14.2.1/../../../../arm-none-eabi/lib/thumb/v7e-m+dp/hard/crt0.o (exit)
/opt/arm-gcc/bin/../lib/gcc/arm-none-eabi/14.2.1/../../../../arm-none-eabi/lib/thumb/v7e-m+dp/hard/libc_nano.a(libc_a-findfp.o)
                              /opt/arm-gcc/bin/../lib/gcc/arm-none-eabi/14.2.1/../../../../arm-none-eabi/lib/thumb/v7e-m+dp/hard/libc_nano.a(libc_a-exit.o) (__stdio_exit_handler)
/opt/arm-gcc/bin/../lib/gcc/arm-none-eabi/14.2.1/../../../../arm-none-eabi/lib/thumb/v7e-m+dp/hard/libc_nano.a(libc_a-fwalk.o)
                              /opt/arm-gcc/bin/../lib/gcc/arm-none-eabi/14.2.1/../../../../arm-none-eabi/lib/thumb/v7e-m+dp/hard/libc_nano.a(libc_a-findfp.o) (_fwalk_sglue)
/opt/arm-gcc/bin/../lib/gcc/arm-none-eabi/14.2.1/../../../../arm-none-eabi/lib/thumb/v7e-m+dp/hard/libc_nano.a(libc_a-printf.o)
                              build/Src/userInit.o (printf)
/opt/arm-gcc/bin/../lib/gcc/arm-none-eabi/14.2.1/../../../../arm-none-eabi/lib/thumb/v7e-m+dp/hard/libc_nano.a(libc_a-puts.o)
                              build/Src/userInit.o (puts)
/opt/arm-gcc/bin/../lib/gcc/arm-none-eabi/14.2.1/../../../../arm-none-eabi/lib/thumb/v7e-m+dp/hard/libc_nano.a(libc_a-snprintf.o)
                              build/Src/errorHandler.o (snprintf)
/opt/arm-gcc/bin/../lib/gcc/arm-none-eabi/14.2.1/../../../../arm-none-eabi/lib/thumb/v7e-m+dp/hard/libc_nano.a(libc_a-sprintf.o)
                              build/Cube-F7-Src-respin/Middlewares/Third_Party/FreeRTOS/Source/tasks.o (sprintf)
/opt/arm-gcc/bin/../lib/gcc/arm-none-eabi/14.2.1/../../../../arm-none-eabi/lib/thumb/v7e-m+dp/hard/libc_nano.a(libc_a-sscanf.o)
                              build/Src/hilCli.o (sscanf)
/opt/arm-gcc/bin/../lib/gcc/arm-none-eabi/14.2.1/../../../../arm-none-eabi/lib/thumb/v7e-m+dp/hard/libc_nano.a(libc_a-stdio.o)
                              /opt/arm-gcc/bin/../lib/gcc/arm-none-eabi/14.2.1/../../../../arm-none-eabi/lib/thumb/v7e-m+dp/hard/libc_nano.a(libc_a-findfp.o) (__sread)
/opt/arm-gcc/bin/../lib/gcc/arm-none-eabi/14.2.1/../../../../arm-none-eabi/lib/thumb/v7e-m+dp/hard/libc_nano.a(libc_a-vsnprintf.o)
                              build/Standalone/Src/debug.o (vsnprintf)
/opt/arm-gcc/bin/../lib/gcc/arm-none-eabi/14.2.1/../../../../arm-none-eabi/lib/thumb/v7e-m+dp/hard/libc_nano.a(libc_a-wbuf.o)
                              /opt/arm-gcc/bin/../lib/gcc/arm-none-eabi/14.2.1/../../../../arm-none-eabi/lib/thumb/v7e-m+dp/hard/libc_nano.a(libc_a-puts.o) (__swbuf_r)
/opt/arm-gcc/bin/../lib/gcc/arm-none-eabi/14.2.1/../../../../arm-none-eabi/lib/thumb/v7e-m+dp/hard/libc_nano.a(libc_a-wsetup.o)
                              /opt/arm-gcc/bin/../lib/gcc/arm-none-eabi/14.2.1/../../../../arm-none-eabi/lib/thumb/v7e-m+dp/hard/libc_nano.a(libc_a-puts.o) (__swsetup_r)
/opt/arm-gcc/bin/../lib/gcc/arm-none-eabi/14.2.1/../../../../arm-none-eabi/lib/thumb/v7e-m+dp/hard/libc_nano.a(libc_a-memset.o)
                              /opt/arm-gcc/bin/../lib/gcc/arm-none-eabi/14.2.1/../../../../arm-none-eabi/lib/thumb/v7e-m+dp/hard/crt0.o (memset)
/opt/arm-gcc/bin/../lib/gcc/arm-none-eabi/14.2.1/../../../../arm-none-eabi/lib/thumb/v7e-m+dp/hard/libc_nano.a(libc_a-strncmp.o)
                              build/Standalone/Src/FreeRTOS_CLI.o (strncmp)
/opt/arm-gcc/bin/../lib/gcc/arm-none-eabi/14.2.1/../../../../arm-none-eabi/lib/thumb/v7e-m+dp/hard/libc_nano.a(libc_a-closer.o)
                              /opt/arm-gcc/bin/../lib/gcc/arm-none-eabi/14.2.1/../../../../arm-none-eabi/lib/thumb/v7e-m+dp/hard/libc_nano.a(libc_a-stdio.o) (_close_r)
/opt/arm-gcc/bin/../lib/gcc/arm-none-eabi/14.2.1/../../../../arm-none-eabi/lib/thumb/v7e-m+dp/hard/libc_nano.a(libc_a-reent.o)
                              /opt/arm-gcc/bin/../lib/gcc/arm-none-eabi/14.2.1/../../../../arm-none-eabi/lib/thumb/v7e-m+dp/hard/libc_nano.a(libc_a-closer.o) (errno)
/opt/arm-gcc/bin/../lib/gcc/arm-none-eabi/14.2.1/../../../../arm-none-eabi/lib/thumb/v7e-m+dp/hard/libc_nano.a(libc_a-impure.o)
                              /opt/arm-gcc/bin/../lib/gcc/arm-none-eabi/14.2.1/../../../../arm-none-eabi/lib/thumb/v7e-m+dp/hard/libc_nano.a(libc_a-printf.o) (_impure_ptr)
/opt/arm-gcc/bin/../lib/gcc/arm-none-eabi/14.2.1/../../../../arm-none-eabi/lib/thumb/v7e-m+dp/hard/libc_nano.a(libc_a-lseekr.o)
                              /opt/arm-gcc/bin/../lib/gcc/arm-none-eabi/14.2.1/../../../../arm-none-eabi/lib/thumb/v7e-m+dp/hard/libc_nano.a(libc_a-stdio.o) (_lseek_r)
/opt/arm-gcc/bin/../lib/gcc/arm-none-eabi/14.2.1/../../../../arm-none-eabi/lib/thumb/v7e-m+dp/hard/libc_nano.a(libc_a-readr.o)
                              /opt/arm-gcc/bin/../lib/gcc/arm-none-eabi/14.2.1/../../../../arm-none-eabi/lib/thumb/v7e-m+dp/hard/libc_nano.a(libc_a-stdio.o) (_read_r)
[...]
Memory Configuration

Name             Origin             Length             Attributes
RAM              0x20000000         0x00080000         xrw
FLASH            0x08000000         0x00200000         xr
*default*        0x00000000         0xffffffff

Linker script and memory map

LOAD /opt/arm-gcc/bin/../lib/gcc/arm-none-eabi/14.2.1/thumb/v7e-m+dp/hard/crti.o
LOAD /opt/arm-gcc/bin/../lib/gcc/arm-none-eabi/14.2.1/thumb/v7e-m+dp/hard/crtbegin.o
LOAD /opt/arm-gcc/bin/../lib/gcc/arm-none-eabi/14.2.1/../../../../arm-none-eabi/lib/thumb/v7e-m+dp/hard/crt0.o
LOAD build/Src/userInit.o
LOAD build/Src/mainTaskEntry.o
LOAD build/Src/errorHandler.o
LOAD build/Src/hilCli.o
LOAD build/Src/uartBus.o
LOAD build/Src/i2cBus.o
LOAD build/Src/spiBus.o
LOAD build/Src/i2c_dac.o
LOAD build/Standalone/Src/debug.o
LOAD build/Standalone/Src/FreeRTOS_CLI.o
LOAD build/Standalone/Src/openocdHack.o
LOAD build/Cube-F7-Src-respin/Core/Src/main.o
LOAD build/Cube-F7-Src-respin/Core/Src/gpio.o
LOAD build/Cube-F7-Src-respin/Core/Src/freertos.o
LOAD build/Cube-F7-Src-respin/Core/Src/dma.o
LOAD build/Cube-F7-Src-respin/Core/Src/can.o
LOAD build/Cube-F7-Src-respin/Core/Src/dac.o
LOAD build/Cube-F7-Src-respin/Core/Src/i2c.o
LOAD build/Cube-F7-Src-respin/Core/Src/spi.o
LOAD build/Cube-F7-Src-respin/Core/Src/tim.o
LOAD build/Cube-F7-Src-respin/Core/Src/usart.o
LOAD build/Cube-F7-Src-respin/Core/Src/stm32f7xx_it.o
LOAD build/Cube-F7-Src-respin/Core/Src/stm32f7xx_hal_msp.o
LOAD build/Cube-F7-Src-respin/Core/Src/stm32f7xx_hal_timebase_tim.o
LOAD build/Cube-F7-Src-respin/Core/Src/system_stm32f7xx.o
LOAD build/Cube-F7-Src-respin/Core/Src/syscalls.o
LOAD build/Cube-F7-Src-respin/Core/Src/sysmem.o
LOAD build/Cube-F7-Src-respin/Drivers/STM32F7xx_HAL_Driver/Src/stm32f7xx_hal.o
LOAD build/Cube-F7-Src-respin/Drivers/STM32F7xx_HAL_Driver/Src/stm32f7xx_hal_cortex.o
LOAD build/Cube-F7-Src-respin/Drivers/STM32F7xx_HAL_Driver/Src/stm32f7xx_hal_rcc.o
LOAD build/Cube-F7-Src-respin/Drivers/STM32F7xx_HAL_Driver/Src/stm32f7xx_hal_rcc_ex.o
LOAD build/Cube-F7-Src-respin/Drivers/STM32F7xx_HAL_Driver/Src/stm32f7xx_hal_flash.o
LOAD build/Cube-F7-Src-respin/Drivers/STM32F7xx_HAL_Driver/Src/stm32f7xx_hal_flash_ex.o
LOAD build/Cube-F7-Src-respin/Drivers/STM32F7xx_HAL_Driver/Src/stm32f7xx_hal_gpio.o
LOAD build/Cube-F7-Src-respin/Drivers/STM32F7xx_HAL_Driver/Src/stm32f7xx_hal_dma.o
LOAD build/Cube-F7-Src-respin/Drivers/STM32F7xx_HAL_Driver/Src/stm32f7xx_hal_dma_ex.o
LOAD build/Cube-F7-Src-respin/Drivers/STM32F7xx_HAL_Driver/Src/stm32f7xx_hal_pwr.o
LOAD build/Cube-F7-Src-respin/Drivers/STM32F7xx_HAL_Driver/Src/stm32f7xx_hal_pwr_ex.o
LOAD build/Cube-F7-Src-respin/Drivers/STM32F7xx_HAL_Driver/Src/stm32f7xx_hal_exti.o
LOAD build/Cube-F7-Src-respin/Drivers/STM32F7xx_HAL_Driver/Src/stm32f7xx_hal_tim.o
LOAD build/Cube-F7-Src-respin/Drivers/STM32F7xx_HAL_Driver/Src/stm32f7xx_hal_tim_ex.o
LOAD build/Cube-F7-Src-respin/Drivers/STM32F7xx_HAL_Driver/Src/stm32f7xx_hal_can.o
LOAD build/Cube-F7-Src-respin/Drivers/STM32F7xx_HAL_Driver/Src/stm32f7xx_hal_i2c.o
LOAD build/Cube-F7-Src-respin/Drivers/STM32F7xx_HAL_Driver/Src/stm32f7xx_hal_i2c_ex.o
LOAD build/Cube-F7-Src-respin/Drivers/STM32F7xx_HAL_Driver/Src/stm32f7xx_hal_dac.o
LOAD build/Cube-F7-Src-respin/Drivers/STM32F7xx_HAL_Driver/Src/stm32f7xx_hal_dac_ex.o
LOAD build/Cube-F7-Src-respin/Drivers/STM32F7xx_HAL_Driver/Src/stm32f7xx_hal_spi.o
LOAD build/Cube-F7-Src-respin/Drivers/STM32F7xx_HAL_Driver/Src/stm32f7xx_hal_spi_ex.o
LOAD build/Cube-F7-Src-respin/Drivers/STM32F7xx_HAL_Driver/Src/stm32f7xx_hal_uart.o
LOAD build/Cube-F7-Src-respin/Drivers/STM32F7xx_HAL_Driver/Src/stm32f7xx_hal_uart_ex.o
LOAD build/Cube-F7-Src-respin/Middlewares/Third_Party/FreeRTOS/Source/croutine.o
LOAD build/Cube-F7-Src-respin/Middlewares/Third_Party/FreeRTOS/Source/event_groups.o
LOAD build/Cube-F7-Src-respin/Middlewares/Third_Party/FreeRTOS/Source/list.o
LOAD build/Cube-F7-Src-respin/Middlewares/Third_Party/FreeRTOS/Source/queue.o
LOAD build/Cube-F7-Src-respin/Middlewares/Third_Party/FreeRTOS/Source/stream_buffer.o
LOAD build/Cube-F7-Src-respin/Middlewares/Third_Party/FreeRTOS/Source/tasks.o
LOAD build/Cube-F7-Src-respin/Middlewares/Third_Party/FreeRTOS/Source/timers.o
LOAD build/Cube-F7-Src-respin/Middlewares/Third_Party/FreeRTOS/Source/CMSIS_RTOS/cmsis_os.o
LOAD build/Cube-F7-Src-respin/Middlewares/Third_Party/FreeRTOS/Source/portable/MemMang/heap_4.o
LOAD build/Cube-F7-Src-respin/Middlewares/Third_Party/FreeRTOS/Source/portable/GCC/ARM_CM7/r0p1/port.o
LOAD build/Cube-F7-Src-respin/startup_stm32f769xx.o
LOAD /opt/arm-gcc/bin/../lib/gcc/arm-none-eabi/14.2.1/../../../../arm-none-eabi/lib/thumb/v7e-m+dp/hard/libc_nano.a
LOAD /opt/arm-gcc/bin/../lib/gcc/arm-none-eabi/14.2.1/../../../../arm-none-eabi/lib/thumb/v7e-m+dp/hard/libm.a
LOAD /opt/arm-gcc/bin/../lib/gcc/arm-none-eabi/14.2.1/../../../../arm-none-eabi/lib/thumb/v7e-m+dp/hard/libnosys.a
START GROUP
LOAD /opt/arm-gcc/bin/../lib/gcc/arm-none-eabi/14.2.1/thumb/v7e-m+dp/hard/libgcc.a
LOAD /opt/arm-gcc/bin/../lib/gcc/arm-none-eabi/14.2.1/../../../../arm-none-eabi/lib/thumb/v7e-m+dp/hard/libc_nano.a
END GROUP
START GROUP
LOAD /opt/arm-gcc/bin/../lib/gcc/arm-none-eabi/14.2.1/thumb/v7e-m+dp/hard/libgcc.a
LOAD /opt/arm-gcc/bin/../lib/gcc/arm-none-eabi/14.2.1/../../../../arm-none-eabi/lib/thumb/v7e-m+dp/hard/libc_nano.a
END GROUP
LOAD /opt/arm-gcc/bin/../lib/gcc/arm-none-eabi/14.2.1/thumb/v7e-m+dp/hard/crtend.o
LOAD /opt/arm-gcc/bin/../lib/gcc/arm-none-eabi/14.2.1/thumb/v7e-m+dp/hard/crtn.o
                0x20080000                        _estack = (ORIGIN (RAM) + LENGTH (RAM))
                0x00000200                        _Min_Heap_Size = 0x200
                0x00000400                        _Min_Stack_Size = 0x400

.isr_vector     0x08000000      0x1f8
                0x08000000                        . = ALIGN (0x4)
 *(.isr_vector)
 .isr_vector    0x08000000      0x1f8 build/Cube-F7-Src-respin/startup_stm32f769xx.o
                0x08000000                g_pfnVectors
                0x080001f8                        . = ALIGN (0x4)

.text           0x08000200     0x99c8
                0x08000200                        . = ALIGN (0x4)
 *(.text)
 .text          0x08000200       0x10 /opt/arm-gcc/bin/../lib/gcc/arm-none-eabi/14.2.1/../../../../arm-none-eabi/lib/thumb/v7e-m+dp/hard/libc_nano.a(libc_a-strlen.o)
                0x08000200                strlen
 .text          0x08000210       0xa0 /opt/arm-gcc/bin/../lib/gcc/arm-none-eabi/14.2.1/../../../../arm-none-eabi/lib/thumb/v7e-m+dp/hard/libc_nano.a(libc_a-memchr.o)
                0x08000210                memchr
 .text          0x080002b0       0x30 /opt/arm-gcc/bin/../lib/gcc/arm-none-eabi/14.2.1/thumb/v7e-m+dp/hard/libgcc.a(_aeabi_uldivmod.o)
                0x080002b0                __aeabi_uldivmod
 .text          0x080002e0        0x4 /opt/arm-gcc/bin/../lib/gcc/arm-none-eabi/14.2.1/thumb/v7e-m+dp/hard/libgcc.a(_dvmd_tls.o)
                0x080002e0                __aeabi_ldiv0
                0x080002e0                __aeabi_idiv0
 *(.text*)
 .text.deregister_tm_clones
                0x080002e4       0x1c /opt/arm-gcc/bin/../lib/gcc/arm-none-eabi/14.2.1/thumb/v7e-m+dp/hard/crtbegin.o
 .text.register_tm_clones
                0x08000300       0x24 /opt/arm-gcc/bin/../lib/gcc/arm-none-eabi/14.2.1/thumb/v7e-m+dp/hard/crtbegin.o
 .text.__do_global_dtors_aux
                0x08000324       0x28 /opt/arm-gcc/bin/../lib/gcc/arm-none-eabi/14.2.1/thumb/v7e-m+dp/hard/crtbegin.o
 .text.frame_dummy
                0x0800034c       0x24 /opt/arm-gcc/bin/../lib/gcc/arm-none-eabi/14.2.1/thumb/v7e-m+dp/hard/crtbegin.o
 .text.vApplicationStackOverflowHook
                0x08000370       0x24 build/Src/userInit.o
                0x08000370                vApplicationStackOverflowHook
 .text.userInit
                0x08000394       0x48 build/Src/userInit.o
                0x08000394                userInit
 .text.mainTaskFunction
                0x080003dc       0x30 build/Src/mainTaskEntry.o
                0x080003dc                mainTaskFunction
 .text.getDecimalFromParam
                0x0800040c       0x2c build/Src/hilCli.o
 .text.i2cDacRampCommand
                0x08000438       0xa8 build/Src/hilCli.o
 .text.getHexFromParam
                0x080004e0       0x2c build/Src/hilCli.o
 .text.i2cDacSetCodeCommand
                0x0800050c       0x60 build/Src/hilCli.o
 .text.getBusFromParam
                0x0800056c       0x38 build/Src/hilCli.o
 .text.i2cDacSetVoltageCommand
                0x080005a4       0x64 build/Src/hilCli.o
 .text.i2cDacProbeCommand
                0x08000608       0x30 build/Src/hilCli.o
 .text.i2cScanCommand
                0x08000638       0x84 build/Src/hilCli.o
 .text.hilCliInit
                0x080006bc       0x28 build/Src/hilCli.o
                0x080006bc                hilCliInit
 .text.uartBusInit
                0x080006e4       0x94 build/Src/uartBus.o
                0x080006e4                uartBusInit
 .text.uartBusWritePolled
                0x08000778       0x20 build/Src/uartBus.o
                0x08000778                uartBusWritePolled
 .text.uartBusWrite
                0x08000798       0x68 build/Src/uartBus.o
                0x08000798                uartBusWrite
 .text.uartBusReadByte
                0x08000800       0x28 build/Src/uartBus.o
                0x08000800                uartBusReadByte
 .text.HAL_UART_RxCpltCallback
                0x08000828       0x50 build/Src/uartBus.o
                0x08000828                HAL_UART_RxCpltCallback
 .text.getI2cHandle
                0x08000878       0x28 build/Src/i2cBus.o
 .text.i2cIsDeviceReady
                0x080008a0       0x28 build/Src/i2cBus.o
                0x080008a0                i2cIsDeviceReady
 .text.buildOutputFrame
                0x080008c8       0x34 build/Src/i2c_dac.o
 .text.transmitFrame
                0x080008fc       0x2c build/Src/i2c_dac.o
 .text.activateDAC
                0x08000928       0x2c build/Src/i2c_dac.o
 .text.i2cDacInit
                0x08000954       0x18 build/Src/i2c_dac.o
                0x08000954                i2cDacInit
 .text.i2cDacProbe
                0x0800096c        0xc build/Src/i2c_dac.o
                0x0800096c                i2cDacProbe
 .text.i2cDacSetCode
                0x08000978       0x2c build/Src/i2c_dac.o
                0x08000978                i2cDacSetCode
 .text.i2cDacSetMillivolts
                0x080009a4       0x24 build/Src/i2c_dac.o
                0x080009a4                i2cDacSetMillivolts
 .text.__NVIC_SystemReset
                0x080009c8       0x24 build/Standalone/Src/debug.o
 .text.clampFormatLength
                0x080009ec       0x12 build/Standalone/Src/debug.o
 *fill*         0x080009fe        0x2 
 .text.resetCommand
                0x08000a00       0x14 build/Standalone/Src/debug.o
 .text.queueBytes
                0x08000a14       0x3c build/Standalone/Src/debug.o
 .text.queueBytesBlocking
                0x08000a50       0x48 build/Standalone/Src/debug.o
 .text.runCommandLine
                0x08000a98       0x28 build/Standalone/Src/debug.o
 .text.registerBuiltinCommands
                0x08000ac0       0x28 build/Standalone/Src/debug.o
 .text.versionCommand
                0x08000ae8       0x10 build/Standalone/Src/debug.o
 .text.statsCommand
                0x08000af8       0x20 build/Standalone/Src/debug.o
 .text.taskListCommand
                0x08000b18       0x20 build/Standalone/Src/debug.o
 .text.heapCommand
                0x08000b38       0x2c build/Standalone/Src/debug.o
 .text.debugPrint
                0x08000b64       0x74 build/Standalone/Src/debug.o
                0x08000b64                debugPrint
 .text.__io_putchar
                0x08000bd8       0x1a build/Standalone/Src/debug.o
                0x08000bd8                __io_putchar
 *fill*         0x08000bf2        0x2 
 .text.printTask
                0x08000bf4       0x28 build/Standalone/Src/debug.o
                0x08000bf4                printTask
 .text.cliTask  0x08000c1c       0xbc build/Standalone/Src/debug.o
                0x08000c1c                cliTask
 .text.configureTimerForRunTimeStats
                0x08000cd8       0x48 build/Standalone/Src/debug.o
                0x08000cd8                configureTimerForRunTimeStats
 .text.getRunTimeCounterValue
                0x08000d20       0x30 build/Standalone/Src/debug.o
                0x08000d20                getRunTimeCounterValue
 .text.debugInit
                0x08000d50       0x38 build/Standalone/Src/debug.o
                0x08000d50                debugInit
 .text.countParameters
                0x08000d88       0x2c build/Standalone/Src/FreeRTOS_CLI.o
 .text.helpCommand
                0x08000db4       0x50 build/Standalone/Src/FreeRTOS_CLI.o
 .text.FreeRTOS_CLIRegisterCommand
                0x08000e04       0x5c build/Standalone/Src/FreeRTOS_CLI.o
                0x08000e04                FreeRTOS_CLIRegisterCommand
 .text.FreeRTOS_CLIGetParameter
                0x08000e60       0x64 build/Standalone/Src/FreeRTOS_CLI.o
                0x08000e60                FreeRTOS_CLIGetParameter
 .text.FreeRTOS_CLIProcessCommand
                0x08000ec4       0xdc build/Standalone/Src/FreeRTOS_CLI.o
                0x08000ec4                FreeRTOS_CLIProcessCommand
 .text.MPU_Config
                0x08000fa0       0x52 build/Cube-F7-Src-respin/Core/Src/main.o
 *fill*         0x08000ff2        0x2 
 .text.HAL_TIM_PeriodElapsedCallback
                0x08000ff4       0x18 build/Cube-F7-Src-respin/Core/Src/main.o
                0x08000ff4                HAL_TIM_PeriodElapsedCallback
 .text.Error_Handler
                0x0800100c        0x4 build/Cube-F7-Src-respin/Core/Src/main.o
                0x0800100c                Error_Handler
 .text.SystemClock_Config
                0x08001010       0xb0 build/Cube-F7-Src-respin/Core/Src/main.o
                0x08001010                SystemClock_Config
 .text.main     0x080010c0       0x5c build/Cube-F7-Src-respin/Core/Src/main.o
                0x080010c0                main
 .text.MX_GPIO_Init
                0x0800111c      0x238 build/Cube-F7-Src-respin/Core/Src/gpio.o
                0x0800111c                MX_GPIO_Init
 .text.defaultTaskFunction
                0x08001354        0xa build/Cube-F7-Src-respin/Core/Src/freertos.o
                0x08001354                defaultTaskFunction
 *fill*         0x0800135e        0x2 
 .text.vApplicationGetIdleTaskMemory
                0x08001360       0x18 build/Cube-F7-Src-respin/Core/Src/freertos.o
                0x08001360                vApplicationGetIdleTaskMemory
 .text.MX_FREERTOS_Init
                0x08001378       0xac build/Cube-F7-Src-respin/Core/Src/freertos.o
                0x08001378                MX_FREERTOS_Init
 .text.MX_DMA_Init
                0x08001424       0x44 build/Cube-F7-Src-respin/Core/Src/dma.o
                0x08001424                MX_DMA_Init
 .text.MX_CAN1_Init
                0x08001468       0x48 build/Cube-F7-Src-respin/Core/Src/can.o
                0x08001468                MX_CAN1_Init
 .text.MX_CAN2_Init
                0x080014b0       0x48 build/Cube-F7-Src-respin/Core/Src/can.o
                0x080014b0                MX_CAN2_Init
 .text.MX_CAN3_Init
                0x080014f8       0x3c build/Cube-F7-Src-respin/Core/Src/can.o
                0x080014f8                MX_CAN3_Init
 .text.HAL_CAN_MspInit
                0x08001534      0x180 build/Cube-F7-Src-respin/Core/Src/can.o
                0x08001534                HAL_CAN_MspInit
 .text.MX_DAC_Init
                0x080016b4       0x54 build/Cube-F7-Src-respin/Core/Src/dac.o
                0x080016b4                MX_DAC_Init
 .text.HAL_DAC_MspInit
                0x08001708       0x60 build/Cube-F7-Src-respin/Core/Src/dac.o
                0x08001708                HAL_DAC_MspInit
 .text.MX_I2C1_Init
                0x08001768       0x58 build/Cube-F7-Src-respin/Core/Src/i2c.o
                0x08001768                MX_I2C1_Init
 .text.MX_I2C2_Init
                0x080017c0       0x58 build/Cube-F7-Src-respin/Core/Src/i2c.o
                0x080017c0                MX_I2C2_Init
 .text.MX_I2C3_Init
                0x08001818       0x58 build/Cube-F7-Src-respin/Core/Src/i2c.o
                0x08001818                MX_I2C3_Init
 .text.HAL_I2C_MspInit
                0x08001870      0x158 build/Cube-F7-Src-respin/Core/Src/i2c.o
                0x08001870                HAL_I2C_MspInit
 .text.MX_SPI4_Init
                0x080019c8       0x4c build/Cube-F7-Src-respin/Core/Src/spi.o
                0x080019c8                MX_SPI4_Init
 .text.MX_SPI5_Init
                0x08001a14       0x4c build/Cube-F7-Src-respin/Core/Src/spi.o
                0x08001a14                MX_SPI5_Init
 .text.HAL_SPI_MspInit
                0x08001a60       0xbc build/Cube-F7-Src-respin/Core/Src/spi.o
                0x08001a60                HAL_SPI_MspInit
 .text.MX_TIM7_Init
                0x08001b1c       0x50 build/Cube-F7-Src-respin/Core/Src/tim.o
                0x08001b1c                MX_TIM7_Init
 .text.HAL_TIM_Base_MspInit
                0x08001b6c       0x2c build/Cube-F7-Src-respin/Core/Src/tim.o
                0x08001b6c                HAL_TIM_Base_MspInit
 .text.HAL_TIM_PWM_MspInit
                0x08001b98       0x2c build/Cube-F7-Src-respin/Core/Src/tim.o
                0x08001b98                HAL_TIM_PWM_MspInit
 .text.HAL_TIM_MspPostInit
                0x08001bc4       0x58 build/Cube-F7-Src-respin/Core/Src/tim.o
                0x08001bc4                HAL_TIM_MspPostInit
 .text.MX_TIM8_Init
                0x08001c1c       0xec build/Cube-F7-Src-respin/Core/Src/tim.o
                0x08001c1c                MX_TIM8_Init
 .text.MX_UART4_Init
                0x08001d08       0x38 build/Cube-F7-Src-respin/Core/Src/usart.o
                0x08001d08                MX_UART4_Init
 .text.MX_UART7_Init
                0x08001d40       0x38 build/Cube-F7-Src-respin/Core/Src/usart.o
                0x08001d40                MX_UART7_Init
 .text.MX_USART3_UART_Init
                0x08001d78       0x38 build/Cube-F7-Src-respin/Core/Src/usart.o
                0x08001d78                MX_USART3_UART_Init
 .text.HAL_UART_MspInit
                0x08001db0      0x204 build/Cube-F7-Src-respin/Core/Src/usart.o
                0x08001db0                HAL_UART_MspInit
 .text.NMI_Handler
                0x08001fb4        0x2 build/Cube-F7-Src-respin/Core/Src/stm32f7xx_it.o
                0x08001fb4                NMI_Handler
 .text.HardFault_Handler
                0x08001fb6        0x2 build/Cube-F7-Src-respin/Core/Src/stm32f7xx_it.o
                0x08001fb6                HardFault_Handler
 .text.MemManage_Handler
                0x08001fb8        0x2 build/Cube-F7-Src-respin/Core/Src/stm32f7xx_it.o
                0x08001fb8                MemManage_Handler
 .text.BusFault_Handler
                0x08001fba        0x2 build/Cube-F7-Src-respin/Core/Src/stm32f7xx_it.o
                0x08001fba                BusFault_Handler
 .text.UsageFault_Handler
                0x08001fbc        0x2 build/Cube-F7-Src-respin/Core/Src/stm32f7xx_it.o
                0x08001fbc                UsageFault_Handler
 .text.DebugMon_Handler
                0x08001fbe        0x2 build/Cube-F7-Src-respin/Core/Src/stm32f7xx_it.o
                0x08001fbe                DebugMon_Handler
 .text.DMA1_Stream2_IRQHandler
                0x08001fc0       0x10 build/Cube-F7-Src-respin/Core/Src/stm32f7xx_it.o
                0x08001fc0                DMA1_Stream2_IRQHandler
 .text.DMA1_Stream4_IRQHandler
                0x08001fd0       0x10 build/Cube-F7-Src-respin/Core/Src/stm32f7xx_it.o
                0x08001fd0                DMA1_Stream4_IRQHandler
 .text.TIM1_UP_TIM10_IRQHandler
                0x08001fe0       0x10 build/Cube-F7-Src-respin/Core/Src/stm32f7xx_it.o
                0x08001fe0                TIM1_UP_TIM10_IRQHandler
 .text.CAN3_TX_IRQHandler
                0x08001ff0       0x10 build/Cube-F7-Src-respin/Core/Src/stm32f7xx_it.o
                0x08001ff0                CAN3_TX_IRQHandler
 .text.CAN3_RX0_IRQHandler
                0x08002000       0x10 build/Cube-F7-Src-respin/Core/Src/stm32f7xx_it.o
                0x08002000                CAN3_RX0_IRQHandler
 .text.CAN3_RX1_IRQHandler
                0x08002010       0x10 build/Cube-F7-Src-respin/Core/Src/stm32f7xx_it.o
                0x08002010                CAN3_RX1_IRQHandler
 .text.CAN3_SCE_IRQHandler
                0x08002020       0x10 build/Cube-F7-Src-respin/Core/Src/stm32f7xx_it.o
                0x08002020                CAN3_SCE_IRQHandler
 .text.HAL_MspInit
                0x08002030       0x40 build/Cube-F7-Src-respin/Core/Src/stm32f7xx_hal_msp.o
                0x08002030                HAL_MspInit
 .text.HAL_InitTick
                0x08002070       0x94 build/Cube-F7-Src-respin/Core/Src/stm32f7xx_hal_timebase_tim.o
                0x08002070                HAL_InitTick
 .text.SystemInit
                0x08002104       0x14 build/Cube-F7-Src-respin/Core/Src/system_stm32f7xx.o
                0x08002104                SystemInit
 .text._read    0x08002118       0x20 build/Cube-F7-Src-respin/Core/Src/syscalls.o
                0x08002118                _read
 .text._write   0x08002138       0x1c build/Cube-F7-Src-respin/Core/Src/syscalls.o
                0x08002138                _write
 .text._close   0x08002154        0x6 build/Cube-F7-Src-respin/Core/Src/syscalls.o
                0x08002154                _close
 .text._fstat   0x0800215a        0xa build/Cube-F7-Src-respin/Core/Src/syscalls.o
                0x0800215a                _fstat
 .text._isatty  0x08002164        0x4 build/Cube-F7-Src-respin/Core/Src/syscalls.o
                0x08002164                _isatty
 .text._lseek   0x08002168        0x4 build/Cube-F7-Src-respin/Core/Src/syscalls.o
                0x08002168                _lseek
 .text._sbrk    0x0800216c       0x48 build/Cube-F7-Src-respin/Core/Src/sysmem.o
                0x0800216c                _sbrk
 .text.HAL_Init
                0x080021b4       0x16 build/Cube-F7-Src-respin/Drivers/STM32F7xx_HAL_Driver/Src/stm32f7xx_hal.o
                0x080021b4                HAL_Init
 *fill*         0x080021ca        0x2 
 .text.HAL_IncTick
                0x080021cc       0x18 build/Cube-F7-Src-respin/Drivers/STM32F7xx_HAL_Driver/Src/stm32f7xx_hal.o
                0x080021cc                HAL_IncTick
 .text.HAL_GetTick
                0x080021e4        0xc build/Cube-F7-Src-respin/Drivers/STM32F7xx_HAL_Driver/Src/stm32f7xx_hal.o
                0x080021e4                HAL_GetTick
 .text.__NVIC_SetPriority
                0x080021f0       0x24 build/Cube-F7-Src-respin/Drivers/STM32F7xx_HAL_Driver/Src/stm32f7xx_hal_cortex.o
 .text.NVIC_EncodePriority
                0x08002214       0x3e build/Cube-F7-Src-respin/Drivers/STM32F7xx_HAL_Driver/Src/stm32f7xx_hal_cortex.o
 *fill*         0x08002252        0x2 
 .text.HAL_NVIC_SetPriorityGrouping
                0x08002254       0x24 build/Cube-F7-Src-respin/Drivers/STM32F7xx_HAL_Driver/Src/stm32f7xx_hal_cortex.o
                0x08002254                HAL_NVIC_SetPriorityGrouping
 .text.HAL_NVIC_SetPriority
                0x08002278       0x20 build/Cube-F7-Src-respin/Drivers/STM32F7xx_HAL_Driver/Src/stm32f7xx_hal_cortex.o
                0x08002278                HAL_NVIC_SetPriority
 .text.HAL_NVIC_EnableIRQ
                0x08002298       0x1c build/Cube-F7-Src-respin/Drivers/STM32F7xx_HAL_Driver/Src/stm32f7xx_hal_cortex.o
                0x08002298                HAL_NVIC_EnableIRQ
 .text.HAL_MPU_Disable
                0x080022b4       0x1c build/Cube-F7-Src-respin/Drivers/STM32F7xx_HAL_Driver/Src/stm32f7xx_hal_cortex.o
                0x080022b4                HAL_MPU_Disable
 .text.HAL_MPU_Enable
                0x080022d0       0x20 build/Cube-F7-Src-respin/Drivers/STM32F7xx_HAL_Driver/Src/stm32f7xx_hal_cortex.o
                0x080022d0                HAL_MPU_Enable
 .text.HAL_MPU_ConfigRegion
                0x080022f0       0x58 build/Cube-F7-Src-respin/Drivers/STM32F7xx_HAL_Driver/Src/stm32f7xx_hal_cortex.o
                0x080022f0                HAL_MPU_ConfigRegion
 .text.HAL_RCC_OscConfig
                0x08002348      0x444 build/Cube-F7-Src-respin/Drivers/STM32F7xx_HAL_Driver/Src/stm32f7xx_hal_rcc.o
                0x08002348                HAL_RCC_OscConfig
 .text.HAL_RCC_GetSysClockFreq
                0x0800278c       0xdc build/Cube-F7-Src-respin/Drivers/STM32F7xx_HAL_Driver/Src/stm32f7xx_hal_rcc.o
                0x0800278c                HAL_RCC_GetSysClockFreq
 .text.HAL_RCC_ClockConfig
                0x08002868      0x16c build/Cube-F7-Src-respin/Drivers/STM32F7xx_HAL_Driver/Src/stm32f7xx_hal_rcc.o
                0x08002868                HAL_RCC_ClockConfig
 .text.HAL_RCC_GetHCLKFreq
                0x080029d4        0xc build/Cube-F7-Src-respin/Drivers/STM32F7xx_HAL_Driver/Src/stm32f7xx_hal_rcc.o
                0x080029d4                HAL_RCC_GetHCLKFreq
 .text.HAL_RCC_GetPCLK1Freq
                0x080029e0       0x20 build/Cube-F7-Src-respin/Drivers/STM32F7xx_HAL_Driver/Src/stm32f7xx_hal_rcc.o
                0x080029e0                HAL_RCC_GetPCLK1Freq
 .text.HAL_RCC_GetPCLK2Freq
                0x08002a00       0x20 build/Cube-F7-Src-respin/Drivers/STM32F7xx_HAL_Driver/Src/stm32f7xx_hal_rcc.o
                0x08002a00                HAL_RCC_GetPCLK2Freq
 .text.HAL_RCC_GetClockConfig
                0x08002a20       0x3c build/Cube-F7-Src-respin/Drivers/STM32F7xx_HAL_Driver/Src/stm32f7xx_hal_rcc.o
                0x08002a20                HAL_RCC_GetClockConfig
 .text.HAL_RCCEx_PeriphCLKConfig
                0x08002a5c      0x600 build/Cube-F7-Src-respin/Drivers/STM32F7xx_HAL_Driver/Src/stm32f7xx_hal_rcc_ex.o
                0x08002a5c                HAL_RCCEx_PeriphCLKConfig
 .text.HAL_GPIO_Init
                0x0800305c      0x204 build/Cube-F7-Src-respin/Drivers/STM32F7xx_HAL_Driver/Src/stm32f7xx_hal_gpio.o
                0x0800305c                HAL_GPIO_Init
 .text.HAL_GPIO_WritePin
                0x08003260        0xc build/Cube-F7-Src-respin/Drivers/STM32F7xx_HAL_Driver/Src/stm32f7xx_hal_gpio.o
                0x08003260                HAL_GPIO_WritePin
 .text.HAL_GPIO_TogglePin
                0x0800326c       0x12 build/Cube-F7-Src-respin/Drivers/STM32F7xx_HAL_Driver/Src/stm32f7xx_hal_gpio.o
                0x0800326c                HAL_GPIO_TogglePin
 .text.DMA_SetConfig
                0x0800327e       0x2c build/Cube-F7-Src-respin/Drivers/STM32F7xx_HAL_Driver/Src/stm32f7xx_hal_dma.o
 *fill*         0x080032aa        0x2 
 .text.DMA_CalcBaseAndBitshift
                0x080032ac       0x3c build/Cube-F7-Src-respin/Drivers/STM32F7xx_HAL_Driver/Src/stm32f7xx_hal_dma.o
 .text.DMA_CheckFifoParam
                0x080032e8       0x8e build/Cube-F7-Src-respin/Drivers/STM32F7xx_HAL_Driver/Src/stm32f7xx_hal_dma.o
 *fill*         0x08003376        0x2 
 .text.HAL_DMA_Init
                0x08003378       0xd0 build/Cube-F7-Src-respin/Drivers/STM32F7xx_HAL_Driver/Src/stm32f7xx_hal_dma.o
                0x08003378                HAL_DMA_Init
 .text.HAL_DMA_Start_IT
                0x08003448       0x72 build/Cube-F7-Src-respin/Drivers/STM32F7xx_HAL_Driver/Src/stm32f7xx_hal_dma.o
                0x08003448                HAL_DMA_Start_IT
 *fill*         0x080034ba        0x2 
 .text.HAL_DMA_IRQHandler
                0x080034bc      0x1dc build/Cube-F7-Src-respin/Drivers/STM32F7xx_HAL_Driver/Src/stm32f7xx_hal_dma.o
                0x080034bc                HAL_DMA_IRQHandler
 .text.HAL_PWREx_EnableOverDrive
                0x08003698       0x7c build/Cube-F7-Src-respin/Drivers/STM32F7xx_HAL_Driver/Src/stm32f7xx_hal_pwr_ex.o
                0x08003698                HAL_PWREx_EnableOverDrive
 .text.TIM_OC1_SetConfig
                0x08003714       0x68 build/Cube-F7-Src-respin/Drivers/STM32F7xx_HAL_Driver/Src/stm32f7xx_hal_tim.o
 .text.TIM_OC3_SetConfig
                0x0800377c       0x70 build/Cube-F7-Src-respin/Drivers/STM32F7xx_HAL_Driver/Src/stm32f7xx_hal_tim.o
 .text.TIM_OC4_SetConfig
                0x080037ec       0x54 build/Cube-F7-Src-respin/Drivers/STM32F7xx_HAL_Driver/Src/stm32f7xx_hal_tim.o
 .text.TIM_OC5_SetConfig
                0x08003840       0x54 build/Cube-F7-Src-respin/Drivers/STM32F7xx_HAL_Driver/Src/stm32f7xx_hal_tim.o
 .text.TIM_OC6_SetConfig
                0x08003894       0x54 build/Cube-F7-Src-respin/Drivers/STM32F7xx_HAL_Driver/Src/stm32f7xx_hal_tim.o
 .text.HAL_TIM_Base_Start
                0x080038e8       0x84 build/Cube-F7-Src-respin/Drivers/STM32F7xx_HAL_Driver/Src/stm32f7xx_hal_tim.o
                0x080038e8                HAL_TIM_Base_Start
 .text.HAL_TIM_Base_Start_IT
                0x0800396c       0x90 build/Cube-F7-Src-respin/Drivers/STM32F7xx_HAL_Driver/Src/stm32f7xx_hal_tim.o
                0x0800396c                HAL_TIM_Base_Start_IT
 .text.HAL_TIM_OC_DelayElapsedCallback
                0x080039fc        0x2 build/Cube-F7-Src-respin/Drivers/STM32F7xx_HAL_Driver/Src/stm32f7xx_hal_tim.o
                0x080039fc                HAL_TIM_OC_DelayElapsedCallback
 .text.HAL_TIM_IC_CaptureCallback
                0x080039fe        0x2 build/Cube-F7-Src-respin/Drivers/STM32F7xx_HAL_Driver/Src/stm32f7xx_hal_tim.o
                0x080039fe                HAL_TIM_IC_CaptureCallback
 .text.HAL_TIM_PWM_PulseFinishedCallback
                0x08003a00        0x2 build/Cube-F7-Src-respin/Drivers/STM32F7xx_HAL_Driver/Src/stm32f7xx_hal_tim.o
                0x08003a00                HAL_TIM_PWM_PulseFinishedCallback
 .text.HAL_TIM_TriggerCallback
                0x08003a02        0x2 build/Cube-F7-Src-respin/Drivers/STM32F7xx_HAL_Driver/Src/stm32f7xx_hal_tim.o
                0x08003a02                HAL_TIM_TriggerCallback
 .text.HAL_TIM_IRQHandler
                0x08003a04      0x17a build/Cube-F7-Src-respin/Drivers/STM32F7xx_HAL_Driver/Src/stm32f7xx_hal_tim.o
                0x08003a04                HAL_TIM_IRQHandler
 *fill*         0x08003b7e        0x2 
 .text.TIM_Base_SetConfig
                0x08003b80      0x114 build/Cube-F7-Src-respin/Drivers/STM32F7xx_HAL_Driver/Src/stm32f7xx_hal_tim.o
                0x08003b80                TIM_Base_SetConfig
 .text.HAL_TIM_Base_Init
                0x08003c94       0x60 build/Cube-F7-Src-respin/Drivers/STM32F7xx_HAL_Driver/Src/stm32f7xx_hal_tim.o
                0x08003c94                HAL_TIM_Base_Init
 .text.HAL_TIM_PWM_Init
                0x08003cf4       0x60 build/Cube-F7-Src-respin/Drivers/STM32F7xx_HAL_Driver/Src/stm32f7xx_hal_tim.o
                0x08003cf4                HAL_TIM_PWM_Init
 .text.TIM_OC2_SetConfig
                0x08003d54       0x70 build/Cube-F7-Src-respin/Drivers/STM32F7xx_HAL_Driver/Src/stm32f7xx_hal_tim.o
                0x08003d54                TIM_OC2_SetConfig
 .text.HAL_TIM_PWM_ConfigChannel
                0x08003dc4      0x13a build/Cube-F7-Src-respin/Drivers/STM32F7xx_HAL_Driver/Src/stm32f7xx_hal_tim.o
                0x08003dc4                HAL_TIM_PWM_ConfigChannel
 *fill*         0x08003efe        0x2 
 .text.HAL_TIMEx_MasterConfigSynchronization
                0x08003f00       0xa0 build/Cube-F7-Src-respin/Drivers/STM32F7xx_HAL_Driver/Src/stm32f7xx_hal_tim_ex.o
                0x08003f00                HAL_TIMEx_MasterConfigSynchronization
 .text.HAL_TIMEx_ConfigBreakDeadTime
                0x08003fa0       0x90 build/Cube-F7-Src-respin/Drivers/STM32F7xx_HAL_Driver/Src/stm32f7xx_hal_tim_ex.o
                0x08003fa0                HAL_TIMEx_ConfigBreakDeadTime
 .text.HAL_TIMEx_CommutCallback
                0x08004030        0x2 build/Cube-F7-Src-respin/Drivers/STM32F7xx_HAL_Driver/Src/stm32f7xx_hal_tim_ex.o
                0x08004030                HAL_TIMEx_CommutCallback
 .text.HAL_TIMEx_BreakCallback
                0x08004032        0x2 build/Cube-F7-Src-respin/Drivers/STM32F7xx_HAL_Driver/Src/stm32f7xx_hal_tim_ex.o
                0x08004032                HAL_TIMEx_BreakCallback
 .text.HAL_TIMEx_Break2Callback
                0x08004034        0x2 build/Cube-F7-Src-respin/Drivers/STM32F7xx_HAL_Driver/Src/stm32f7xx_hal_tim_ex.o
                0x08004034                HAL_TIMEx_Break2Callback
 .text.HAL_CAN_Init
                0x08004036      0x14c build/Cube-F7-Src-respin/Drivers/STM32F7xx_HAL_Driver/Src/stm32f7xx_hal_can.o
                0x08004036                HAL_CAN_Init
 .text.HAL_CAN_TxMailbox0CompleteCallback
                0x08004182        0x2 build/Cube-F7-Src-respin/Drivers/STM32F7xx_HAL_Driver/Src/stm32f7xx_hal_can.o
                0x08004182                HAL_CAN_TxMailbox0CompleteCallback
 .text.HAL_CAN_TxMailbox1CompleteCallback
                0x08004184        0x2 build/Cube-F7-Src-respin/Drivers/STM32F7xx_HAL_Driver/Src/stm32f7xx_hal_can.o
                0x08004184                HAL_CAN_TxMailbox1CompleteCallback
 .text.HAL_CAN_TxMailbox2CompleteCallback
                0x08004186        0x2 build/Cube-F7-Src-respin/Drivers/STM32F7xx_HAL_Driver/Src/stm32f7xx_hal_can.o
                0x08004186                HAL_CAN_TxMailbox2CompleteCallback
 .text.HAL_CAN_TxMailbox0AbortCallback
                0x08004188        0x2 build/Cube-F7-Src-respin/Drivers/STM32F7xx_HAL_Driver/Src/stm32f7xx_hal_can.o
                0x08004188                HAL_CAN_TxMailbox0AbortCallback
 .text.HAL_CAN_TxMailbox1AbortCallback
                0x0800418a        0x2 build/Cube-F7-Src-respin/Drivers/STM32F7xx_HAL_Driver/Src/stm32f7xx_hal_can.o
                0x0800418a                HAL_CAN_TxMailbox1AbortCallback
 .text.HAL_CAN_TxMailbox2AbortCallback
                0x0800418c        0x2 build/Cube-F7-Src-respin/Drivers/STM32F7xx_HAL_Driver/Src/stm32f7xx_hal_can.o
                0x0800418c                HAL_CAN_TxMailbox2AbortCallback
 .text.HAL_CAN_RxFifo0MsgPendingCallback
                0x0800418e        0x2 build/Cube-F7-Src-respin/Drivers/STM32F7xx_HAL_Driver/Src/stm32f7xx_hal_can.o
                0x0800418e                HAL_CAN_RxFifo0MsgPendingCallback
 .text.HAL_CAN_RxFifo0FullCallback
                0x08004190        0x2 build/Cube-F7-Src-respin/Drivers/STM32F7xx_HAL_Driver/Src/stm32f7xx_hal_can.o
                0x08004190                HAL_CAN_RxFifo0FullCallback
 .text.HAL_CAN_RxFifo1MsgPendingCallback
                0x08004192        0x2 build/Cube-F7-Src-respin/Drivers/STM32F7xx_HAL_Driver/Src/stm32f7xx_hal_can.o
                0x08004192                HAL_CAN_RxFifo1MsgPendingCallback
 .text.HAL_CAN_RxFifo1FullCallback
                0x08004194        0x2 build/Cube-F7-Src-respin/Drivers/STM32F7xx_HAL_Driver/Src/stm32f7xx_hal_can.o
                0x08004194                HAL_CAN_RxFifo1FullCallback
 .text.HAL_CAN_SleepCallback
                0x08004196        0x2 build/Cube-F7-Src-respin/Drivers/STM32F7xx_HAL_Driver/Src/stm32f7xx_hal_can.o
                0x08004196                HAL_CAN_SleepCallback
 .text.HAL_CAN_WakeUpFromRxMsgCallback
                0x08004198        0x2 build/Cube-F7-Src-respin/Drivers/STM32F7xx_HAL_Driver/Src/stm32f7xx_hal_can.o
                0x08004198                HAL_CAN_WakeUpFromRxMsgCallback
 .text.HAL_CAN_ErrorCallback
                0x0800419a        0x2 build/Cube-F7-Src-respin/Drivers/STM32F7xx_HAL_Driver/Src/stm32f7xx_hal_can.o
                0x0800419a                HAL_CAN_ErrorCallback
 .text.HAL_CAN_IRQHandler
                0x0800419c      0x250 build/Cube-F7-Src-respin/Drivers/STM32F7xx_HAL_Driver/Src/stm32f7xx_hal_can.o
                0x0800419c                HAL_CAN_IRQHandler
 .text.I2C_Flush_TXDR
                0x080043ec       0x22 build/Cube-F7-Src-respin/Drivers/STM32F7xx_HAL_Driver/Src/stm32f7xx_hal_i2c.o
 .text.I2C_TransferConfig
                0x0800440e       0x3c build/Cube-F7-Src-respin/Drivers/STM32F7xx_HAL_Driver/Src/stm32f7xx_hal_i2c.o
 .text.I2C_IsErrorOccurred
                0x0800444a      0x118 build/Cube-F7-Src-respin/Drivers/STM32F7xx_HAL_Driver/Src/stm32f7xx_hal_i2c.o
 .text.I2C_WaitOnTXISFlagUntilTimeout
                0x08004562       0x60 build/Cube-F7-Src-respin/Drivers/STM32F7xx_HAL_Driver/Src/stm32f7xx_hal_i2c.o
 .text.I2C_WaitOnFlagUntilTimeout
                0x080045c2       0x7c build/Cube-F7-Src-respin/Drivers/STM32F7xx_HAL_Driver/Src/stm32f7xx_hal_i2c.o
 .text.I2C_WaitOnSTOPFlagUntilTimeout
                0x0800463e       0x5e build/Cube-F7-Src-respin/Drivers/STM32F7xx_HAL_Driver/Src/stm32f7xx_hal_i2c.o
 .text.HAL_I2C_Init
                0x0800469c       0xc8 build/Cube-F7-Src-respin/Drivers/STM32F7xx_HAL_Driver/Src/stm32f7xx_hal_i2c.o
                0x0800469c                HAL_I2C_Init
 .text.HAL_I2C_Master_Transmit
                0x08004764      0x1a4 build/Cube-F7-Src-respin/Drivers/STM32F7xx_HAL_Driver/Src/stm32f7xx_hal_i2c.o
                0x08004764                HAL_I2C_Master_Transmit
 .text.HAL_I2C_IsDeviceReady
                0x08004908      0x168 build/Cube-F7-Src-respin/Drivers/STM32F7xx_HAL_Driver/Src/stm32f7xx_hal_i2c.o
                0x08004908                HAL_I2C_IsDeviceReady
 .text.HAL_I2CEx_ConfigAnalogFilter
                0x08004a70       0x5a build/Cube-F7-Src-respin/Drivers/STM32F7xx_HAL_Driver/Src/stm32f7xx_hal_i2c_ex.o
                0x08004a70                HAL_I2CEx_ConfigAnalogFilter
 .text.HAL_I2CEx_ConfigDigitalFilter
                0x08004aca       0x56 build/Cube-F7-Src-respin/Drivers/STM32F7xx_HAL_Driver/Src/stm32f7xx_hal_i2c_ex.o
                0x08004aca                HAL_I2CEx_ConfigDigitalFilter
 .text.HAL_DAC_Init
                0x08004b20       0x24 build/Cube-F7-Src-respin/Drivers/STM32F7xx_HAL_Driver/Src/stm32f7xx_hal_dac.o
                0x08004b20                HAL_DAC_Init
 .text.HAL_DAC_ConfigChannel
                0x08004b44       0x62 build/Cube-F7-Src-respin/Drivers/STM32F7xx_HAL_Driver/Src/stm32f7xx_hal_dac.o
                0x08004b44                HAL_DAC_ConfigChannel
 .text.HAL_SPI_Init
                0x08004ba6       0xe8 build/Cube-F7-Src-respin/Drivers/STM32F7xx_HAL_Driver/Src/stm32f7xx_hal_spi.o
                0x08004ba6                HAL_SPI_Init
 .text.UART_EndTxTransfer
                0x08004c8e       0x18 build/Cube-F7-Src-respin/Drivers/STM32F7xx_HAL_Driver/Src/stm32f7xx_hal_uart.o
 .text.UART_EndRxTransfer
                0x08004ca6       0x52 build/Cube-F7-Src-respin/Drivers/STM32F7xx_HAL_Driver/Src/stm32f7xx_hal_uart.o
 .text.HAL_UART_RxHalfCpltCallback
                0x08004cf8        0x2 build/Cube-F7-Src-respin/Drivers/STM32F7xx_HAL_Driver/Src/stm32f7xx_hal_uart.o
                0x08004cf8                HAL_UART_RxHalfCpltCallback
 .text.HAL_UART_ErrorCallback
                0x08004cfa        0x2 build/Cube-F7-Src-respin/Drivers/STM32F7xx_HAL_Driver/Src/stm32f7xx_hal_uart.o
                0x08004cfa                HAL_UART_ErrorCallback
 .text.UART_DMAError
                0x08004cfc       0x56 build/Cube-F7-Src-respin/Drivers/STM32F7xx_HAL_Driver/Src/stm32f7xx_hal_uart.o
 .text.HAL_UARTEx_RxEventCallback
                0x08004d52        0x2 build/Cube-F7-Src-respin/Drivers/STM32F7xx_HAL_Driver/Src/stm32f7xx_hal_uart.o
                0x08004d52                HAL_UARTEx_RxEventCallback
 .text.UART_DMARxHalfCplt
                0x08004d54       0x3e build/Cube-F7-Src-respin/Drivers/STM32F7xx_HAL_Driver/Src/stm32f7xx_hal_uart.o
 .text.UART_DMAReceiveCplt
                0x08004d92       0xb2 build/Cube-F7-Src-respin/Drivers/STM32F7xx_HAL_Driver/Src/stm32f7xx_hal_uart.o
 .text.UART_SetConfig
                0x08004e44      0x328 build/Cube-F7-Src-respin/Drivers/STM32F7xx_HAL_Driver/Src/stm32f7xx_hal_uart.o
                0x08004e44                UART_SetConfig
 .text.UART_AdvFeatureConfig
                0x0800516c       0xca build/Cube-F7-Src-respin/Drivers/STM32F7xx_HAL_Driver/Src/stm32f7xx_hal_uart.o
                0x0800516c                UART_AdvFeatureConfig
 .text.UART_WaitOnFlagUntilTimeout
                0x08005236       0xa6 build/Cube-F7-Src-respin/Drivers/STM32F7xx_HAL_Driver/Src/stm32f7xx_hal_uart.o
                0x08005236                UART_WaitOnFlagUntilTimeout
 .text.HAL_UART_Transmit
                0x080052dc       0xc6 build/Cube-F7-Src-respin/Drivers/STM32F7xx_HAL_Driver/Src/stm32f7xx_hal_uart.o
                0x080052dc                HAL_UART_Transmit
 .text.UART_CheckIdleState
                0x080053a2       0xc6 build/Cube-F7-Src-respin/Drivers/STM32F7xx_HAL_Driver/Src/stm32f7xx_hal_uart.o
                0x080053a2                UART_CheckIdleState
 .text.HAL_UART_Init
                0x08005468       0x62 build/Cube-F7-Src-respin/Drivers/STM32F7xx_HAL_Driver/Src/stm32f7xx_hal_uart.o
                0x08005468                HAL_UART_Init
 *fill*         0x080054ca        0x2 
 .text.UART_Start_Receive_DMA
                0x080054cc       0xa8 build/Cube-F7-Src-respin/Drivers/STM32F7xx_HAL_Driver/Src/stm32f7xx_hal_uart.o
                0x080054cc                UART_Start_Receive_DMA
 .text.HAL_UART_Receive_DMA
                0x08005574       0x40 build/Cube-F7-Src-respin/Drivers/STM32F7xx_HAL_Driver/Src/stm32f7xx_hal_uart.o
                0x08005574                HAL_UART_Receive_DMA
 .text.vListInitialise
                0x080055b4       0x16 build/Cube-F7-Src-respin/Middlewares/Third_Party/FreeRTOS/Source/list.o
                0x080055b4                vListInitialise
 .text.vListInitialiseItem
                0x080055ca        0x6 build/Cube-F7-Src-respin/Middlewares/Third_Party/FreeRTOS/Source/list.o
                0x080055ca                vListInitialiseItem
 .text.vListInsertEnd
                0x080055d0       0x16 build/Cube-F7-Src-respin/Middlewares/Third_Party/FreeRTOS/Source/list.o
                0x080055d0                vListInsertEnd
 .text.vListInsert
                0x080055e6       0x32 build/Cube-F7-Src-respin/Middlewares/Third_Party/FreeRTOS/Source/list.o
                0x080055e6                vListInsert
 .text.uxListRemove
                0x08005618       0x26 build/Cube-F7-Src-respin/Middlewares/Third_Party/FreeRTOS/Source/list.o
                0x08005618                uxListRemove
 .text.prvGetDisinheritPriorityAfterTimeout
                0x0800563e       0x10 build/Cube-F7-Src-respin/Middlewares/Third_Party/FreeRTOS/Source/queue.o
 .text.prvIsQueueFull
                0x0800564e       0x1e build/Cube-F7-Src-respin/Middlewares/Third_Party/FreeRTOS/Source/queue.o
 .text.prvIsQueueEmpty
                0x0800566c       0x1a build/Cube-F7-Src-respin/Middlewares/Third_Party/FreeRTOS/Source/queue.o
 .text.prvCopyDataToQueue
                0x08005686       0x76 build/Cube-F7-Src-respin/Middlewares/Third_Party/FreeRTOS/Source/queue.o
 .text.prvUnlockQueue
                0x080056fc       0x6e build/Cube-F7-Src-respin/Middlewares/Third_Party/FreeRTOS/Source/queue.o
 .text.xQueueGenericReset
                0x0800576a       0x88 build/Cube-F7-Src-respin/Middlewares/Third_Party/FreeRTOS/Source/queue.o
                0x0800576a                xQueueGenericReset
 .text.prvInitialiseNewQueue
                0x080057f2       0x22 build/Cube-F7-Src-respin/Middlewares/Third_Party/FreeRTOS/Source/queue.o
 .text.xQueueGenericCreate
                0x08005814       0x52 build/Cube-F7-Src-respin/Middlewares/Third_Party/FreeRTOS/Source/queue.o
                0x08005814                xQueueGenericCreate
 .text.xQueueGenericSend
                0x08005866      0x198 build/Cube-F7-Src-respin/Middlewares/Third_Party/FreeRTOS/Source/queue.o
                0x08005866                xQueueGenericSend
 .text.prvInitialiseMutex
                0x080059fe       0x18 build/Cube-F7-Src-respin/Middlewares/Third_Party/FreeRTOS/Source/queue.o
 .text.xQueueCreateMutex
                0x08005a16       0x16 build/Cube-F7-Src-respin/Middlewares/Third_Party/FreeRTOS/Source/queue.o
                0x08005a16                xQueueCreateMutex
 .text.xQueueSemaphoreTake
                0x08005a2c      0x1b6 build/Cube-F7-Src-respin/Middlewares/Third_Party/FreeRTOS/Source/queue.o
                0x08005a2c                xQueueSemaphoreTake
 .text.prvBytesInBuffer
                0x08005be2       0x12 build/Cube-F7-Src-respin/Middlewares/Third_Party/FreeRTOS/Source/stream_buffer.o
 .text.prvInitialiseNewStreamBuffer
                0x08005bf4       0x44 build/Cube-F7-Src-respin/Middlewares/Third_Party/FreeRTOS/Source/stream_buffer.o
 .text.prvWriteBytesToBuffer
                0x08005c38       0x9a build/Cube-F7-Src-respin/Middlewares/Third_Party/FreeRTOS/Source/stream_buffer.o
 .text.prvWriteMessageToBuffer
                0x08005cd2       0x44 build/Cube-F7-Src-respin/Middlewares/Third_Party/FreeRTOS/Source/stream_buffer.o
 .text.prvReadBytesFromBuffer
                0x08005d16       0x8e build/Cube-F7-Src-respin/Middlewares/Third_Party/FreeRTOS/Source/stream_buffer.o
 .text.prvReadMessageFromBuffer
                0x08005da4       0x4c build/Cube-F7-Src-respin/Middlewares/Third_Party/FreeRTOS/Source/stream_buffer.o
 .text.xStreamBufferGenericCreate
                0x08005df0       0x80 build/Cube-F7-Src-respin/Middlewares/Third_Party/FreeRTOS/Source/stream_buffer.o
                0x08005df0                xStreamBufferGenericCreate
 .text.xStreamBufferSpacesAvailable
                0x08005e70       0x2e build/Cube-F7-Src-respin/Middlewares/Third_Party/FreeRTOS/Source/stream_buffer.o
                0x08005e70                xStreamBufferSpacesAvailable
 .text.xStreamBufferSend
                0x08005e9e      0x118 build/Cube-F7-Src-respin/Middlewares/Third_Party/FreeRTOS/Source/stream_buffer.o
                0x08005e9e                xStreamBufferSend
 .text.xStreamBufferSendFromISR
                0x08005fb6       0xb0 build/Cube-F7-Src-respin/Middlewares/Third_Party/FreeRTOS/Source/stream_buffer.o
                0x08005fb6                xStreamBufferSendFromISR
 .text.xStreamBufferReceive
                0x08006066       0xf6 build/Cube-F7-Src-respin/Middlewares/Third_Party/FreeRTOS/Source/stream_buffer.o
                0x08006066                xStreamBufferReceive
 .text.prvTaskCheckFreeStackSpace
                0x0800615c       0x14 build/Cube-F7-Src-respin/Middlewares/Third_Party/FreeRTOS/Source/tasks.o
 .text.prvResetNextTaskUnblockTime
                0x08006170       0x2c build/Cube-F7-Src-respin/Middlewares/Third_Party/FreeRTOS/Source/tasks.o
 .text.prvInitialiseNewTask
                0x0800619c       0xa4 build/Cube-F7-Src-respin/Middlewares/Third_Party/FreeRTOS/Source/tasks.o
 .text.prvInitialiseTaskLists
                0x08006240       0x68 build/Cube-F7-Src-respin/Middlewares/Third_Party/FreeRTOS/Source/tasks.o
 .text.prvAddNewTaskToReadyList
                0x080062a8       0xac build/Cube-F7-Src-respin/Middlewares/Third_Party/FreeRTOS/Source/tasks.o
 .text.prvDeleteTCB
                0x08006354       0x3c build/Cube-F7-Src-respin/Middlewares/Third_Party/FreeRTOS/Source/tasks.o
 .text.prvCheckTasksWaitingTermination
                0x08006390       0x4c build/Cube-F7-Src-respin/Middlewares/Third_Party/FreeRTOS/Source/tasks.o
 .text.prvIdleTask
                0x080063dc       0x28 build/Cube-F7-Src-respin/Middlewares/Third_Party/FreeRTOS/Source/tasks.o
 .text.prvAddCurrentTaskToDelayedList
                0x08006404       0xa0 build/Cube-F7-Src-respin/Middlewares/Third_Party/FreeRTOS/Source/tasks.o
 .text.prvWriteNameToBuffer
                0x080064a4       0x22 build/Cube-F7-Src-respin/Middlewares/Third_Party/FreeRTOS/Source/tasks.o
 .text.xTaskCreateStatic
                0x080064c6       0x82 build/Cube-F7-Src-respin/Middlewares/Third_Party/FreeRTOS/Source/tasks.o
                0x080064c6                xTaskCreateStatic
 .text.xTaskCreate
                0x08006548       0x64 build/Cube-F7-Src-respin/Middlewares/Third_Party/FreeRTOS/Source/tasks.o
                0x08006548                xTaskCreate
 .text.eTaskGetState
                0x080065ac       0x8c build/Cube-F7-Src-respin/Middlewares/Third_Party/FreeRTOS/Source/tasks.o
                0x080065ac                eTaskGetState
 .text.vTaskStartScheduler
                0x08006638       0x7c build/Cube-F7-Src-respin/Middlewares/Third_Party/FreeRTOS/Source/tasks.o
                0x08006638                vTaskStartScheduler
 .text.vTaskSuspendAll
                0x080066b4       0x10 build/Cube-F7-Src-respin/Middlewares/Third_Party/FreeRTOS/Source/tasks.o
                0x080066b4                vTaskSuspendAll
 .text.xTaskGetTickCount
                0x080066c4        0xc build/Cube-F7-Src-respin/Middlewares/Third_Party/FreeRTOS/Source/tasks.o
                0x080066c4                xTaskGetTickCount
 .text.xTaskIncrementTick
                0x080066d0      0x11c build/Cube-F7-Src-respin/Middlewares/Third_Party/FreeRTOS/Source/tasks.o
                0x080066d0                xTaskIncrementTick
 .text.xTaskResumeAll
                0x080067ec       0xfc build/Cube-F7-Src-respin/Middlewares/Third_Party/FreeRTOS/Source/tasks.o
                0x080067ec                xTaskResumeAll
 .text.vTaskDelayUntil
                0x080068e8       0xb0 build/Cube-F7-Src-respin/Middlewares/Third_Party/FreeRTOS/Source/tasks.o
                0x080068e8                vTaskDelayUntil
 .text.vTaskDelay
                0x08006998       0x50 build/Cube-F7-Src-respin/Middlewares/Third_Party/FreeRTOS/Source/tasks.o
                0x08006998                vTaskDelay
 .text.vTaskSwitchContext
                0x080069e8       0xf8 build/Cube-F7-Src-respin/Middlewares/Third_Party/FreeRTOS/Source/tasks.o
                0x080069e8                vTaskSwitchContext
 .text.vTaskPlaceOnEventList
                0x08006ae0       0x34 build/Cube-F7-Src-respin/Middlewares/Third_Party/FreeRTOS/Source/tasks.o
                0x08006ae0                vTaskPlaceOnEventList
 .text.xTaskRemoveFromEventList
                0x08006b14       0x90 build/Cube-F7-Src-respin/Middlewares/Third_Party/FreeRTOS/Source/tasks.o
                0x08006b14                xTaskRemoveFromEventList
 .text.vTaskSetTimeOutState
                0x08006ba4       0x3c build/Cube-F7-Src-respin/Middlewares/Third_Party/FreeRTOS/Source/tasks.o
                0x08006ba4                vTaskSetTimeOutState
 .text.vTaskInternalSetTimeOutState
                0x08006be0       0x18 build/Cube-F7-Src-respin/Middlewares/Third_Party/FreeRTOS/Source/tasks.o
                0x08006be0                vTaskInternalSetTimeOutState
 .text.xTaskCheckForTimeOut
                0x08006bf8       0x90 build/Cube-F7-Src-respin/Middlewares/Third_Party/FreeRTOS/Source/tasks.o
                0x08006bf8                xTaskCheckForTimeOut
 .text.vTaskMissedYield
                0x08006c88        0xc build/Cube-F7-Src-respin/Middlewares/Third_Party/FreeRTOS/Source/tasks.o
                0x08006c88                vTaskMissedYield
 .text.vTaskGetInfo
                0x08006c94       0x78 build/Cube-F7-Src-respin/Middlewares/Third_Party/FreeRTOS/Source/tasks.o
                0x08006c94                vTaskGetInfo
 .text.prvListTasksWithinSingleList
                0x08006d0c       0x5e build/Cube-F7-Src-respin/Middlewares/Third_Party/FreeRTOS/Source/tasks.o
 *fill*         0x08006d6a        0x2 
 .text.uxTaskGetSystemState
                0x08006d6c       0xb0 build/Cube-F7-Src-respin/Middlewares/Third_Party/FreeRTOS/Source/tasks.o
                0x08006d6c                uxTaskGetSystemState
 .text.xTaskGetCurrentTaskHandle
                0x08006e1c        0xc build/Cube-F7-Src-respin/Middlewares/Third_Party/FreeRTOS/Source/tasks.o
                0x08006e1c                xTaskGetCurrentTaskHandle
 .text.xTaskGetSchedulerState
                0x08006e28       0x20 build/Cube-F7-Src-respin/Middlewares/Third_Party/FreeRTOS/Source/tasks.o
                0x08006e28                xTaskGetSchedulerState
 .text.xTaskPriorityInherit
                0x08006e48       0xb8 build/Cube-F7-Src-respin/Middlewares/Third_Party/FreeRTOS/Source/tasks.o
                0x08006e48                xTaskPriorityInherit
 .text.xTaskPriorityDisinherit
                0x08006f00       0xb8 build/Cube-F7-Src-respin/Middlewares/Third_Party/FreeRTOS/Source/tasks.o
                0x08006f00                xTaskPriorityDisinherit
 .text.vTaskPriorityDisinheritAfterTimeout
                0x08006fb8       0xc8 build/Cube-F7-Src-respin/Middlewares/Third_Party/FreeRTOS/Source/tasks.o
                0x08006fb8                vTaskPriorityDisinheritAfterTimeout
 .text.vTaskList
                0x08007080       0xb8 build/Cube-F7-Src-respin/Middlewares/Third_Party/FreeRTOS/Source/tasks.o
                0x08007080                vTaskList
 .text.vTaskGetRunTimeStats
                0x08007138       0x9c build/Cube-F7-Src-respin/Middlewares/Third_Party/FreeRTOS/Source/tasks.o
                0x08007138                vTaskGetRunTimeStats
 .text.pvTaskIncrementMutexHeldCount
                0x080071d4       0x1c build/Cube-F7-Src-respin/Middlewares/Third_Party/FreeRTOS/Source/tasks.o
                0x080071d4                pvTaskIncrementMutexHeldCount
 .text.xTaskNotifyWait
                0x080071f0       0x94 build/Cube-F7-Src-respin/Middlewares/Third_Party/FreeRTOS/Source/tasks.o
                0x080071f0                xTaskNotifyWait
 .text.xTaskGenericNotify
                0x08007284      0x104 build/Cube-F7-Src-respin/Middlewares/Third_Party/FreeRTOS/Source/tasks.o
                0x08007284                xTaskGenericNotify
 .text.xTaskGenericNotifyFromISR
                0x08007388      0x138 build/Cube-F7-Src-respin/Middlewares/Third_Party/FreeRTOS/Source/tasks.o
                0x08007388                xTaskGenericNotifyFromISR
 .text.xTaskNotifyStateClear
                0x080074c0       0x30 build/Cube-F7-Src-respin/Middlewares/Third_Party/FreeRTOS/Source/tasks.o
                0x080074c0                xTaskNotifyStateClear
 .text.makeFreeRtosPriority
                0x080074f0        0xc build/Cube-F7-Src-respin/Middlewares/Third_Party/FreeRTOS/Source/CMSIS_RTOS/cmsis_os.o
 .text.osKernelStart
                0x080074fc        0xa build/Cube-F7-Src-respin/Middlewares/Third_Party/FreeRTOS/Source/CMSIS_RTOS/cmsis_os.o
                0x080074fc                osKernelStart
 .text.osThreadCreate
                0x08007506       0x66 build/Cube-F7-Src-respin/Middlewares/Third_Party/FreeRTOS/Source/CMSIS_RTOS/cmsis_os.o
                0x08007506                osThreadCreate
 .text.osDelay  0x0800756c        0xe build/Cube-F7-Src-respin/Middlewares/Third_Party/FreeRTOS/Source/CMSIS_RTOS/cmsis_os.o
                0x0800756c                osDelay
 *fill*         0x0800757a        0x2 
 .text.prvHeapInit
                0x0800757c       0x68 build/Cube-F7-Src-respin/Middlewares/Third_Party/FreeRTOS/Source/portable/MemMang/heap_4.o
 .text.prvInsertBlockIntoFreeList
                0x080075e4       0x64 build/Cube-F7-Src-respin/Middlewares/Third_Party/FreeRTOS/Source/portable/MemMang/heap_4.o
 .text.pvPortMalloc
                0x08007648      0x100 build/Cube-F7-Src-respin/Middlewares/Third_Party/FreeRTOS/Source/portable/MemMang/heap_4.o
                0x08007648                pvPortMalloc
 .text.vPortFree
                0x08007748       0x78 build/Cube-F7-Src-respin/Middlewares/Third_Party/FreeRTOS/Source/portable/MemMang/heap_4.o
                0x08007748                vPortFree
 .text.xPortGetFreeHeapSize
                0x080077c0        0xc build/Cube-F7-Src-respin/Middlewares/Third_Party/FreeRTOS/Source/portable/MemMang/heap_4.o
                0x080077c0                xPortGetFreeHeapSize
 .text.xPortGetMinimumEverFreeHeapSize
                0x080077cc        0xc build/Cube-F7-Src-respin/Middlewares/Third_Party/FreeRTOS/Source/portable/MemMang/heap_4.o
                0x080077cc                xPortGetMinimumEverFreeHeapSize
 .text.prvTaskExitError
                0x080077d8       0x48 build/Cube-F7-Src-respin/Middlewares/Third_Party/FreeRTOS/Source/portable/GCC/ARM_CM7/r0p1/port.o
 .text.prvPortStartFirstTask
                0x08007820       0x28 build/Cube-F7-Src-respin/Middlewares/Third_Party/FreeRTOS/Source/portable/GCC/ARM_CM7/r0p1/port.o
 .text.vPortEnableVFP
                0x08007848       0x14 build/Cube-F7-Src-respin/Middlewares/Third_Party/FreeRTOS/Source/portable/GCC/ARM_CM7/r0p1/port.o
 .text.pxPortInitialiseStack
                0x0800785c       0x2c build/Cube-F7-Src-respin/Middlewares/Third_Party/FreeRTOS/Source/portable/GCC/ARM_CM7/r0p1/port.o
                0x0800785c                pxPortInitialiseStack
 *fill*         0x08007888        0x8 
 .text.SVC_Handler
                0x08007890       0x24 build/Cube-F7-Src-respin/Middlewares/Third_Party/FreeRTOS/Source/portable/GCC/ARM_CM7/r0p1/port.o
                0x08007890                SVC_Handler
 .text.vPortEnterCritical
                0x080078b4       0x4c build/Cube-F7-Src-respin/Middlewares/Third_Party/FreeRTOS/Source/portable/GCC/ARM_CM7/r0p1/port.o
                0x080078b4                vPortEnterCritical
 .text.vPortExitCritical
                0x08007900       0x30 build/Cube-F7-Src-respin/Middlewares/Third_Party/FreeRTOS/Source/portable/GCC/ARM_CM7/r0p1/port.o
                0x08007900                vPortExitCritical
 .text.PendSV_Handler
                0x08007930       0x64 build/Cube-F7-Src-respin/Middlewares/Third_Party/FreeRTOS/Source/portable/GCC/ARM_CM7/r0p1/port.o
                0x08007930                PendSV_Handler
 .text.SysTick_Handler
                0x08007994       0x30 build/Cube-F7-Src-respin/Middlewares/Third_Party/FreeRTOS/Source/portable/GCC/ARM_CM7/r0p1/port.o
                0x08007994                SysTick_Handler
 .text.vPortSetupTimerInterrupt
                0x080079c4       0x28 build/Cube-F7-Src-respin/Middlewares/Third_Party/FreeRTOS/Source/portable/GCC/ARM_CM7/r0p1/port.o
                0x080079c4                vPortSetupTimerInterrupt
 .text.xPortStartScheduler
                0x080079ec       0xd4 build/Cube-F7-Src-respin/Middlewares/Third_Party/FreeRTOS/Source/portable/GCC/ARM_CM7/r0p1/port.o
                0x080079ec                xPortStartScheduler
 .text.vPortValidateInterruptPriority
                0x08007ac0       0x64 build/Cube-F7-Src-respin/Middlewares/Third_Party/FreeRTOS/Source/portable/GCC/ARM_CM7/r0p1/port.o
                0x08007ac0                vPortValidateInterruptPriority
 .text.Reset_Handler
                0x08007b24       0x50 build/Cube-F7-Src-respin/startup_stm32f769xx.o
                0x08007b24                Reset_Handler
 .text.Default_Handler
                0x08007b74        0x2 build/Cube-F7-Src-respin/startup_stm32f769xx.o
                0x08007b74                RTC_Alarm_IRQHandler
                0x08007b74                EXTI2_IRQHandler
                0x08007b74                TIM8_CC_IRQHandler
                0x08007b74                UART8_IRQHandler
                0x08007b74                SPI4_IRQHandler
                0x08007b74                TIM1_CC_IRQHandler
                0x08007b74                DMA2_Stream5_IRQHandler
                0x08007b74                JPEG_IRQHandler
                0x08007b74                DMA1_Stream5_IRQHandler
                0x08007b74                PVD_IRQHandler
                0x08007b74                TAMP_STAMP_IRQHandler
                0x08007b74                CAN2_RX1_IRQHandler
                0x08007b74                EXTI3_IRQHandler
                0x08007b74                TIM8_TRG_COM_TIM14_IRQHandler
                0x08007b74                DFSDM1_FLT1_IRQHandler
                0x08007b74                TIM8_UP_TIM13_IRQHandler
                0x08007b74                I2C3_ER_IRQHandler
                0x08007b74                DFSDM1_FLT2_IRQHandler
                0x08007b74                EXTI0_IRQHandler
                0x08007b74                I2C2_EV_IRQHandler
                0x08007b74                CAN1_RX0_IRQHandler
                0x08007b74                FPU_IRQHandler
                0x08007b74                OTG_HS_WKUP_IRQHandler
                0x08007b74                LTDC_ER_IRQHandler
                0x08007b74                CAN2_SCE_IRQHandler
                0x08007b74                DMA2_Stream2_IRQHandler
                0x08007b74                SPI1_IRQHandler
                0x08007b74                TIM6_DAC_IRQHandler
                0x08007b74                TIM1_BRK_TIM9_IRQHandler
                0x08007b74                DCMI_IRQHandler
                0x08007b74                CAN2_RX0_IRQHandler
                0x08007b74                DMA2_Stream3_IRQHandler
                0x08007b74                SAI2_IRQHandler
                0x08007b74                DFSDM1_FLT3_IRQHandler
                0x08007b74                USART6_IRQHandler
                0x08007b74                USART3_IRQHandler
                0x08007b74                CAN1_RX1_IRQHandler
                0x08007b74                UART5_IRQHandler
                0x08007b74                DMA2_Stream0_IRQHandler
                0x08007b74                TIM4_IRQHandler
                0x08007b74                QUADSPI_IRQHandler
                0x08007b74                I2C1_EV_IRQHandler
                0x08007b74                DMA1_Stream6_IRQHandler
                0x08007b74                DMA1_Stream1_IRQHandler
                0x08007b74                UART4_IRQHandler
                0x08007b74                TIM3_IRQHandler
                0x08007b74                RCC_IRQHandler
                0x08007b74                TIM8_BRK_TIM12_IRQHandler
                0x08007b74                Default_Handler
                0x08007b74                CEC_IRQHandler
                0x08007b74                EXTI15_10_IRQHandler
                0x08007b74                ADC_IRQHandler
                0x08007b74                DMA1_Stream7_IRQHandler
                0x08007b74                SPI5_IRQHandler
                0x08007b74                TIM7_IRQHandler
                0x08007b74                SDMMC1_IRQHandler
                0x08007b74                CAN2_TX_IRQHandler
                0x08007b74                TIM5_IRQHandler
                0x08007b74                DMA2_Stream7_IRQHandler
                0x08007b74                I2C3_EV_IRQHandler
                0x08007b74                EXTI9_5_IRQHandler
                0x08007b74                RTC_WKUP_IRQHandler
                0x08007b74                LTDC_IRQHandler
                0x08007b74                ETH_WKUP_IRQHandler
                0x08007b74                SPDIF_RX_IRQHandler
                0x08007b74                SPI2_IRQHandler
                0x08007b74                OTG_HS_EP1_IN_IRQHandler
                0x08007b74                DMA1_Stream0_IRQHandler
                0x08007b74                CAN1_TX_IRQHandler
                0x08007b74                EXTI4_IRQHandler
                0x08007b74                RNG_IRQHandler
                0x08007b74                DSI_IRQHandler
                0x08007b74                ETH_IRQHandler
                0x08007b74                OTG_HS_EP1_OUT_IRQHandler
                0x08007b74                WWDG_IRQHandler
                0x08007b74                SPI6_IRQHandler
                0x08007b74                MDIOS_IRQHandler
                0x08007b74                I2C4_EV_IRQHandler
                0x08007b74                TIM2_IRQHandler
                0x08007b74                OTG_FS_WKUP_IRQHandler
                0x08007b74                TIM1_TRG_COM_TIM11_IRQHandler
                0x08007b74                OTG_HS_IRQHandler
                0x08007b74                DMA2D_IRQHandler
                0x08007b74                EXTI1_IRQHandler
                0x08007b74                SDMMC2_IRQHandler
                0x08007b74                UART7_IRQHandler
                0x08007b74                USART2_IRQHandler
                0x08007b74                DFSDM1_FLT0_IRQHandler
                0x08007b74                I2C2_ER_IRQHandler
                0x08007b74                DMA2_Stream1_IRQHandler
                0x08007b74                CAN1_SCE_IRQHandler
                0x08007b74                FLASH_IRQHandler
                0x08007b74                DMA2_Stream4_IRQHandler
                0x08007b74                USART1_IRQHandler
                0x08007b74                OTG_FS_IRQHandler
                0x08007b74                SPI3_IRQHandler
                0x08007b74                I2C1_ER_IRQHandler
                0x08007b74                FMC_IRQHandler
                0x08007b74                LPTIM1_IRQHandler
                0x08007b74                I2C4_ER_IRQHandler
                0x08007b74                DMA2_Stream6_IRQHandler
                0x08007b74                SAI1_IRQHandler
                0x08007b74                DMA1_Stream3_IRQHandler
 *fill*         0x08007b76        0x2 
 .text.std      0x08007b78       0x6c /opt/arm-gcc/bin/../lib/gcc/arm-none-eabi/14.2.1/../../../../arm-none-eabi/lib/thumb/v7e-m+dp/hard/libc_nano.a(libc_a-findfp.o)
 .text.stdio_exit_handler
                0x08007be4       0x18 /opt/arm-gcc/bin/../lib/gcc/arm-none-eabi/14.2.1/../../../../arm-none-eabi/lib/thumb/v7e-m+dp/hard/libc_nano.a(libc_a-findfp.o)
 .text.cleanup_stdio
                0x08007bfc       0x40 /opt/arm-gcc/bin/../lib/gcc/arm-none-eabi/14.2.1/../../../../arm-none-eabi/lib/thumb/v7e-m+dp/hard/libc_nano.a(libc_a-findfp.o)
 .text.global_stdio_init.part.0
                0x08007c3c       0x40 /opt/arm-gcc/bin/../lib/gcc/arm-none-eabi/14.2.1/../../../../arm-none-eabi/lib/thumb/v7e-m+dp/hard/libc_nano.a(libc_a-findfp.o)
 .text.__sfp_lock_acquire
                0x08007c7c        0xc /opt/arm-gcc/bin/../lib/gcc/arm-none-eabi/14.2.1/../../../../arm-none-eabi/lib/thumb/v7e-m+dp/hard/libc_nano.a(libc_a-findfp.o)
                0x08007c7c                __sfp_lock_acquire
 .text.__sfp_lock_release
                0x08007c88        0xc /opt/arm-gcc/bin/../lib/gcc/arm-none-eabi/14.2.1/../../../../arm-none-eabi/lib/thumb/v7e-m+dp/hard/libc_nano.a(libc_a-findfp.o)
                0x08007c88                __sfp_lock_release
 .text.__sinit  0x08007c94       0x30 /opt/arm-gcc/bin/../lib/gcc/arm-none-eabi/14.2.1/../../../../arm-none-eabi/lib/thumb/v7e-m+dp/hard/libc_nano.a(libc_a-findfp.o)
                0x08007c94                __sinit
 .text._fwalk_sglue
                0x08007cc4       0x3c /opt/arm-gcc/bin/../lib/gcc/arm-none-eabi/14.2.1/../../../../arm-none-eabi/lib/thumb/v7e-m+dp/hard/libc_nano.a(libc_a-fwalk.o)
                0x08007cc4                _fwalk_sglue
 .text.printf   0x08007d00       0x24 /opt/arm-gcc/bin/../lib/gcc/arm-none-eabi/14.2.1/../../../../arm-none-eabi/lib/thumb/v7e-m+dp/hard/libc_nano.a(libc_a-printf.o)
                0x08007d00                printf
                0x08007d00                iprintf
 .text._puts_r  0x08007d24       0xaa /opt/arm-gcc/bin/../lib/gcc/arm-none-eabi/14.2.1/../../../../arm-none-eabi/lib/thumb/v7e-m+dp/hard/libc_nano.a(libc_a-puts.o)
                0x08007d24                _puts_r
 *fill*         0x08007dce        0x2 
 .text.puts     0x08007dd0       0x10 /opt/arm-gcc/bin/../lib/gcc/arm-none-eabi/14.2.1/../../../../arm-none-eabi/lib/thumb/v7e-m+dp/hard/libc_nano.a(libc_a-puts.o)
                0x08007dd0                puts
 .text.snprintf
                0x08007de0       0x6c /opt/arm-gcc/bin/../lib/gcc/arm-none-eabi/14.2.1/../../../../arm-none-eabi/lib/thumb/v7e-m+dp/hard/libc_nano.a(libc_a-snprintf.o)
                0x08007de0                snprintf
                0x08007de0                sniprintf
 .text.sprintf  0x08007e4c       0x44 /opt/arm-gcc/bin/../lib/gcc/arm-none-eabi/14.2.1/../../../../arm-none-eabi/lib/thumb/v7e-m+dp/hard/libc_nano.a(libc_a-sprintf.o)
                0x08007e4c                sprintf
                0x08007e4c                siprintf
 .text.sscanf   0x08007e90       0x58 /opt/arm-gcc/bin/../lib/gcc/arm-none-eabi/14.2.1/../../../../arm-none-eabi/lib/thumb/v7e-m+dp/hard/libc_nano.a(libc_a-sscanf.o)
                0x08007e90                sscanf
                0x08007e90                siscanf
 .text.__sread  0x08007ee8       0x22 /opt/arm-gcc/bin/../lib/gcc/arm-none-eabi/14.2.1/../../../../arm-none-eabi/lib/thumb/v7e-m+dp/hard/libc_nano.a(libc_a-stdio.o)
                0x08007ee8                __sread
 .text.__seofread
                0x08007f0a        0x4 /opt/arm-gcc/bin/../lib/gcc/arm-none-eabi/14.2.1/../../../../arm-none-eabi/lib/thumb/v7e-m+dp/hard/libc_nano.a(libc_a-stdio.o)
                0x08007f0a                __seofread
 .text.__swrite
                0x08007f0e       0x38 /opt/arm-gcc/bin/../lib/gcc/arm-none-eabi/14.2.1/../../../../arm-none-eabi/lib/thumb/v7e-m+dp/hard/libc_nano.a(libc_a-stdio.o)
                0x08007f0e                __swrite
 .text.__sseek  0x08007f46       0x26 /opt/arm-gcc/bin/../lib/gcc/arm-none-eabi/14.2.1/../../../../arm-none-eabi/lib/thumb/v7e-m+dp/hard/libc_nano.a(libc_a-stdio.o)
                0x08007f46                __sseek
 .text.__sclose
                0x08007f6c        0x8 /opt/arm-gcc/bin/../lib/gcc/arm-none-eabi/14.2.1/../../../../arm-none-eabi/lib/thumb/v7e-m+dp/hard/libc_nano.a(libc_a-stdio.o)
                0x08007f6c                __sclose
 .text._vsnprintf_r
                0x08007f74       0x5c /opt/arm-gcc/bin/../lib/gcc/arm-none-eabi/14.2.1/../../../../arm-none-eabi/lib/thumb/v7e-m+dp/hard/libc_nano.a(libc_a-vsnprintf.o)
                0x08007f74                _vsnprintf_r
                0x08007f74                _vsniprintf_r
 .text.vsnprintf
                0x08007fd0       0x1c /opt/arm-gcc/bin/../lib/gcc/arm-none-eabi/14.2.1/../../../../arm-none-eabi/lib/thumb/v7e-m+dp/hard/libc_nano.a(libc_a-vsnprintf.o)
                0x08007fd0                vsnprintf
                0x08007fd0                vsniprintf
 .text.__swbuf_r
                0x08007fec       0x7c /opt/arm-gcc/bin/../lib/gcc/arm-none-eabi/14.2.1/../../../../arm-none-eabi/lib/thumb/v7e-m+dp/hard/libc_nano.a(libc_a-wbuf.o)
                0x08007fec                __swbuf_r
 .text.__swsetup_r
                0x08008068       0xa8 /opt/arm-gcc/bin/../lib/gcc/arm-none-eabi/14.2.1/../../../../arm-none-eabi/lib/thumb/v7e-m+dp/hard/libc_nano.a(libc_a-wsetup.o)
                0x08008068                __swsetup_r
 .text.memset   0x08008110       0x10 /opt/arm-gcc/bin/../lib/gcc/arm-none-eabi/14.2.1/../../../../arm-none-eabi/lib/thumb/v7e-m+dp/hard/libc_nano.a(libc_a-memset.o)
                0x08008110                memset
 .text.strncmp  0x08008120       0x24 /opt/arm-gcc/bin/../lib/gcc/arm-none-eabi/14.2.1/../../../../arm-none-eabi/lib/thumb/v7e-m+dp/hard/libc_nano.a(libc_a-strncmp.o)
                0x08008120                strncmp
 .text._close_r
                0x08008144       0x20 /opt/arm-gcc/bin/../lib/gcc/arm-none-eabi/14.2.1/../../../../arm-none-eabi/lib/thumb/v7e-m+dp/hard/libc_nano.a(libc_a-closer.o)
                0x08008144                _close_r
 .text._lseek_r
                0x08008164       0x24 /opt/arm-gcc/bin/../lib/gcc/arm-none-eabi/14.2.1/../../../../arm-none-eabi/lib/thumb/v7e-m+dp/hard/libc_nano.a(libc_a-lseekr.o)
                0x08008164                _lseek_r
 .text._read_r  0x08008188       0x24 /opt/arm-gcc/bin/../lib/gcc/arm-none-eabi/14.2.1/../../../../arm-none-eabi/lib/thumb/v7e-m+dp/hard/libc_nano.a(libc_a-readr.o)
                0x08008188                _read_r
 .text._write_r
                0x080081ac       0x24 /opt/arm-gcc/bin/../lib/gcc/arm-none-eabi/14.2.1/../../../../arm-none-eabi/lib/thumb/v7e-m+dp/hard/libc_nano.a(libc_a-writer.o)
                0x080081ac                _write_r
 .text.__errno  0x080081d0        0xc /opt/arm-gcc/bin/../lib/gcc/arm-none-eabi/14.2.1/../../../../arm-none-eabi/lib/thumb/v7e-m+dp/hard/libc_nano.a(libc_a-errno.o)
                0x080081d0                __errno
 .text.__libc_init_array
                0x080081dc       0x48 /opt/arm-gcc/bin/../lib/gcc/arm-none-eabi/14.2.1/../../../../arm-none-eabi/lib/thumb/v7e-m+dp/hard/libc_nano.a(libc_a-init.o)
                0x080081dc                __libc_init_array
 .text.__retarget_lock_init_recursive
                0x08008224        0x2 /opt/arm-gcc/bin/../lib/gcc/arm-none-eabi/14.2.1/../../../../arm-none-eabi/lib/thumb/v7e-m+dp/hard/libc_nano.a(libc_a-lock.o)
                0x08008224                __retarget_lock_init_recursive
 .text.__retarget_lock_acquire_recursive
                0x08008226        0x2 /opt/arm-gcc/bin/../lib/gcc/arm-none-eabi/14.2.1/../../../../arm-none-eabi/lib/thumb/v7e-m+dp/hard/libc_nano.a(libc_a-lock.o)
                0x08008226                __retarget_lock_acquire_recursive
 .text.__retarget_lock_release_recursive
                0x08008228        0x2 /opt/arm-gcc/bin/../lib/gcc/arm-none-eabi/14.2.1/../../../../arm-none-eabi/lib/thumb/v7e-m+dp/hard/libc_nano.a(libc_a-lock.o)
                0x08008228                __retarget_lock_release_recursive
 .text.strcpy   0x0800822a       0x10 /opt/arm-gcc/bin/../lib/gcc/arm-none-eabi/14.2.1/../../../../arm-none-eabi/lib/thumb/v7e-m+dp/hard/libc_nano.a(libc_a-strcpy.o)
                0x0800822a                strcpy
 .text.memcpy   0x0800823a       0x1c /opt/arm-gcc/bin/../lib/gcc/arm-none-eabi/14.2.1/../../../../arm-none-eabi/lib/thumb/v7e-m+dp/hard/libc_nano.a(libc_a-memcpy-stub.o)
                0x0800823a                memcpy
 *fill*         0x08008256        0x2 
 .text._free_r  0x08008258       0x94 /opt/arm-gcc/bin/../lib/gcc/arm-none-eabi/14.2.1/../../../../arm-none-eabi/lib/thumb/v7e-m+dp/hard/libc_nano.a(libc_a-freer.o)
                0x08008258                _free_r
 .text.sbrk_aligned
                0x080082ec       0x44 /opt/arm-gcc/bin/../lib/gcc/arm-none-eabi/14.2.1/../../../../arm-none-eabi/lib/thumb/v7e-m+dp/hard/libc_nano.a(libc_a-mallocr.o)
 .text._malloc_r
                0x08008330      0x100 /opt/arm-gcc/bin/../lib/gcc/arm-none-eabi/14.2.1/../../../../arm-none-eabi/lib/thumb/v7e-m+dp/hard/libc_nano.a(libc_a-mallocr.o)
                0x08008330                _malloc_r
 .text.__malloc_lock
                0x08008430        0xc /opt/arm-gcc/bin/../lib/gcc/arm-none-eabi/14.2.1/../../../../arm-none-eabi/lib/thumb/v7e-m+dp/hard/libc_nano.a(libc_a-mlock.o)
                0x08008430                __malloc_lock
 .text.__malloc_unlock
                0x0800843c        0xc /opt/arm-gcc/bin/../lib/gcc/arm-none-eabi/14.2.1/../../../../arm-none-eabi/lib/thumb/v7e-m+dp/hard/libc_nano.a(libc_a-mlock.o)
                0x0800843c                __malloc_unlock
 .text.__ssputs_r
                0x08008448       0xc0 /opt/arm-gcc/bin/../lib/gcc/arm-none-eabi/14.2.1/../../../../arm-none-eabi/lib/thumb/v7e-m+dp/hard/libc_nano.a(libc_a-nano-svfprintf.o)
                0x08008448                __ssputs_r
 .text._svfprintf_r
                0x08008508      0x1f8 /opt/arm-gcc/bin/../lib/gcc/arm-none-eabi/14.2.1/../../../../arm-none-eabi/lib/thumb/v7e-m+dp/hard/libc_nano.a(libc_a-nano-svfprintf.o)
                0x08008508                _svfprintf_r
                0x08008508                _svfiprintf_r
 .text._sungetc_r
                0x08008700       0x7a /opt/arm-gcc/bin/../lib/gcc/arm-none-eabi/14.2.1/../../../../arm-none-eabi/lib/thumb/v7e-m+dp/hard/libc_nano.a(libc_a-nano-svfscanf.o)
                0x08008700                _sungetc_r
 .text.__ssrefill_r
                0x0800877a       0x3a /opt/arm-gcc/bin/../lib/gcc/arm-none-eabi/14.2.1/../../../../arm-none-eabi/lib/thumb/v7e-m+dp/hard/libc_nano.a(libc_a-nano-svfscanf.o)
                0x0800877a                __ssrefill_r
 .text.__ssvfscanf_r
                0x080087b4      0x2fc /opt/arm-gcc/bin/../lib/gcc/arm-none-eabi/14.2.1/../../../../arm-none-eabi/lib/thumb/v7e-m+dp/hard/libc_nano.a(libc_a-nano-svfscanf.o)
                0x080087b4                __ssvfscanf_r
                0x080087b4                __ssvfiscanf_r
 .text.__sfputc_r
                0x08008ab0       0x2e /opt/arm-gcc/bin/../lib/gcc/arm-none-eabi/14.2.1/../../../../arm-none-eabi/lib/thumb/v7e-m+dp/hard/libc_nano.a(libc_a-nano-vfprintf.o)
 .text.__sfputs_r
                0x08008ade       0x24 /opt/arm-gcc/bin/../lib/gcc/arm-none-eabi/14.2.1/../../../../arm-none-eabi/lib/thumb/v7e-m+dp/hard/libc_nano.a(libc_a-nano-vfprintf.o)
                0x08008ade                __sfputs_r
 *fill*         0x08008b02        0x2 
 .text._vfprintf_r
                0x08008b04      0x230 /opt/arm-gcc/bin/../lib/gcc/arm-none-eabi/14.2.1/../../../../arm-none-eabi/lib/thumb/v7e-m+dp/hard/libc_nano.a(libc_a-nano-vfprintf.o)
                0x08008b04                _vfiprintf_r
                0x08008b04                _vfprintf_r
 .text._printf_common
                0x08008d34       0xda /opt/arm-gcc/bin/../lib/gcc/arm-none-eabi/14.2.1/../../../../arm-none-eabi/lib/thumb/v7e-m+dp/hard/libc_nano.a(libc_a-nano-vfprintf_i.o)
                0x08008d34                _printf_common
 *fill*         0x08008e0e        0x2 
 .text._printf_i
                0x08008e10      0x240 /opt/arm-gcc/bin/../lib/gcc/arm-none-eabi/14.2.1/../../../../arm-none-eabi/lib/thumb/v7e-m+dp/hard/libc_nano.a(libc_a-nano-vfprintf_i.o)
                0x08008e10                _printf_i
 .text._scanf_chars
                0x08009050       0xb4 /opt/arm-gcc/bin/../lib/gcc/arm-none-eabi/14.2.1/../../../../arm-none-eabi/lib/thumb/v7e-m+dp/hard/libc_nano.a(libc_a-nano-vfscanf_i.o)
                0x08009050                _scanf_chars
 .text._scanf_i
                0x08009104      0x1e4 /opt/arm-gcc/bin/../lib/gcc/arm-none-eabi/14.2.1/../../../../arm-none-eabi/lib/thumb/v7e-m+dp/hard/libc_nano.a(libc_a-nano-vfscanf_i.o)
                0x08009104                _scanf_i
 .text.__sflush_r
                0x080092e8      0x104 /opt/arm-gcc/bin/../lib/gcc/arm-none-eabi/14.2.1/../../../../arm-none-eabi/lib/thumb/v7e-m+dp/hard/libc_nano.a(libc_a-fflush.o)
                0x080092e8                __sflush_r
 .text._fflush_r
                0x080093ec       0x50 /opt/arm-gcc/bin/../lib/gcc/arm-none-eabi/14.2.1/../../../../arm-none-eabi/lib/thumb/v7e-m+dp/hard/libc_nano.a(libc_a-fflush.o)
                0x080093ec                _fflush_r
 .text.__swhatbuf_r
                0x0800943c       0x48 /opt/arm-gcc/bin/../lib/gcc/arm-none-eabi/14.2.1/../../../../arm-none-eabi/lib/thumb/v7e-m+dp/hard/libc_nano.a(libc_a-makebuf.o)
                0x0800943c                __swhatbuf_r
 .text.__smakebuf_r
                0x08009484       0x72 /opt/arm-gcc/bin/../lib/gcc/arm-none-eabi/14.2.1/../../../../arm-none-eabi/lib/thumb/v7e-m+dp/hard/libc_nano.a(libc_a-makebuf.o)
                0x08009484                __smakebuf_r
 .text.__sccl   0x080094f6       0x72 /opt/arm-gcc/bin/../lib/gcc/arm-none-eabi/14.2.1/../../../../arm-none-eabi/lib/thumb/v7e-m+dp/hard/libc_nano.a(libc_a-sccl.o)
                0x080094f6                __sccl
 .text.__submore
                0x08009568       0x74 /opt/arm-gcc/bin/../lib/gcc/arm-none-eabi/14.2.1/../../../../arm-none-eabi/lib/thumb/v7e-m+dp/hard/libc_nano.a(libc_a-ungetc.o)
                0x08009568                __submore
 .text.memmove  0x080095dc       0x32 /opt/arm-gcc/bin/../lib/gcc/arm-none-eabi/14.2.1/../../../../arm-none-eabi/lib/thumb/v7e-m+dp/hard/libc_nano.a(libc_a-memmove.o)
                0x080095dc                memmove
 *fill*         0x0800960e        0x2 
 .text._fstat_r
                0x08009610       0x24 /opt/arm-gcc/bin/../lib/gcc/arm-none-eabi/14.2.1/../../../../arm-none-eabi/lib/thumb/v7e-m+dp/hard/libc_nano.a(libc_a-fstatr.o)
                0x08009610                _fstat_r
 .text._isatty_r
                0x08009634       0x20 /opt/arm-gcc/bin/../lib/gcc/arm-none-eabi/14.2.1/../../../../arm-none-eabi/lib/thumb/v7e-m+dp/hard/libc_nano.a(libc_a-isattyr.o)
                0x08009634                _isatty_r
 .text._sbrk_r  0x08009654       0x20 /opt/arm-gcc/bin/../lib/gcc/arm-none-eabi/14.2.1/../../../../arm-none-eabi/lib/thumb/v7e-m+dp/hard/libc_nano.a(libc_a-sbrkr.o)
                0x08009654                _sbrk_r
 .text._realloc_r
                0x08009674       0x5c /opt/arm-gcc/bin/../lib/gcc/arm-none-eabi/14.2.1/../../../../arm-none-eabi/lib/thumb/v7e-m+dp/hard/libc_nano.a(libc_a-reallocr.o)
                0x08009674                _realloc_r
 .text._strtol_l.isra.0
                0x080096d0       0xf4 /opt/arm-gcc/bin/../lib/gcc/arm-none-eabi/14.2.1/../../../../arm-none-eabi/lib/thumb/v7e-m+dp/hard/libc_nano.a(libc_a-strtol.o)
 .text._strtol_r
                0x080097c4        0x4 /opt/arm-gcc/bin/../lib/gcc/arm-none-eabi/14.2.1/../../../../arm-none-eabi/lib/thumb/v7e-m+dp/hard/libc_nano.a(libc_a-strtol.o)
                0x080097c4                _strtol_r
 .text._strtoul_l.isra.0
                0x080097c8       0xdc /opt/arm-gcc/bin/../lib/gcc/arm-none-eabi/14.2.1/../../../../arm-none-eabi/lib/thumb/v7e-m+dp/hard/libc_nano.a(libc_a-strtoul.o)
 .text._strtoul_r
                0x080098a4        0x4 /opt/arm-gcc/bin/../lib/gcc/arm-none-eabi/14.2.1/../../../../arm-none-eabi/lib/thumb/v7e-m+dp/hard/libc_nano.a(libc_a-strtoul.o)
                0x080098a4                _strtoul_r
 .text._malloc_usable_size_r
                0x080098a8       0x10 /opt/arm-gcc/bin/../lib/gcc/arm-none-eabi/14.2.1/../../../../arm-none-eabi/lib/thumb/v7e-m+dp/hard/libc_nano.a(libc_a-msizer.o)
                0x080098a8                _malloc_usable_size_r
 .text.__udivmoddi4
                0x080098b8      0x2f8 /opt/arm-gcc/bin/../lib/gcc/arm-none-eabi/14.2.1/thumb/v7e-m+dp/hard/libgcc.a(_udivmoddi4.o)
                0x080098b8                __udivmoddi4
 *(.glue_7)
 .glue_7        0x08009bb0        0x0 linker stubs
 *(.glue_7t)
 .glue_7t       0x08009bb0        0x0 linker stubs
 *(.eh_frame)
 .eh_frame      0x08009bb0        0x0 /opt/arm-gcc/bin/../lib/gcc/arm-none-eabi/14.2.1/thumb/v7e-m+dp/hard/crtbegin.o
 *(.init)
 .init          0x08009bb0        0x4 /opt/arm-gcc/bin/../lib/gcc/arm-none-eabi/14.2.1/thumb/v7e-m+dp/hard/crti.o
                0x08009bb0                _init
 .init          0x08009bb4        0x8 /opt/arm-gcc/bin/../lib/gcc/arm-none-eabi/14.2.1/thumb/v7e-m+dp/hard/crtn.o
 *(.fini)
 .fini          0x08009bbc        0x4 /opt/arm-gcc/bin/../lib/gcc/arm-none-eabi/14.2.1/thumb/v7e-m+dp/hard/crti.o
                0x08009bbc                _fini
 .fini          0x08009bc0        0x8 /opt/arm-gcc/bin/../lib/gcc/arm-none-eabi/14.2.1/thumb/v7e-m+dp/hard/crtn.o
                0x08009bc8                        . = ALIGN (0x4)
                0x08009bc8                        _etext = .

.vfp11_veneer   0x08009bc8        0x0
 .vfp11_veneer  0x08009bc8        0x0 linker stubs

.v4_bx          0x08009bc8        0x0
 .v4_bx         0x08009bc8        0x0 linker stubs

.iplt           0x08009bc8        0x0
 .iplt          0x08009bc8        0x0 /opt/arm-gcc/bin/../lib/gcc/arm-none-eabi/14.2.1/thumb/v7e-m+dp/hard/crtbegin.o

.rodata         0x08009bc8      0xb4c
                0x08009bc8                        . = ALIGN (0x4)
 *(.rodata)
 .rodata        0x08009bc8       0x70 build/Cube-F7-Src-respin/Core/Src/freertos.o
 .rodata        0x08009c38        0xc /opt/arm-gcc/bin/../lib/gcc/arm-none-eabi/14.2.1/../../../../arm-none-eabi/lib/thumb/v7e-m+dp/hard/libc_nano.a(libc_a-nano-vfscanf_i.o)
 *(.rodata*)
 .rodata.vApplicationStackOverflowHook.str1.4
                0x08009c44      0x878 build/Src/userInit.o
                                 0x1c (size before relaxing)
 .rodata.userInit.str1.4
                0x0800a4bc       0x2f build/Src/userInit.o
 .rodata.mainTaskFunction.str1.4
                0x0800a4bc        0xf build/Src/mainTaskEntry.o
 .rodata.getDecimalFromParam.str1.4
                0x0800a4bc        0x3 build/Src/hilCli.o
 .rodata.i2cDacRampCommand.str1.4
                0x0800a4bc       0x49 build/Src/hilCli.o
 .rodata.getHexFromParam.str1.4
                0x0800a4bc        0x3 build/Src/hilCli.o
 .rodata.i2cDacSetCodeCommand.str1.4
                0x0800a4bc       0x53 build/Src/hilCli.o
 .rodata.i2cDacSetVoltageCommand.str1.4
                0x0800a4bc       0x41 build/Src/hilCli.o
 .rodata.i2cDacProbeCommand.str1.4
                0x0800a4bc       0x56 build/Src/hilCli.o
 .rodata.i2cScanCommand.str1.4
                0x0800a4bc       0x47 build/Src/hilCli.o
 .rodata.commands.2
                0x0800a4bc       0x14 build/Src/hilCli.o
 .rodata.str1.4
                0x0800a4d0      0x1eb build/Src/hilCli.o
 .rodata.i2cDacSetCodeCommandDefinition
                0x0800a4d0       0x10 build/Src/hilCli.o
 .rodata.i2cDacRampCommandDefinition
                0x0800a4e0       0x10 build/Src/hilCli.o
 .rodata.i2cDacSetVoltageCommandDefinition
                0x0800a4f0       0x10 build/Src/hilCli.o
 .rodata.i2cDacProbeCommandDefinition
                0x0800a500       0x10 build/Src/hilCli.o
 .rodata.i2cScanCommandDefinition
                0x0800a510       0x10 build/Src/hilCli.o
 .rodata.uartBusInit.str1.4
                0x0800a520       0xcd build/Src/uartBus.o
 .rodata.i2cIsDeviceReady.str1.4
                0x0800a520       0x2a build/Src/i2cBus.o
 .rodata.versionCommand.str1.4
                0x0800a520       0x37 build/Standalone/Src/debug.o
 .rodata.statsCommand.str1.4
                0x0800a520       0x19 build/Standalone/Src/debug.o
 .rodata.taskListCommand.str1.4
                0x0800a520       0x1c build/Standalone/Src/debug.o
 .rodata.heapCommand.str1.4
                0x0800a520       0x32 build/Standalone/Src/debug.o
 .rodata.cliTask.str1.4
                0x0800a520       0x70 build/Standalone/Src/debug.o
 .rodata.configureTimerForRunTimeStats.str1.4
                0x0800a520       0x2a build/Standalone/Src/debug.o
 .rodata.message.0
                0x0800a520        0xc build/Standalone/Src/debug.o
 .rodata.builtins.1
                0x0800a52c       0x14 build/Standalone/Src/debug.o
 .rodata.str1.4
                0x0800a540      0x131 build/Standalone/Src/debug.o
 .rodata.versionCommandDefinition
                0x0800a540       0x10 build/Standalone/Src/debug.o
 .rodata.resetCommandDefinition
                0x0800a550       0x10 build/Standalone/Src/debug.o
 .rodata.statsCommandDefinition
                0x0800a560       0x10 build/Standalone/Src/debug.o
 .rodata.taskListCommandDefinition
                0x0800a570       0x10 build/Standalone/Src/debug.o
 .rodata.heapCommandDefinition
                0x0800a580       0x10 build/Standalone/Src/debug.o
 .rodata.helpCommand.str1.4
                0x0800a590        0x3 build/Standalone/Src/FreeRTOS_CLI.o
 .rodata.FreeRTOS_CLIProcessCommand.str1.4
                0x0800a590       0xa0 build/Standalone/Src/FreeRTOS_CLI.o
 .rodata.str1.4
                0x0800a590       0x35 build/Standalone/Src/FreeRTOS_CLI.o
 .rodata.helpCommandDefinition
                0x0800a590       0x10 build/Standalone/Src/FreeRTOS_CLI.o
 .rodata.uxTopUsedPriority
                0x0800a5a0        0x4 build/Standalone/Src/openocdHack.o
                0x0800a5a0                uxTopUsedPriority
 .rodata.str1.4
                0x0800a5a4       0x34 build/Cube-F7-Src-respin/Core/Src/freertos.o
 .rodata.APBPrescTable
                0x0800a5a4        0x8 build/Cube-F7-Src-respin/Core/Src/system_stm32f7xx.o
                0x0800a5a4                APBPrescTable
 .rodata.AHBPrescTable
                0x0800a5ac       0x10 build/Cube-F7-Src-respin/Core/Src/system_stm32f7xx.o
                0x0800a5ac                AHBPrescTable
 .rodata.flagBitshiftOffset.0
                0x0800a5bc        0x8 build/Cube-F7-Src-respin/Drivers/STM32F7xx_HAL_Driver/Src/stm32f7xx_hal_dma.o
 .rodata.vTaskStartScheduler.str1.4
                0x0800a5c4        0x5 build/Cube-F7-Src-respin/Middlewares/Third_Party/FreeRTOS/Source/tasks.o
 .rodata.vTaskList.str1.4
                0x0800a5c4        0xf build/Cube-F7-Src-respin/Middlewares/Third_Party/FreeRTOS/Source/tasks.o
 .rodata.vTaskGetRunTimeStats.str1.4
                0x0800a5c4       0x18 build/Cube-F7-Src-respin/Middlewares/Third_Party/FreeRTOS/Source/tasks.o
 .rodata._svfprintf_r.str1.1
                0x0800a5c4       0x4e /opt/arm-gcc/bin/../lib/gcc/arm-none-eabi/14.2.1/../../../../arm-none-eabi/lib/thumb/v7e-m+dp/hard/libc_nano.a(libc_a-nano-svfprintf.o)
                                 0x11 (size before relaxing)
 .rodata.__ssvfscanf_r.str1.1
                0x0800a612        0x4 /opt/arm-gcc/bin/../lib/gcc/arm-none-eabi/14.2.1/../../../../arm-none-eabi/lib/thumb/v7e-m+dp/hard/libc_nano.a(libc_a-nano-svfscanf.o)
 .rodata._vfprintf_r.str1.1
                0x0800a612       0x11 /opt/arm-gcc/bin/../lib/gcc/arm-none-eabi/14.2.1/../../../../arm-none-eabi/lib/thumb/v7e-m+dp/hard/libc_nano.a(libc_a-nano-vfprintf.o)
 .rodata._printf_i.str1.1
                0x0800a612       0x22 /opt/arm-gcc/bin/../lib/gcc/arm-none-eabi/14.2.1/../../../../arm-none-eabi/lib/thumb/v7e-m+dp/hard/libc_nano.a(libc_a-nano-vfprintf_i.o)
 .rodata._scanf_i.str1.1
                0x0800a612       0x12 /opt/arm-gcc/bin/../lib/gcc/arm-none-eabi/14.2.1/../../../../arm-none-eabi/lib/thumb/v7e-m+dp/hard/libc_nano.a(libc_a-nano-vfscanf_i.o)
 .rodata.str1.1
                0x0800a612        0x9 /opt/arm-gcc/bin/../lib/gcc/arm-none-eabi/14.2.1/../../../../arm-none-eabi/lib/thumb/v7e-m+dp/hard/libc_nano.a(libc_a-nano-vfscanf_i.o)
 .rodata._ctype_
                0x0800a612      0x101 /opt/arm-gcc/bin/../lib/gcc/arm-none-eabi/14.2.1/../../../../arm-none-eabi/lib/thumb/v7e-m+dp/hard/libc_nano.a(libc_a-ctype_.o)
                0x0800a612                _ctype_
                0x0800a714                        . = ALIGN (0x4)
 *fill*         0x0800a713        0x1 

.ARM.extab      0x0800a714        0x0
                0x0800a714                        . = ALIGN (0x4)
 *(.ARM.extab* .gnu.linkonce.armextab.*)
                0x0800a714                        . = ALIGN (0x4)

.ARM            0x0800a714        0x8
                0x0800a714                        . = ALIGN (0x4)
                0x0800a714                        __exidx_start = .
 *(.ARM.exidx*)
 .ARM.exidx     0x0800a714        0x8 /opt/arm-gcc/bin/../lib/gcc/arm-none-eabi/14.2.1/../../../../arm-none-eabi/lib/thumb/v7e-m+dp/hard/libc_nano.a(libc_a-strlen.o)
 .ARM.exidx     0x0800a71c        0x0 /opt/arm-gcc/bin/../lib/gcc/arm-none-eabi/14.2.1/../../../../arm-none-eabi/lib/thumb/v7e-m+dp/hard/libc_nano.a(libc_a-memchr.o)
                                  0x8 (size before relaxing)
 .ARM.exidx.text.__udivmoddi4
                0x0800a71c        0x0 /opt/arm-gcc/bin/../lib/gcc/arm-none-eabi/14.2.1/thumb/v7e-m+dp/hard/libgcc.a(_udivmoddi4.o)
                                  0x8 (size before relaxing)
                0x0800a71c                        __exidx_end = .
                0x0800a71c                        . = ALIGN (0x4)

.preinit_array  0x0800a71c        0x0
                0x0800a71c                        . = ALIGN (0x4)
                0x0800a71c                        PROVIDE (__preinit_array_start = .)
 *(.preinit_array*)
                0x0800a71c                        PROVIDE (__preinit_array_end = .)
                0x0800a71c                        . = ALIGN (0x4)

.init_array     0x0800a71c        0x4
                0x0800a71c                        . = ALIGN (0x4)
                0x0800a71c                        PROVIDE (__init_array_start = .)
 *(SORT_BY_NAME(.init_array.*))
 *(.init_array*)
 .init_array    0x0800a71c        0x4 /opt/arm-gcc/bin/../lib/gcc/arm-none-eabi/14.2.1/thumb/v7e-m+dp/hard/crtbegin.o
                0x0800a720                        PROVIDE (__init_array_end = .)
                0x0800a720                        . = ALIGN (0x4)

.fini_array     0x0800a720        0x4
                0x0800a720                        . = ALIGN (0x4)
                [!provide]                        PROVIDE (__fini_array_start = .)
 *(SORT_BY_NAME(.fini_array.*))
 *(.fini_array*)
 .fini_array    0x0800a720        0x4 /opt/arm-gcc/bin/../lib/gcc/arm-none-eabi/14.2.1/thumb/v7e-m+dp/hard/crtbegin.o
                [!provide]                        PROVIDE (__fini_array_end = .)
                0x0800a724                        . = ALIGN (0x4)
                0x0800a724                        _sidata = LOADADDR (.data)

.rel.dyn        0x0800a724        0x0
 .rel.iplt      0x0800a724        0x0 /opt/arm-gcc/bin/../lib/gcc/arm-none-eabi/14.2.1/thumb/v7e-m+dp/hard/crtbegin.o

.data           0x20000000       0x70 load address 0x0800a724
                0x20000000                        . = ALIGN (0x4)
                0x20000000                        _sdata = .
 *(.data)
 *(.data*)
 .data.address.0
                0x20000000        0x4 build/Src/hilCli.o
 .data.SystemCoreClock
                0x20000004        0x4 build/Cube-F7-Src-respin/Core/Src/system_stm32f7xx.o
                0x20000004                SystemCoreClock
 .data.uwTickFreq
                0x20000008        0x1 build/Cube-F7-Src-respin/Drivers/STM32F7xx_HAL_Driver/Src/stm32f7xx_hal.o
                0x20000008                uwTickFreq
 *fill*         0x20000009        0x3 
 .data.uwTickPrio
                0x2000000c        0x4 build/Cube-F7-Src-respin/Drivers/STM32F7xx_HAL_Driver/Src/stm32f7xx_hal.o
                0x2000000c                uwTickPrio
 .data.uxCriticalNesting
                0x20000010        0x4 build/Cube-F7-Src-respin/Middlewares/Third_Party/FreeRTOS/Source/portable/GCC/ARM_CM7/r0p1/port.o
 .data.__sglue  0x20000014        0xc /opt/arm-gcc/bin/../lib/gcc/arm-none-eabi/14.2.1/../../../../arm-none-eabi/lib/thumb/v7e-m+dp/hard/libc_nano.a(libc_a-findfp.o)
                0x20000014                __sglue
 .data._impure_ptr
                0x20000020        0x4 /opt/arm-gcc/bin/../lib/gcc/arm-none-eabi/14.2.1/../../../../arm-none-eabi/lib/thumb/v7e-m+dp/hard/libc_nano.a(libc_a-impure.o)
                0x20000020                _impure_ptr
 .data._impure_data
                0x20000024       0x4c /opt/arm-gcc/bin/../lib/gcc/arm-none-eabi/14.2.1/../../../../arm-none-eabi/lib/thumb/v7e-m+dp/hard/libc_nano.a(libc_a-impure.o)
                0x20000024                _impure_data
 *(.RamFunc)
 *(.RamFunc*)
                0x20000070                        . = ALIGN (0x4)
                0x20000070                        _edata = .

.tm_clone_table
                0x20000070        0x0 load address 0x0800a794
 .tm_clone_table
                0x20000070        0x0 /opt/arm-gcc/bin/../lib/gcc/arm-none-eabi/14.2.1/thumb/v7e-m+dp/hard/crtbegin.o
 .tm_clone_table
                0x20000070        0x0 /opt/arm-gcc/bin/../lib/gcc/arm-none-eabi/14.2.1/thumb/v7e-m+dp/hard/crtend.o

.igot.plt       0x20000070        0x0 load address 0x0800a794