Archive member included to satisfy reference by file (symbol)

/usr/lib/gcc/arm-none-eabi/13.2.1/../../../arm-none-eabi/lib/thumb/v7e-m+dp/hard/libc_nano.a(libc_a-sprintf.o)
                              build/Cube-F7-Src-respin/Middlewares/Third_Party/FreeRTOS/Source/tasks.o (sprintf)
/usr/lib/gcc/arm-none-eabi/13.2.1/../../../arm-none-eabi/lib/thumb/v7e-m+dp/hard/libc_nano.a(libc_a-vsnprintf.o)
                              build/Standalone/Src/debug.o (vsnprintf)
/usr/lib/gcc/arm-none-eabi/13.2.1/../../../arm-none-eabi/lib/thumb/v7e-m+dp/hard/libc_nano.a(libc_a-strcpy.o)
                              build/Cube-F7-Src-respin/Middlewares/Third_Party/FreeRTOS/Source/tasks.o (strcpy)
/usr/lib/gcc/arm-none-eabi/13.2.1/../../../arm-none-eabi/lib/thumb/v7e-m+dp/hard/libc_nano.a(libc_a-impure.o)
                              /usr/lib/gcc/arm-none-eabi/13.2.1/../../../arm-none-eabi/lib/thumb/v7e-m+dp/hard/libc_nano.a(libc_a-sprintf.o) (_impure_ptr)
/usr/lib/gcc/arm-none-eabi/13.2.1/../../../arm-none-eabi/lib/thumb/v7e-m+dp/hard/libc_nano.a(libc_a-nano-svfprintf.o)
                              /usr/lib/gcc/arm-none-eabi/13.2.1/../../../arm-none-eabi/lib/thumb/v7e-m+dp/hard/libc_nano.a(libc_a-sprintf.o) (_svfprintf_r)
/usr/lib/gcc/arm-none-eabi/13.2.1/../../../arm-none-eabi/lib/thumb/v7e-m+dp/hard/libc_nano.a(libc_a-init.o)
                              /usr/lib/gcc/arm-none-eabi/13.2.1/../../../arm-none-eabi/lib/thumb/v7e-m+dp/hard/crt0.o (__libc_init_array)
/usr/lib/gcc/arm-none-eabi/13.2.1/../../../arm-none-eabi/lib/thumb/v7e-m+dp/hard/libc_nano.a(libc_a-sscanf.o)
                              build/Src/hilCli.o (sscanf)
/usr/lib/gcc/arm-none-eabi/13.2.1/../../../arm-none-eabi/lib/thumb/v7e-m+dp/hard/libc_nano.a(libc_a-puts.o)
                              build/Src/userInit.o (puts)
/usr/lib/gcc/arm-none-eabi/13.2.1/../../../arm-none-eabi/lib/thumb/v7e-m+dp/hard/libc_nano.a(libc_a-findfp.o)
                              /usr/lib/gcc/arm-none-eabi/13.2.1/../../../arm-none-eabi/lib/thumb/v7e-m+dp/hard/libc_nano.a(libc_a-puts.o) (__sinit)
/usr/lib/gcc/arm-none-eabi/13.2.1/../../../arm-none-eabi/lib/thumb/v7e-m+dp/hard/libc_nano.a(libc_a-strlen.o)
                              build/Src/errorHandler.o (strlen)
/usr/lib/gcc/arm-none-eabi/13.2.1/../../../arm-none-eabi/lib/thumb/v7e-m+dp/hard/libc_nano.a(libc_a-memset.o)
                              /usr/lib/gcc/arm-none-eabi/13.2.1/../../../arm-none-eabi/lib/thumb/v7e-m+dp/hard/crt0.o (memset)
/usr/lib/gcc/arm-none-eabi/13.2.1/../../../arm-none-eabi/lib/thumb/v7e-m+dp/hard/libc_nano.a(libc_a-fflush.o)
                              /usr/lib/gcc/arm-none-eabi/13.2.1/../../../arm-none-eabi/lib/thumb/v7e-m+dp/hard/libc_nano.a(libc_a-findfp.o) (_fflush_r)
/usr/lib/gcc/arm-none-eabi/13.2.1/../../../arm-none-eabi/lib/thumb/v7e-m+dp/hard/libc_nano.a(libc_a-errno.o)
                              build/Cube-F7-Src-respin/Core/Src/syscalls.o (__errno)
/usr/lib/gcc/arm-none-eabi/13.2.1/../../../arm-none-eabi/lib/thumb/v7e-m+dp/hard/libc_nano.a(libc_a-mallocr.o)
                              /usr/lib/gcc/arm-none-eabi/13.2.1/../../../arm-none-eabi/lib/thumb/v7e-m+dp/hard/libc_nano.a(libc_a-nano-svfprintf.o) (_malloc_r)
/usr/lib/gcc/arm-none-eabi/13.2.1/../../../arm-none-eabi/lib/thumb/v7e-m+dp/hard/libc_nano.a(libc_a-freer.o)
                              /usr/lib/gcc/arm-none-eabi/13.2.1/../../../arm-none-eabi/lib/thumb/v7e-m+dp/hard/libc_nano.a(libc_a-nano-svfprintf.o) (_free_r)
/usr/lib/gcc/arm-none-eabi/13.2.1/../../../arm-none-eabi/lib/thumb/v7e-m+dp/hard/libc_nano.a(libc_a-memmove.o)
                              /usr/lib/gcc/arm-none-eabi/13.2.1/../../../arm-none-eabi/lib/thumb/v7e-m+dp/hard/libc_nano.a(libc_a-nano-svfprintf.o) (memmove)
/usr/lib/gcc/arm-none-eabi/13.2.1/../../../arm-none-eabi/lib/thumb/v7e-m+dp/hard/libc_nano.a(libc_a-fwalk.o)
                              /usr/lib/gcc/arm-none-eabi/13.2.1/../../../arm-none-eabi/lib/thumb/v7e-m+dp/hard/libc_nano.a(libc_a-findfp.o) (_fwalk_sglue)
/usr/lib/gcc/arm-none-eabi/13.2.1/../../../arm-none-eabi/lib/thumb/v7e-m+dp/hard/libc_nano.a(libc_a-memchr.o)
                              /usr/lib/gcc/arm-none-eabi/13.2.1/../../../arm-none-eabi/lib/thumb/v7e-m+dp/hard/libc_nano.a(libc_a-nano-svfprintf.o) (memchr)
/usr/lib/gcc/arm-none-eabi/13.2.1/../../../arm-none-eabi/lib/thumb/v7e-m+dp/hard/libc_nano.a(libc_a-wsetup.o)
                              /usr/lib/gcc/arm-none-eabi/13.2.1/../../../arm-none-eabi/lib/thumb/v7e-m+dp/hard/libc_nano.a(libc_a-puts.o) (__swsetup_r)
/usr/lib/gcc/arm-none-eabi/13.2.1/../../../arm-none-eabi/lib/thumb/v7e-m+dp/hard/libc_nano.a(libc_a-memcpy.o)
                              build/Cube-F7-Src-respin/Middlewares/Third_Party/FreeRTOS/Source/queue.o (memcpy)
/usr/lib/gcc/arm-none-eabi/13.2.1/../../../arm-none-eabi/lib/thumb/v7e-m+dp/hard/libc_nano.a(libc_a-reallocr.o)
[...]
Memory Configuration

Name             Origin             Length             Attributes
RAM              0x20000000         0x00080000         xrw
FLASH            0x08000000         0x00200000         xr
*default*        0x00000000         0xffffffff

Linker script and memory map

LOAD /usr/lib/gcc/arm-none-eabi/13.2.1/thumb/v7e-m+dp/hard/crti.o
LOAD /usr/lib/gcc/arm-none-eabi/13.2.1/thumb/v7e-m+dp/hard/crtbegin.o
LOAD /usr/lib/gcc/arm-none-eabi/13.2.1/../../../arm-none-eabi/lib/thumb/v7e-m+dp/hard/crt0.o
LOAD build/Src/userInit.o
LOAD build/Src/mainTaskEntry.o
LOAD build/Src/errorHandler.o
LOAD build/Src/hilCli.o
LOAD build/Src/uartBus.o
LOAD build/Src/i2cBus.o
LOAD build/Src/spiBus.o
LOAD build/Src/i2c_dac.o
LOAD build/Standalone/Src/debug.o
LOAD build/Standalone/Src/FreeRTOS_CLI.o
LOAD build/Standalone/Src/openocdHack.o
LOAD build/Cube-F7-Src-respin/Core/Src/main.o
LOAD build/Cube-F7-Src-respin/Core/Src/gpio.o
LOAD build/Cube-F7-Src-respin/Core/Src/freertos.o
LOAD build/Cube-F7-Src-respin/Core/Src/dma.o
LOAD build/Cube-F7-Src-respin/Core/Src/can.o
LOAD build/Cube-F7-Src-respin/Core/Src/dac.o
LOAD build/Cube-F7-Src-respin/Core/Src/i2c.o
LOAD build/Cube-F7-Src-respin/Core/Src/spi.o
LOAD build/Cube-F7-Src-respin/Core/Src/tim.o
LOAD build/Cube-F7-Src-respin/Core/Src/usart.o
LOAD build/Cube-F7-Src-respin/Core/Src/stm32f7xx_it.o
LOAD build/Cube-F7-Src-respin/Core/Src/stm32f7xx_hal_msp.o
LOAD build/Cube-F7-Src-respin/Core/Src/stm32f7xx_hal_timebase_tim.o
LOAD build/Cube-F7-Src-respin/Core/Src/system_stm32f7xx.o
LOAD build/Cube-F7-Src-respin/Core/Src/syscalls.o
LOAD build/Cube-F7-Src-respin/Core/Src/sysmem.o
LOAD build/Cube-F7-Src-respin/Drivers/STM32F7xx_HAL_Driver/Src/stm32f7xx_hal.o
LOAD build/Cube-F7-Src-respin/Drivers/STM32F7xx_HAL_Driver/Src/stm32f7xx_hal_cortex.o
LOAD build/Cube-F7-Src-respin/Drivers/STM32F7xx_HAL_Driver/Src/stm32f7xx_hal_rcc.o
LOAD build/Cube-F7-Src-respin/Drivers/STM32F7xx_HAL_Driver/Src/stm32f7xx_hal_rcc_ex.o
LOAD build/Cube-F7-Src-respin/Drivers/STM32F7xx_HAL_Driver/Src/stm32f7xx_hal_flash.o
LOAD build/Cube-F7-Src-respin/Drivers/STM32F7xx_HAL_Driver/Src/stm32f7xx_hal_flash_ex.o
LOAD build/Cube-F7-Src-respin/Drivers/STM32F7xx_HAL_Driver/Src/stm32f7xx_hal_gpio.o
LOAD build/Cube-F7-Src-respin/Drivers/STM32F7xx_HAL_Driver/Src/stm32f7xx_hal_dma.o
LOAD build/Cube-F7-Src-respin/Drivers/STM32F7xx_HAL_Driver/Src/stm32f7xx_hal_dma_ex.o
LOAD build/Cube-F7-Src-respin/Drivers/STM32F7xx_HAL_Driver/Src/stm32f7xx_hal_pwr.o
LOAD build/Cube-F7-Src-respin/Drivers/STM32F7xx_HAL_Driver/Src/stm32f7xx_hal_pwr_ex.o
LOAD build/Cube-F7-Src-respin/Drivers/STM32F7xx_HAL_Driver/Src/stm32f7xx_hal_exti.o
LOAD build/Cube-F7-Src-respin/Drivers/STM32F7xx_HAL_Driver/Src/stm32f7xx_hal_tim.o
LOAD build/Cube-F7-Src-respin/Drivers/STM32F7xx_HAL_Driver/Src/stm32f7xx_hal_tim_ex.o
LOAD build/Cube-F7-Src-respin/Drivers/STM32F7xx_HAL_Driver/Src/stm32f7xx_hal_can.o
LOAD build/Cube-F7-Src-respin/Drivers/STM32F7xx_HAL_Driver/Src/stm32f7xx_hal_i2c.o
LOAD build/Cube-F7-Src-respin/Drivers/STM32F7xx_HAL_Driver/Src/stm32f7xx_hal_i2c_ex.o
LOAD build/Cube-F7-Src-respin/Drivers/STM32F7xx_HAL_Driver/Src/stm32f7xx_hal_dac.o
LOAD build/Cube-F7-Src-respin/Drivers/STM32F7xx_HAL_Driver/Src/stm32f7xx_hal_dac_ex.o
LOAD build/Cube-F7-Src-respin/Drivers/STM32F7xx_HAL_Driver/Src/stm32f7xx_hal_spi.o
LOAD build/Cube-F7-Src-respin/Drivers/STM32F7xx_HAL_Driver/Src/stm32f7xx_hal_spi_ex.o
LOAD build/Cube-F7-Src-respin/Drivers/STM32F7xx_HAL_Driver/Src/stm32f7xx_hal_uart.o
LOAD build/Cube-F7-Src-respin/Drivers/STM32F7xx_HAL_Driver/Src/stm32f7xx_hal_uart_ex.o
LOAD build/Cube-F7-Src-respin/Middlewares/Third_Party/FreeRTOS/Source/croutine.o
LOAD build/Cube-F7-Src-respin/Middlewares/Third_Party/FreeRTOS/Source/event_groups.o
LOAD build/Cube-F7-Src-respin/Middlewares/Third_Party/FreeRTOS/Source/list.o
LOAD build/Cube-F7-Src-respin/Middlewares/Third_Party/FreeRTOS/Source/queue.o
LOAD build/Cube-F7-Src-respin/Middlewares/Third_Party/FreeRTOS/Source/stream_buffer.o
LOAD build/Cube-F7-Src-respin/Middlewares/Third_Party/FreeRTOS/Source/tasks.o
LOAD build/Cube-F7-Src-respin/Middlewares/Third_Party/FreeRTOS/Source/timers.o
LOAD build/Cube-F7-Src-respin/Middlewares/Third_Party/FreeRTOS/Source/CMSIS_RTOS/cmsis_os.o
LOAD build/Cube-F7-Src-respin/Middlewares/Third_Party/FreeRTOS/Source/portable/MemMang/heap_4.o
LOAD build/Cube-F7-Src-respin/Middlewares/Third_Party/FreeRTOS/Source/portable/GCC/ARM_CM7/r0p1/port.o
LOAD build/Cube-F7-Src-respin/startup_stm32f769xx.o
LOAD /usr/lib/gcc/arm-none-eabi/13.2.1/../../../arm-none-eabi/lib/thumb/v7e-m+dp/hard/libc_nano.a
LOAD /usr/lib/gcc/arm-none-eabi/13.2.1/../../../arm-none-eabi/lib/thumb/v7e-m+dp/hard/libm.a
LOAD /usr/lib/gcc/arm-none-eabi/13.2.1/../../../arm-none-eabi/lib/thumb/v7e-m+dp/hard/libnosys.a
START GROUP
LOAD /usr/lib/gcc/arm-none-eabi/13.2.1/thumb/v7e-m+dp/hard/libgcc.a
LOAD /usr/lib/gcc/arm-none-eabi/13.2.1/../../../arm-none-eabi/lib/thumb/v7e-m+dp/hard/libc_nano.a
END GROUP
START GROUP
LOAD /usr/lib/gcc/arm-none-eabi/13.2.1/thumb/v7e-m+dp/hard/libgcc.a
LOAD /usr/lib/gcc/arm-none-eabi/13.2.1/../../../arm-none-eabi/lib/thumb/v7e-m+dp/hard/libc_nano.a
END GROUP
LOAD /usr/lib/gcc/arm-none-eabi/13.2.1/thumb/v7e-m+dp/hard/crtend.o
LOAD /usr/lib/gcc/arm-none-eabi/13.2.1/thumb/v7e-m+dp/hard/crtn.o
                0x20080000                        _estack = (ORIGIN (RAM) + LENGTH (RAM))
                0x00000200                        _Min_Heap_Size = 0x200
                0x00000400                        _Min_Stack_Size = 0x400

.isr_vector     0x08000000      0x1f8
                0x08000000                        . = ALIGN (0x4)
 *(.isr_vector)
 .isr_vector    0x08000000      0x1f8 build/Cube-F7-Src-respin/startup_stm32f769xx.o
                0x08000000                g_pfnVectors
                0x080001f8                        . = ALIGN (0x4)

.text           0x08000200     0xa730
                0x08000200                        . = ALIGN (0x4)
 *(.text)
 .text          0x08000200       0x88 /usr/lib/gcc/arm-none-eabi/13.2.1/thumb/v7e-m+dp/hard/crtbegin.o
 .text          0x08000288       0x80 /usr/lib/gcc/arm-none-eabi/13.2.1/../../../arm-none-eabi/lib/thumb/v7e-m+dp/hard/libc_nano.a(libc_a-sprintf.o)
                0x08000288                _siprintf_r
                0x08000288                _sprintf_r
                0x080002c4                sprintf
                0x080002c4                siprintf
 .text          0x08000308       0xec /usr/lib/gcc/arm-none-eabi/13.2.1/../../../arm-none-eabi/lib/thumb/v7e-m+dp/hard/libc_nano.a(libc_a-vsnprintf.o)
                0x08000308                vsnprintf
                0x08000308                vsniprintf
                0x08000380                _vsnprintf_r
                0x08000380                _vsniprintf_r
 .text          0x080003f4       0xbc /usr/lib/gcc/arm-none-eabi/13.2.1/../../../arm-none-eabi/lib/thumb/v7e-m+dp/hard/libc_nano.a(libc_a-strcpy.o)
                0x080003f4                strcpy
 .text          0x080004b0      0x400 /usr/lib/gcc/arm-none-eabi/13.2.1/../../../arm-none-eabi/lib/thumb/v7e-m+dp/hard/libc_nano.a(libc_a-nano-svfprintf.o)
                0x080004b0                __ssputs_r
                0x08000570                __ssprint_r
                0x08000678                _svfprintf_r
                0x08000678                _svfiprintf_r
 .text          0x080008b0       0x50 /usr/lib/gcc/arm-none-eabi/13.2.1/../../../arm-none-eabi/lib/thumb/v7e-m+dp/hard/libc_nano.a(libc_a-init.o)
                0x080008b0                __libc_init_array
 .text          0x08000900       0xb0 /usr/lib/gcc/arm-none-eabi/13.2.1/../../../arm-none-eabi/lib/thumb/v7e-m+dp/hard/libc_nano.a(libc_a-sscanf.o)
                0x08000900                sscanf
                0x08000900                siscanf
                0x08000958                _siscanf_r
                0x08000958                _sscanf_r
 .text          0x080009b0       0xa0 /usr/lib/gcc/arm-none-eabi/13.2.1/../../../arm-none-eabi/lib/thumb/v7e-m+dp/hard/libc_nano.a(libc_a-puts.o)
                0x080009b0                _puts_r
                0x08000a40                puts
 .text          0x08000a50      0x224 /usr/lib/gcc/arm-none-eabi/13.2.1/../../../arm-none-eabi/lib/thumb/v7e-m+dp/hard/libc_nano.a(libc_a-findfp.o)
                0x08000b80                __sfp
                0x08000c24                __sinit
                0x08000c44                __sfp_lock_acquire
                0x08000c48                __sfp_lock_release
                0x08000c4c                __fp_lock_all
                0x08000c60                __fp_unlock_all
 *fill*         0x08000c74        0xc 
 .text          0x08000c80       0xd8 /usr/lib/gcc/arm-none-eabi/13.2.1/../../../arm-none-eabi/lib/thumb/v7e-m+dp/hard/libc_nano.a(libc_a-strlen.o)
                0x08000c80                strlen
 .text          0x08000d58       0xa4 /usr/lib/gcc/arm-none-eabi/13.2.1/../../../arm-none-eabi/lib/thumb/v7e-m+dp/hard/libc_nano.a(libc_a-memset.o)
                0x08000d58                memset
 .text          0x08000dfc      0x1a8 /usr/lib/gcc/arm-none-eabi/13.2.1/../../../arm-none-eabi/lib/thumb/v7e-m+dp/hard/libc_nano.a(libc_a-fflush.o)
                0x08000dfc                __sflush_r
                0x08000f20                _fflush_r
                0x08000f58                fflush
 .text          0x08000fa4        0xc /usr/lib/gcc/arm-none-eabi/13.2.1/../../../arm-none-eabi/lib/thumb/v7e-m+dp/hard/libc_nano.a(libc_a-errno.o)
                0x08000fa4                __errno
 .text          0x08000fb0      0x148 /usr/lib/gcc/arm-none-eabi/13.2.1/../../../arm-none-eabi/lib/thumb/v7e-m+dp/hard/libc_nano.a(libc_a-mallocr.o)
                0x08000ff8                _malloc_r
 .text          0x080010f8       0xbc /usr/lib/gcc/arm-none-eabi/13.2.1/../../../arm-none-eabi/lib/thumb/v7e-m+dp/hard/libc_nano.a(libc_a-freer.o)
                0x080010f8                _free_r
 .text          0x080011b4      0x100 /usr/lib/gcc/arm-none-eabi/13.2.1/../../../arm-none-eabi/lib/thumb/v7e-m+dp/hard/libc_nano.a(libc_a-memmove.o)
                0x080011b4                memmove
 .text          0x080012b4       0x44 /usr/lib/gcc/arm-none-eabi/13.2.1/../../../arm-none-eabi/lib/thumb/v7e-m+dp/hard/libc_nano.a(libc_a-fwalk.o)
                0x080012b4                _fwalk_sglue
 *fill*         0x080012f8        0x8 
 .text          0x08001300       0xa0 /usr/lib/gcc/arm-none-eabi/13.2.1/../../../arm-none-eabi/lib/thumb/v7e-m+dp/hard/libc_nano.a(libc_a-memchr.o)
                0x08001300                memchr
 .text          0x080013a0       0xc4 /usr/lib/gcc/arm-none-eabi/13.2.1/../../../arm-none-eabi/lib/thumb/v7e-m+dp/hard/libc_nano.a(libc_a-wsetup.o)
                0x080013a0                __swsetup_r
 .text          0x08001464      0x134 /usr/lib/gcc/arm-none-eabi/13.2.1/../../../arm-none-eabi/lib/thumb/v7e-m+dp/hard/libc_nano.a(libc_a-memcpy.o)
                0x08001464                memcpy
 .text          0x08001598       0x64 /usr/lib/gcc/arm-none-eabi/13.2.1/../../../arm-none-eabi/lib/thumb/v7e-m+dp/hard/libc_nano.a(libc_a-reallocr.o)
                0x08001598                _realloc_r
 .text          0x080015fc      0x3a8 /usr/lib/gcc/arm-none-eabi/13.2.1/../../../arm-none-eabi/lib/thumb/v7e-m+dp/hard/libc_nano.a(libc_a-nano-vfprintf_i.o)
                0x080015fc                _printf_common
                0x08001720                _printf_i
 .text          0x080019a4        0x8 /usr/lib/gcc/arm-none-eabi/13.2.1/../../../arm-none-eabi/lib/thumb/v7e-m+dp/hard/libc_nano.a(libc_a-mlock.o)
                0x080019a4                __malloc_lock
                0x080019a8                __malloc_unlock
 .text          0x080019ac       0x8c /usr/lib/gcc/arm-none-eabi/13.2.1/../../../arm-none-eabi/lib/thumb/v7e-m+dp/hard/libc_nano.a(libc_a-strncmp.o)
                0x080019ac                strncmp
 .text          0x08001a38      0x114 /usr/lib/gcc/arm-none-eabi/13.2.1/../../../arm-none-eabi/lib/thumb/v7e-m+dp/hard/libc_nano.a(libc_a-makebuf.o)
                0x08001a38                __smakebuf_r
                0x08001afc                __swhatbuf_r
 .text          0x08001b4c      0x114 /usr/lib/gcc/arm-none-eabi/13.2.1/../../../arm-none-eabi/lib/thumb/v7e-m+dp/hard/libc_nano.a(libc_a-snprintf.o)
                0x08001b4c                _sniprintf_r
                0x08001b4c                _snprintf_r
                0x08001bd0                snprintf
                0x08001bd0                sniprintf
 .text          0x08001c60       0x48 /usr/lib/gcc/arm-none-eabi/13.2.1/../../../arm-none-eabi/lib/thumb/v7e-m+dp/hard/libc_nano.a(libc_a-printf.o)
                0x08001c60                _printf_r
                0x08001c60                _iprintf_r
                0x08001c80                printf
                0x08001c80                iprintf
 .text          0x08001ca8       0x24 /usr/lib/gcc/arm-none-eabi/13.2.1/../../../arm-none-eabi/lib/thumb/v7e-m+dp/hard/libc_nano.a(libc_a-isattyr.o)
                0x08001ca8                _isatty_r
 .text          0x08001ccc      0x314 /usr/lib/gcc/arm-none-eabi/13.2.1/../../../arm-none-eabi/lib/thumb/v7e-m+dp/hard/libc_nano.a(libc_a-nano-vfprintf.o)
                0x08001d08                __sfputs_r
                0x08001d38                __sprint_r
                0x08001d58                _vfiprintf_r
                0x08001d58                _vfprintf_r
                0x08001fc4                vfiprintf
                0x08001fc4                vfprintf
 .text          0x08001fe0       0xa0 /usr/lib/gcc/arm-none-eabi/13.2.1/../../../arm-none-eabi/lib/thumb/v7e-m+dp/hard/libc_nano.a(libc_a-wbuf.o)
                0x08001fe0                __swbuf_r
                0x08002068                __swbuf
 .text          0x08002080       0x24 /usr/lib/gcc/arm-none-eabi/13.2.1/../../../arm-none-eabi/lib/thumb/v7e-m+dp/hard/libc_nano.a(libc_a-sbrkr.o)
                0x08002080                _sbrk_r
 .text          0x080020a4       0x94 /usr/lib/gcc/arm-none-eabi/13.2.1/../../../arm-none-eabi/lib/thumb/v7e-m+dp/hard/libc_nano.a(libc_a-stdio.o)
                0x080020a4                __sread
                0x080020c8                __seofread
                0x080020cc                __swrite
                0x0800210c                __sseek
                0x08002130                __sclose
 .text          0x08002138       0x10 /usr/lib/gcc/arm-none-eabi/13.2.1/../../../arm-none-eabi/lib/thumb/v7e-m+dp/hard/libc_nano.a(libc_a-msizer.o)
                0x08002138                _malloc_usable_size_r
 .text          0x08002148      0x300 /usr/lib/gcc/arm-none-eabi/13.2.1/../../../arm-none-eabi/lib/thumb/v7e-m+dp/hard/libc_nano.a(libc_a-fvwrite.o)
                0x08002148                __sfvwrite_r
 .text          0x08002448      0x438 /usr/lib/gcc/arm-none-eabi/13.2.1/../../../arm-none-eabi/lib/thumb/v7e-m+dp/hard/libc_nano.a(libc_a-nano-svfscanf.o)
                0x08002448                _sungetc_r
                0x080024c4                __ssrefill_r
                0x080024fc                __ssvfscanf_r
                0x080024fc                __ssvfiscanf_r
 .text          0x08002880      0x308 /usr/lib/gcc/arm-none-eabi/13.2.1/../../../arm-none-eabi/lib/thumb/v7e-m+dp/hard/libc_nano.a(libc_a-nano-vfscanf_i.o)
                0x08002880                _scanf_chars
                0x08002950                _scanf_i
 .text          0x08002b88       0x24 /usr/lib/gcc/arm-none-eabi/13.2.1/../../../arm-none-eabi/lib/thumb/v7e-m+dp/hard/libc_nano.a(libc_a-closer.o)
                0x08002b88                _close_r
 .text          0x08002bac      0x16c /usr/lib/gcc/arm-none-eabi/13.2.1/../../../arm-none-eabi/lib/thumb/v7e-m+dp/hard/libc_nano.a(libc_a-strtol.o)
                0x08002ce4                _strtol_r
                0x08002ce8                strtol_l
                0x08002d00                strtol
 .text          0x08002d18       0x2c /usr/lib/gcc/arm-none-eabi/13.2.1/../../../arm-none-eabi/lib/thumb/v7e-m+dp/hard/libc_nano.a(libc_a-readr.o)
                0x08002d18                _read_r
 .text          0x08002d44       0x2c /usr/lib/gcc/arm-none-eabi/13.2.1/../../../arm-none-eabi/lib/thumb/v7e-m+dp/hard/libc_nano.a(libc_a-fstatr.o)
                0x08002d44                _fstat_r
 .text          0x08002d70       0x98 /usr/lib/gcc/arm-none-eabi/13.2.1/../../../arm-none-eabi/lib/thumb/v7e-m+dp/hard/libc_nano.a(libc_a-sccl.o)
                0x08002d70                __sccl
 .text          0x08002e08       0x2c /usr/lib/gcc/arm-none-eabi/13.2.1/../../../arm-none-eabi/lib/thumb/v7e-m+dp/hard/libc_nano.a(libc_a-lseekr.o)
                0x08002e08                _lseek_r
 .text          0x08002e34      0x14c /usr/lib/gcc/arm-none-eabi/13.2.1/../../../arm-none-eabi/lib/thumb/v7e-m+dp/hard/libc_nano.a(libc_a-ungetc.o)
                0x08002e34                __submore
                0x08002ea8                _ungetc_r
                0x08002f68                ungetc
 .text          0x08002f80       0x2c /usr/lib/gcc/arm-none-eabi/13.2.1/../../../arm-none-eabi/lib/thumb/v7e-m+dp/hard/libc_nano.a(libc_a-writer.o)
                0x08002f80                _write_r
 .text          0x08002fac      0x168 /usr/lib/gcc/arm-none-eabi/13.2.1/../../../arm-none-eabi/lib/thumb/v7e-m+dp/hard/libc_nano.a(libc_a-strtoul.o)
                0x080030e0                _strtoul_r
                0x080030e4                strtoul_l
                0x080030fc                strtoul
 .text          0x08003114       0x30 /usr/lib/gcc/arm-none-eabi/13.2.1/thumb/v7e-m+dp/hard/libgcc.a(_aeabi_uldivmod.o)
                0x08003114                __aeabi_uldivmod
 .text          0x08003144      0x2bc /usr/lib/gcc/arm-none-eabi/13.2.1/thumb/v7e-m+dp/hard/libgcc.a(_udivmoddi4.o)
                0x08003144                __udivmoddi4
 .text          0x08003400        0x4 /usr/lib/gcc/arm-none-eabi/13.2.1/thumb/v7e-m+dp/hard/libgcc.a(_dvmd_tls.o)
                0x08003400                __aeabi_ldiv0
                0x08003400                __aeabi_idiv0
 *(.text*)
 .text.vApplicationStackOverflowHook
                0x08003404       0x24 build/Src/userInit.o
                0x08003404                vApplicationStackOverflowHook
 .text.userInit
                0x08003428       0x48 build/Src/userInit.o
                0x08003428                userInit
 .text.mainTaskFunction
                0x08003470       0x30 build/Src/mainTaskEntry.o
                0x08003470                mainTaskFunction
 .text.getDecimalFromParam
                0x080034a0       0x2c build/Src/hilCli.o
 .text.i2cDacRampCommand
                0x080034cc       0xa8 build/Src/hilCli.o
 .text.getHexFromParam
                0x08003574       0x2c build/Src/hilCli.o
 .text.i2cDacSetCodeCommand
                0x080035a0       0x60 build/Src/hilCli.o
 .text.getBusFromParam
                0x08003600       0x38 build/Src/hilCli.o
 .text.i2cDacSetVoltageCommand
                0x08003638       0x64 build/Src/hilCli.o
 .text.i2cDacProbeCommand
                0x0800369c       0x30 build/Src/hilCli.o
 .text.i2cScanCommand
                0x080036cc       0x84 build/Src/hilCli.o
 .text.hilCliInit
                0x08003750       0x28 build/Src/hilCli.o
                0x08003750                hilCliInit
 .text.uartBusInit
                0x08003778       0x94 build/Src/uartBus.o
                0x08003778                uartBusInit
 .text.uartBusWritePolled
                0x0800380c       0x20 build/Src/uartBus.o
                0x0800380c                uartBusWritePolled
 .text.uartBusWrite
                0x0800382c       0x68 build/Src/uartBus.o
                0x0800382c                uartBusWrite
 .text.uartBusReadByte
                0x08003894       0x28 build/Src/uartBus.o
                0x08003894                uartBusReadByte
 .text.HAL_UART_RxCpltCallback
                0x080038bc       0x50 build/Src/uartBus.o
                0x080038bc                HAL_UART_RxCpltCallback
 .text.getI2cHandle
                0x0800390c       0x28 build/Src/i2cBus.o
 .text.i2cIsDeviceReady
                0x08003934       0x28 build/Src/i2cBus.o
                0x08003934                i2cIsDeviceReady
 .text.buildOutputFrame
                0x0800395c       0x16 build/Src/i2c_dac.o
 .text.transmitFrame
                0x08003972        0x4 build/Src/i2c_dac.o
 .text.activateDAC
                0x08003976        0x4 build/Src/i2c_dac.o
 *fill*         0x0800397a        0x2 
 .text.i2cDacInit
                0x0800397c       0x18 build/Src/i2c_dac.o
                0x0800397c                i2cDacInit
 .text.i2cDacProbe
                0x08003994        0xc build/Src/i2c_dac.o
                0x08003994                i2cDacProbe
 .text.i2cDacSetCode
                0x080039a0       0x2a build/Src/i2c_dac.o
                0x080039a0                i2cDacSetCode
 *fill*         0x080039ca        0x2 
 .text.i2cDacSetMillivolts
                0x080039cc       0x24 build/Src/i2c_dac.o
                0x080039cc                i2cDacSetMillivolts
 .text.__NVIC_SystemReset
                0x080039f0       0x24 build/Standalone/Src/debug.o
 .text.clampFormatLength
                0x08003a14       0x12 build/Standalone/Src/debug.o
 *fill*         0x08003a26        0x2 
 .text.resetCommand
                0x08003a28       0x14 build/Standalone/Src/debug.o
 .text.queueBytes
                0x08003a3c       0x3c build/Standalone/Src/debug.o
 .text.queueBytesBlocking
                0x08003a78       0x48 build/Standalone/Src/debug.o
 .text.runCommandLine
                0x08003ac0       0x28 build/Standalone/Src/debug.o
 .text.registerBuiltinCommands
                0x08003ae8       0x28 build/Standalone/Src/debug.o
 .text.versionCommand
                0x08003b10       0x10 build/Standalone/Src/debug.o
 .text.statsCommand
                0x08003b20       0x20 build/Standalone/Src/debug.o
 .text.taskListCommand
                0x08003b40       0x20 build/Standalone/Src/debug.o
 .text.heapCommand
                0x08003b60       0x2c build/Standalone/Src/debug.o
 .text.debugPrint
                0x08003b8c       0x74 build/Standalone/Src/debug.o
                0x08003b8c                debugPrint
 .text.__io_putchar
                0x08003c00       0x1a build/Standalone/Src/debug.o
                0x08003c00                __io_putchar
 *fill*         0x08003c1a        0x2 
 .text.printTask
                0x08003c1c       0x28 build/Standalone/Src/debug.o
                0x08003c1c                printTask
 .text.cliTask  0x08003c44       0xbc build/Standalone/Src/debug.o
                0x08003c44                cliTask
 .text.configureTimerForRunTimeStats
                0x08003d00       0x48 build/Standalone/Src/debug.o
                0x08003d00                configureTimerForRunTimeStats
 .text.getRunTimeCounterValue
                0x08003d48       0x30 build/Standalone/Src/debug.o
                0x08003d48                getRunTimeCounterValue
 .text.debugInit
                0x08003d78       0x38 build/Standalone/Src/debug.o
                0x08003d78                debugInit
 .text.countParameters
                0x08003db0       0x2c build/Standalone/Src/FreeRTOS_CLI.o
 .text.helpCommand
                0x08003ddc       0x50 build/Standalone/Src/FreeRTOS_CLI.o
 .text.FreeRTOS_CLIRegisterCommand
                0x08003e2c       0x5c build/Standalone/Src/FreeRTOS_CLI.o
                0x08003e2c                FreeRTOS_CLIRegisterCommand
 .text.FreeRTOS_CLIGetParameter
                0x08003e88       0x64 build/Standalone/Src/FreeRTOS_CLI.o
                0x08003e88                FreeRTOS_CLIGetParameter
 .text.FreeRTOS_CLIProcessCommand
                0x08003eec       0xe0 build/Standalone/Src/FreeRTOS_CLI.o
                0x08003eec                FreeRTOS_CLIProcessCommand
 .text.MPU_Config
                0x08003fcc       0x52 build/Cube-F7-Src-respin/Core/Src/main.o
 *fill*         0x0800401e        0x2 
 .text.HAL_TIM_PeriodElapsedCallback
                0x08004020       0x18 build/Cube-F7-Src-respin/Core/Src/main.o
                0x08004020                HAL_TIM_PeriodElapsedCallback
 .text.Error_Handler
                0x08004038        0x4 build/Cube-F7-Src-respin/Core/Src/main.o
                0x08004038                Error_Handler
 .text.SystemClock_Config
                0x0800403c       0xb0 build/Cube-F7-Src-respin/Core/Src/main.o
                0x0800403c                SystemClock_Config
 .text.main     0x080040ec       0x5c build/Cube-F7-Src-respin/Core/Src/main.o
                0x080040ec                main
 .text.MX_GPIO_Init
                0x08004148      0x234 build/Cube-F7-Src-respin/Core/Src/gpio.o
                0x08004148                MX_GPIO_Init
 .text.defaultTaskFunction
                0x0800437c        0xa build/Cube-F7-Src-respin/Core/Src/freertos.o
                0x0800437c                defaultTaskFunction
 *fill*         0x08004386        0x2 
 .text.vApplicationGetIdleTaskMemory
                0x08004388       0x18 build/Cube-F7-Src-respin/Core/Src/freertos.o
                0x08004388                vApplicationGetIdleTaskMemory
 .text.MX_FREERTOS_Init
                0x080043a0       0xac build/Cube-F7-Src-respin/Core/Src/freertos.o
                0x080043a0                MX_FREERTOS_Init
 .text.MX_DMA_Init
                0x0800444c       0x44 build/Cube-F7-Src-respin/Core/Src/dma.o
                0x0800444c                MX_DMA_Init
 .text.MX_CAN1_Init
                0x08004490       0x48 build/Cube-F7-Src-respin/Core/Src/can.o
                0x08004490                MX_CAN1_Init
 .text.MX_CAN2_Init
                0x080044d8       0x48 build/Cube-F7-Src-respin/Core/Src/can.o
                0x080044d8                MX_CAN2_Init
 .text.MX_CAN3_Init
                0x08004520       0x3c build/Cube-F7-Src-respin/Core/Src/can.o
                0x08004520                MX_CAN3_Init
 .text.HAL_CAN_MspInit
                0x0800455c      0x180 build/Cube-F7-Src-respin/Core/Src/can.o
                0x0800455c                HAL_CAN_MspInit
 .text.MX_DAC_Init
                0x080046dc       0x54 build/Cube-F7-Src-respin/Core/Src/dac.o
                0x080046dc                MX_DAC_Init
 .text.HAL_DAC_MspInit
                0x08004730       0x60 build/Cube-F7-Src-respin/Core/Src/dac.o
                0x08004730                HAL_DAC_MspInit
 .text.MX_I2C1_Init
                0x08004790       0x58 build/Cube-F7-Src-respin/Core/Src/i2c.o
                0x08004790                MX_I2C1_Init
 .text.MX_I2C2_Init
                0x080047e8       0x58 build/Cube-F7-Src-respin/Core/Src/i2c.o
                0x080047e8                MX_I2C2_Init
 .text.MX_I2C3_Init
                0x08004840       0x58 build/Cube-F7-Src-respin/Core/Src/i2c.o
                0x08004840                MX_I2C3_Init
 .text.HAL_I2C_MspInit
                0x08004898      0x158 build/Cube-F7-Src-respin/Core/Src/i2c.o
                0x08004898                HAL_I2C_MspInit
 .text.MX_SPI4_Init
                0x080049f0       0x4c build/Cube-F7-Src-respin/Core/Src/spi.o
                0x080049f0                MX_SPI4_Init
 .text.MX_SPI5_Init
                0x08004a3c       0x4c build/Cube-F7-Src-respin/Core/Src/spi.o
                0x08004a3c                MX_SPI5_Init
 .text.HAL_SPI_MspInit
                0x08004a88       0xbc build/Cube-F7-Src-respin/Core/Src/spi.o
                0x08004a88                HAL_SPI_MspInit
 .text.MX_TIM7_Init
                0x08004b44       0x50 build/Cube-F7-Src-respin/Core/Src/tim.o
                0x08004b44                MX_TIM7_Init
 .text.HAL_TIM_Base_MspInit
                0x08004b94       0x2c build/Cube-F7-Src-respin/Core/Src/tim.o
                0x08004b94                HAL_TIM_Base_MspInit
 .text.HAL_TIM_PWM_MspInit
                0x08004bc0       0x2c build/Cube-F7-Src-respin/Core/Src/tim.o
                0x08004bc0                HAL_TIM_PWM_MspInit
 .text.HAL_TIM_MspPostInit
                0x08004bec       0x58 build/Cube-F7-Src-respin/Core/Src/tim.o
                0x08004bec                HAL_TIM_MspPostInit
 .text.MX_TIM8_Init
                0x08004c44       0xec build/Cube-F7-Src-respin/Core/Src/tim.o
                0x08004c44                MX_TIM8_Init
 .text.MX_UART4_Init
                0x08004d30       0x38 build/Cube-F7-Src-respin/Core/Src/usart.o
                0x08004d30                MX_UART4_Init
 .text.MX_UART7_Init
                0x08004d68       0x38 build/Cube-F7-Src-respin/Core/Src/usart.o
                0x08004d68                MX_UART7_Init
 .text.MX_USART3_UART_Init
                0x08004da0       0x38 build/Cube-F7-Src-respin/Core/Src/usart.o
                0x08004da0                MX_USART3_UART_Init
 .text.HAL_UART_MspInit
                0x08004dd8      0x1f8 build/Cube-F7-Src-respin/Core/Src/usart.o
                0x08004dd8                HAL_UART_MspInit
 .text.NMI_Handler
                0x08004fd0        0x2 build/Cube-F7-Src-respin/Core/Src/stm32f7xx_it.o
                0x08004fd0                NMI_Handler
 .text.HardFault_Handler
                0x08004fd2        0x2 build/Cube-F7-Src-respin/Core/Src/stm32f7xx_it.o
                0x08004fd2                HardFault_Handler
 .text.MemManage_Handler
                0x08004fd4        0x2 build/Cube-F7-Src-respin/Core/Src/stm32f7xx_it.o
                0x08004fd4                MemManage_Handler
 .text.BusFault_Handler
                0x08004fd6        0x2 build/Cube-F7-Src-respin/Core/Src/stm32f7xx_it.o
                0x08004fd6                BusFault_Handler
 .text.UsageFault_Handler
                0x08004fd8        0x2 build/Cube-F7-Src-respin/Core/Src/stm32f7xx_it.o
                0x08004fd8                UsageFault_Handler
 .text.DebugMon_Handler
                0x08004fda        0x2 build/Cube-F7-Src-respin/Core/Src/stm32f7xx_it.o
                0x08004fda                DebugMon_Handler
 .text.DMA1_Stream2_IRQHandler
                0x08004fdc       0x10 build/Cube-F7-Src-respin/Core/Src/stm32f7xx_it.o
                0x08004fdc                DMA1_Stream2_IRQHandler
 .text.DMA1_Stream4_IRQHandler
                0x08004fec       0x10 build/Cube-F7-Src-respin/Core/Src/stm32f7xx_it.o
                0x08004fec                DMA1_Stream4_IRQHandler
 .text.TIM1_UP_TIM10_IRQHandler
                0x08004ffc       0x10 build/Cube-F7-Src-respin/Core/Src/stm32f7xx_it.o
                0x08004ffc                TIM1_UP_TIM10_IRQHandler
 .text.CAN3_TX_IRQHandler
                0x0800500c       0x10 build/Cube-F7-Src-respin/Core/Src/stm32f7xx_it.o
                0x0800500c                CAN3_TX_IRQHandler
 .text.CAN3_RX0_IRQHandler
                0x0800501c       0x10 build/Cube-F7-Src-respin/Core/Src/stm32f7xx_it.o
                0x0800501c                CAN3_RX0_IRQHandler
 .text.CAN3_RX1_IRQHandler
                0x0800502c       0x10 build/Cube-F7-Src-respin/Core/Src/stm32f7xx_it.o
                0x0800502c                CAN3_RX1_IRQHandler
 .text.CAN3_SCE_IRQHandler
                0x0800503c       0x10 build/Cube-F7-Src-respin/Core/Src/stm32f7xx_it.o
                0x0800503c                CAN3_SCE_IRQHandler
 .text.HAL_MspInit
                0x0800504c       0x40 build/Cube-F7-Src-respin/Core/Src/stm32f7xx_hal_msp.o
                0x0800504c                HAL_MspInit
 .text.HAL_InitTick
                0x0800508c       0x94 build/Cube-F7-Src-respin/Core/Src/stm32f7xx_hal_timebase_tim.o
                0x0800508c                HAL_InitTick
 .text.SystemInit
                0x08005120       0x14 build/Cube-F7-Src-respin/Core/Src/system_stm32f7xx.o
                0x08005120                SystemInit
 .text._read    0x08005134       0x20 build/Cube-F7-Src-respin/Core/Src/syscalls.o
                0x08005134                _read
 .text._write   0x08005154       0x1c build/Cube-F7-Src-respin/Core/Src/syscalls.o
                0x08005154                _write
 .text._close   0x08005170        0x6 build/Cube-F7-Src-respin/Core/Src/syscalls.o
                0x08005170                _close
 .text._fstat   0x08005176        0xa build/Cube-F7-Src-respin/Core/Src/syscalls.o
                0x08005176                _fstat
 .text._isatty  0x08005180        0x4 build/Cube-F7-Src-respin/Core/Src/syscalls.o
                0x08005180                _isatty
 .text._lseek   0x08005184        0x4 build/Cube-F7-Src-respin/Core/Src/syscalls.o
                0x08005184                _lseek
 .text._sbrk    0x08005188       0x48 build/Cube-F7-Src-respin/Core/Src/sysmem.o
                0x08005188                _sbrk
 .text.HAL_Init
                0x080051d0       0x16 build/Cube-F7-Src-respin/Drivers/STM32F7xx_HAL_Driver/Src/stm32f7xx_hal.o
                0x080051d0                HAL_Init
 *fill*         0x080051e6        0x2 
 .text.HAL_IncTick
                0x080051e8       0x18 build/Cube-F7-Src-respin/Drivers/STM32F7xx_HAL_Driver/Src/stm32f7xx_hal.o
                0x080051e8                HAL_IncTick
 .text.HAL_GetTick
                0x08005200        0xc build/Cube-F7-Src-respin/Drivers/STM32F7xx_HAL_Driver/Src/stm32f7xx_hal.o
                0x08005200                HAL_GetTick
 .text.__NVIC_SetPriority
                0x0800520c       0x24 build/Cube-F7-Src-respin/Drivers/STM32F7xx_HAL_Driver/Src/stm32f7xx_hal_cortex.o
 .text.NVIC_EncodePriority
                0x08005230       0x3e build/Cube-F7-Src-respin/Drivers/STM32F7xx_HAL_Driver/Src/stm32f7xx_hal_cortex.o
 *fill*         0x0800526e        0x2 
 .text.HAL_NVIC_SetPriorityGrouping
                0x08005270       0x24 build/Cube-F7-Src-respin/Drivers/STM32F7xx_HAL_Driver/Src/stm32f7xx_hal_cortex.o
                0x08005270                HAL_NVIC_SetPriorityGrouping
 .text.HAL_NVIC_SetPriority
                0x08005294       0x20 build/Cube-F7-Src-respin/Drivers/STM32F7xx_HAL_Driver/Src/stm32f7xx_hal_cortex.o
                0x08005294                HAL_NVIC_SetPriority
 .text.HAL_NVIC_EnableIRQ
                0x080052b4       0x1c build/Cube-F7-Src-respin/Drivers/STM32F7xx_HAL_Driver/Src/stm32f7xx_hal_cortex.o
                0x080052b4                HAL_NVIC_EnableIRQ
 .text.HAL_MPU_Disable
                0x080052d0       0x1c build/Cube-F7-Src-respin/Drivers/STM32F7xx_HAL_Driver/Src/stm32f7xx_hal_cortex.o
                0x080052d0                HAL_MPU_Disable
 .text.HAL_MPU_Enable
                0x080052ec       0x20 build/Cube-F7-Src-respin/Drivers/STM32F7xx_HAL_Driver/Src/stm32f7xx_hal_cortex.o
                0x080052ec                HAL_MPU_Enable
 .text.HAL_MPU_ConfigRegion
                0x0800530c       0x58 build/Cube-F7-Src-respin/Drivers/STM32F7xx_HAL_Driver/Src/stm32f7xx_hal_cortex.o
                0x0800530c                HAL_MPU_ConfigRegion
 .text.HAL_RCC_OscConfig
                0x08005364      0x444 build/Cube-F7-Src-respin/Drivers/STM32F7xx_HAL_Driver/Src/stm32f7xx_hal_rcc.o
                0x08005364                HAL_RCC_OscConfig
 .text.HAL_RCC_GetSysClockFreq
                0x080057a8       0xdc build/Cube-F7-Src-respin/Drivers/STM32F7xx_HAL_Driver/Src/stm32f7xx_hal_rcc.o
                0x080057a8                HAL_RCC_GetSysClockFreq
 .text.HAL_RCC_ClockConfig
                0x08005884      0x16c build/Cube-F7-Src-respin/Drivers/STM32F7xx_HAL_Driver/Src/stm32f7xx_hal_rcc.o
                0x08005884                HAL_RCC_ClockConfig
 .text.HAL_RCC_GetHCLKFreq
                0x080059f0        0xc build/Cube-F7-Src-respin/Drivers/STM32F7xx_HAL_Driver/Src/stm32f7xx_hal_rcc.o
                0x080059f0                HAL_RCC_GetHCLKFreq
 .text.HAL_RCC_GetPCLK1Freq
                0x080059fc       0x20 build/Cube-F7-Src-respin/Drivers/STM32F7xx_HAL_Driver/Src/stm32f7xx_hal_rcc.o
                0x080059fc                HAL_RCC_GetPCLK1Freq
 .text.HAL_RCC_GetPCLK2Freq
                0x08005a1c       0x20 build/Cube-F7-Src-respin/Drivers/STM32F7xx_HAL_Driver/Src/stm32f7xx_hal_rcc.o
                0x08005a1c                HAL_RCC_GetPCLK2Freq
 .text.HAL_RCC_GetClockConfig
                0x08005a3c       0x3c build/Cube-F7-Src-respin/Drivers/STM32F7xx_HAL_Driver/Src/stm32f7xx_hal_rcc.o
                0x08005a3c                HAL_RCC_GetClockConfig
 .text.HAL_RCCEx_PeriphCLKConfig
                0x08005a78      0x600 build/Cube-F7-Src-respin/Drivers/STM32F7xx_HAL_Driver/Src/stm32f7xx_hal_rcc_ex.o
                0x08005a78                HAL_RCCEx_PeriphCLKConfig
 .text.HAL_GPIO_Init
                0x08006078      0x204 build/Cube-F7-Src-respin/Drivers/STM32F7xx_HAL_Driver/Src/stm32f7xx_hal_gpio.o
                0x08006078                HAL_GPIO_Init
 .text.HAL_GPIO_WritePin
                0x0800627c        0xc build/Cube-F7-Src-respin/Drivers/STM32F7xx_HAL_Driver/Src/stm32f7xx_hal_gpio.o
                0x0800627c                HAL_GPIO_WritePin
 .text.HAL_GPIO_TogglePin
                0x08006288       0x12 build/Cube-F7-Src-respin/Drivers/STM32F7xx_HAL_Driver/Src/stm32f7xx_hal_gpio.o
                0x08006288                HAL_GPIO_TogglePin
 .text.DMA_SetConfig
                0x0800629a       0x2c build/Cube-F7-Src-respin/Drivers/STM32F7xx_HAL_Driver/Src/stm32f7xx_hal_dma.o
 *fill*         0x080062c6        0x2 
 .text.DMA_CalcBaseAndBitshift
                0x080062c8       0x3c build/Cube-F7-Src-respin/Drivers/STM32F7xx_HAL_Driver/Src/stm32f7xx_hal_dma.o
 .text.DMA_CheckFifoParam
                0x08006304       0x8e build/Cube-F7-Src-respin/Drivers/STM32F7xx_HAL_Driver/Src/stm32f7xx_hal_dma.o
 *fill*         0x08006392        0x2 
 .text.HAL_DMA_Init
                0x08006394       0xd0 build/Cube-F7-Src-respin/Drivers/STM32F7xx_HAL_Driver/Src/stm32f7xx_hal_dma.o
                0x08006394                HAL_DMA_Init
 .text.HAL_DMA_Start_IT
                0x08006464       0x74 build/Cube-F7-Src-respin/Drivers/STM32F7xx_HAL_Driver/Src/stm32f7xx_hal_dma.o
                0x08006464                HAL_DMA_Start_IT
 .text.HAL_DMA_IRQHandler
                0x080064d8      0x1dc build/Cube-F7-Src-respin/Drivers/STM32F7xx_HAL_Driver/Src/stm32f7xx_hal_dma.o
                0x080064d8                HAL_DMA_IRQHandler
 .text.HAL_PWREx_EnableOverDrive
                0x080066b4       0x7c build/Cube-F7-Src-respin/Drivers/STM32F7xx_HAL_Driver/Src/stm32f7xx_hal_pwr_ex.o
                0x080066b4                HAL_PWREx_EnableOverDrive
 .text.TIM_OC1_SetConfig
                0x08006730       0x68 build/Cube-F7-Src-respin/Drivers/STM32F7xx_HAL_Driver/Src/stm32f7xx_hal_tim.o
 .text.TIM_OC3_SetConfig
                0x08006798       0x70 build/Cube-F7-Src-respin/Drivers/STM32F7xx_HAL_Driver/Src/stm32f7xx_hal_tim.o
 .text.TIM_OC4_SetConfig
                0x08006808       0x54 build/Cube-F7-Src-respin/Drivers/STM32F7xx_HAL_Driver/Src/stm32f7xx_hal_tim.o
 .text.TIM_OC5_SetConfig
                0x0800685c       0x54 build/Cube-F7-Src-respin/Drivers/STM32F7xx_HAL_Driver/Src/stm32f7xx_hal_tim.o
 .text.TIM_OC6_SetConfig
                0x080068b0       0x54 build/Cube-F7-Src-respin/Drivers/STM32F7xx_HAL_Driver/Src/stm32f7xx_hal_tim.o
 .text.HAL_TIM_Base_Start
                0x08006904       0x88 build/Cube-F7-Src-respin/Drivers/STM32F7xx_HAL_Driver/Src/stm32f7xx_hal_tim.o
                0x08006904                HAL_TIM_Base_Start
 .text.HAL_TIM_Base_Start_IT
                0x0800698c       0x90 build/Cube-F7-Src-respin/Drivers/STM32F7xx_HAL_Driver/Src/stm32f7xx_hal_tim.o
                0x0800698c                HAL_TIM_Base_Start_IT
 .text.HAL_TIM_OC_DelayElapsedCallback
                0x08006a1c        0x2 build/Cube-F7-Src-respin/Drivers/STM32F7xx_HAL_Driver/Src/stm32f7xx_hal_tim.o
                0x08006a1c                HAL_TIM_OC_DelayElapsedCallback
 .text.HAL_TIM_IC_CaptureCallback
                0x08006a1e        0x2 build/Cube-F7-Src-respin/Drivers/STM32F7xx_HAL_Driver/Src/stm32f7xx_hal_tim.o
                0x08006a1e                HAL_TIM_IC_CaptureCallback
 .text.HAL_TIM_PWM_PulseFinishedCallback
                0x08006a20        0x2 build/Cube-F7-Src-respin/Drivers/STM32F7xx_HAL_Driver/Src/stm32f7xx_hal_tim.o
                0x08006a20                HAL_TIM_PWM_PulseFinishedCallback
 .text.HAL_TIM_TriggerCallback
                0x08006a22        0x2 build/Cube-F7-Src-respin/Drivers/STM32F7xx_HAL_Driver/Src/stm32f7xx_hal_tim.o
                0x08006a22                HAL_TIM_TriggerCallback
 .text.HAL_TIM_IRQHandler
                0x08006a24      0x17a build/Cube-F7-Src-respin/Drivers/STM32F7xx_HAL_Driver/Src/stm32f7xx_hal_tim.o
                0x08006a24                HAL_TIM_IRQHandler
 *fill*         0x08006b9e        0x2 
 .text.TIM_Base_SetConfig
                0x08006ba0      0x114 build/Cube-F7-Src-respin/Drivers/STM32F7xx_HAL_Driver/Src/stm32f7xx_hal_tim.o
                0x08006ba0                TIM_Base_SetConfig
 .text.HAL_TIM_Base_Init
                0x08006cb4       0x60 build/Cube-F7-Src-respin/Drivers/STM32F7xx_HAL_Driver/Src/stm32f7xx_hal_tim.o
                0x08006cb4                HAL_TIM_Base_Init
 .text.HAL_TIM_PWM_Init
                0x08006d14       0x60 build/Cube-F7-Src-respin/Drivers/STM32F7xx_HAL_Driver/Src/stm32f7xx_hal_tim.o
                0x08006d14                HAL_TIM_PWM_Init
 .text.TIM_OC2_SetConfig
                0x08006d74       0x70 build/Cube-F7-Src-respin/Drivers/STM32F7xx_HAL_Driver/Src/stm32f7xx_hal_tim.o
                0x08006d74                TIM_OC2_SetConfig
 .text.HAL_TIM_PWM_ConfigChannel
                0x08006de4      0x13a build/Cube-F7-Src-respin/Drivers/STM32F7xx_HAL_Driver/Src/stm32f7xx_hal_tim.o
                0x08006de4                HAL_TIM_PWM_ConfigChannel
 *fill*         0x08006f1e        0x2 
 .text.HAL_TIMEx_MasterConfigSynchronization
                0x08006f20       0xa0 build/Cube-F7-Src-respin/Drivers/STM32F7xx_HAL_Driver/Src/stm32f7xx_hal_tim_ex.o
                0x08006f20                HAL_TIMEx_MasterConfigSynchronization
 .text.HAL_TIMEx_ConfigBreakDeadTime
                0x08006fc0       0x90 build/Cube-F7-Src-respin/Drivers/STM32F7xx_HAL_Driver/Src/stm32f7xx_hal_tim_ex.o
                0x08006fc0                HAL_TIMEx_ConfigBreakDeadTime
 .text.HAL_TIMEx_CommutCallback
                0x08007050        0x2 build/Cube-F7-Src-respin/Drivers/STM32F7xx_HAL_Driver/Src/stm32f7xx_hal_tim_ex.o
                0x08007050                HAL_TIMEx_CommutCallback
 .text.HAL_TIMEx_BreakCallback
                0x08007052        0x2 build/Cube-F7-Src-respin/Drivers/STM32F7xx_HAL_Driver/Src/stm32f7xx_hal_tim_ex.o
                0x08007052                HAL_TIMEx_BreakCallback
 .text.HAL_TIMEx_Break2Callback
                0x08007054        0x2 build/Cube-F7-Src-respin/Drivers/STM32F7xx_HAL_Driver/Src/stm32f7xx_hal_tim_ex.o
                0x08007054                HAL_TIMEx_Break2Callback
 .text.HAL_CAN_Init
                0x08007056      0x14c build/Cube-F7-Src-respin/Drivers/STM32F7xx_HAL_Driver/Src/stm32f7xx_hal_can.o
                0x08007056                HAL_CAN_Init
 .text.HAL_CAN_TxMailbox0CompleteCallback
                0x080071a2        0x2 build/Cube-F7-Src-respin/Drivers/STM32F7xx_HAL_Driver/Src/stm32f7xx_hal_can.o
                0x080071a2                HAL_CAN_TxMailbox0CompleteCallback
 .text.HAL_CAN_TxMailbox1CompleteCallback
                0x080071a4        0x2 build/Cube-F7-Src-respin/Drivers/STM32F7xx_HAL_Driver/Src/stm32f7xx_hal_can.o
                0x080071a4                HAL_CAN_TxMailbox1CompleteCallback
 .text.HAL_CAN_TxMailbox2CompleteCallback
                0x080071a6        0x2 build/Cube-F7-Src-respin/Drivers/STM32F7xx_HAL_Driver/Src/stm32f7xx_hal_can.o
                0x080071a6                HAL_CAN_TxMailbox2CompleteCallback
 .text.HAL_CAN_TxMailbox0AbortCallback
                0x080071a8        0x2 build/Cube-F7-Src-respin/Drivers/STM32F7xx_HAL_Driver/Src/stm32f7xx_hal_can.o
                0x080071a8                HAL_CAN_TxMailbox0AbortCallback
 .text.HAL_CAN_TxMailbox1AbortCallback
                0x080071aa        0x2 build/Cube-F7-Src-respin/Drivers/STM32F7xx_HAL_Driver/Src/stm32f7xx_hal_can.o
                0x080071aa                HAL_CAN_TxMailbox1AbortCallback
 .text.HAL_CAN_TxMailbox2AbortCallback
                0x080071ac        0x2 build/Cube-F7-Src-respin/Drivers/STM32F7xx_HAL_Driver/Src/stm32f7xx_hal_can.o
                0x080071ac                HAL_CAN_TxMailbox2AbortCallback
 .text.HAL_CAN_RxFifo0MsgPendingCallback
                0x080071ae        0x2 build/Cube-F7-Src-respin/Drivers/STM32F7xx_HAL_Driver/Src/stm32f7xx_hal_can.o
                0x080071ae                HAL_CAN_RxFifo0MsgPendingCallback
 .text.HAL_CAN_RxFifo0FullCallback
                0x080071b0        0x2 build/Cube-F7-Src-respin/Drivers/STM32F7xx_HAL_Driver/Src/stm32f7xx_hal_can.o
                0x080071b0                HAL_CAN_RxFifo0FullCallback
 .text.HAL_CAN_RxFifo1MsgPendingCallback
                0x080071b2        0x2 build/Cube-F7-Src-respin/Drivers/STM32F7xx_HAL_Driver/Src/stm32f7xx_hal_can.o
                0x080071b2                HAL_CAN_RxFifo1MsgPendingCallback
 .text.HAL_CAN_RxFifo1FullCallback
                0x080071b4        0x2 build/Cube-F7-Src-respin/Drivers/STM32F7xx_HAL_Driver/Src/stm32f7xx_hal_can.o
                0x080071b4                HAL_CAN_RxFifo1FullCallback
 .text.HAL_CAN_SleepCallback
                0x080071b6        0x2 build/Cube-F7-Src-respin/Drivers/STM32F7xx_HAL_Driver/Src/stm32f7xx_hal_can.o
                0x080071b6                HAL_CAN_SleepCallback
 .text.HAL_CAN_WakeUpFromRxMsgCallback
                0x080071b8        0x2 build/Cube-F7-Src-respin/Drivers/STM32F7xx_HAL_Driver/Src/stm32f7xx_hal_can.o
                0x080071b8                HAL_CAN_WakeUpFromRxMsgCallback
 .text.HAL_CAN_ErrorCallback
                0x080071ba        0x2 build/Cube-F7-Src-respin/Drivers/STM32F7xx_HAL_Driver/Src/stm32f7xx_hal_can.o
                0x080071ba                HAL_CAN_ErrorCallback
 .text.HAL_CAN_IRQHandler
                0x080071bc      0x250 build/Cube-F7-Src-respin/Drivers/STM32F7xx_HAL_Driver/Src/stm32f7xx_hal_can.o
                0x080071bc                HAL_CAN_IRQHandler
 .text.I2C_Flush_TXDR
                0x0800740c       0x22 build/Cube-F7-Src-respin/Drivers/STM32F7xx_HAL_Driver/Src/stm32f7xx_hal_i2c.o
 .text.I2C_IsErrorOccurred
                0x0800742e      0x118 build/Cube-F7-Src-respin/Drivers/STM32F7xx_HAL_Driver/Src/stm32f7xx_hal_i2c.o
 .text.I2C_WaitOnFlagUntilTimeout
                0x08007546       0x7c build/Cube-F7-Src-respin/Drivers/STM32F7xx_HAL_Driver/Src/stm32f7xx_hal_i2c.o
 *fill*         0x080075c2        0x2 
 .text.HAL_I2C_Init
                0x080075c4       0xc8 build/Cube-F7-Src-respin/Drivers/STM32F7xx_HAL_Driver/Src/stm32f7xx_hal_i2c.o
                0x080075c4                HAL_I2C_Init
 .text.HAL_I2C_IsDeviceReady
                0x0800768c      0x16c build/Cube-F7-Src-respin/Drivers/STM32F7xx_HAL_Driver/Src/stm32f7xx_hal_i2c.o
                0x0800768c                HAL_I2C_IsDeviceReady
 .text.HAL_I2CEx_ConfigAnalogFilter
                0x080077f8       0x5c build/Cube-F7-Src-respin/Drivers/STM32F7xx_HAL_Driver/Src/stm32f7xx_hal_i2c_ex.o
                0x080077f8                HAL_I2CEx_ConfigAnalogFilter
 .text.HAL_I2CEx_ConfigDigitalFilter
                0x08007854       0x58 build/Cube-F7-Src-respin/Drivers/STM32F7xx_HAL_Driver/Src/stm32f7xx_hal_i2c_ex.o
                0x08007854                HAL_I2CEx_ConfigDigitalFilter
 .text.HAL_DAC_Init
                0x080078ac       0x24 build/Cube-F7-Src-respin/Drivers/STM32F7xx_HAL_Driver/Src/stm32f7xx_hal_dac.o
                0x080078ac                HAL_DAC_Init
 .text.HAL_DAC_ConfigChannel
                0x080078d0       0x6a build/Cube-F7-Src-respin/Drivers/STM32F7xx_HAL_Driver/Src/stm32f7xx_hal_dac.o
                0x080078d0                HAL_DAC_ConfigChannel
 .text.HAL_SPI_Init
                0x0800793a       0xe8 build/Cube-F7-Src-respin/Drivers/STM32F7xx_HAL_Driver/Src/stm32f7xx_hal_spi.o
                0x0800793a                HAL_SPI_Init
 .text.UART_EndTxTransfer
                0x08007a22       0x18 build/Cube-F7-Src-respin/Drivers/STM32F7xx_HAL_Driver/Src/stm32f7xx_hal_uart.o
 .text.UART_EndRxTransfer
                0x08007a3a       0x52 build/Cube-F7-Src-respin/Drivers/STM32F7xx_HAL_Driver/Src/stm32f7xx_hal_uart.o
 .text.HAL_UART_RxHalfCpltCallback
                0x08007a8c        0x2 build/Cube-F7-Src-respin/Drivers/STM32F7xx_HAL_Driver/Src/stm32f7xx_hal_uart.o
                0x08007a8c                HAL_UART_RxHalfCpltCallback
 .text.HAL_UART_ErrorCallback
                0x08007a8e        0x2 build/Cube-F7-Src-respin/Drivers/STM32F7xx_HAL_Driver/Src/stm32f7xx_hal_uart.o
                0x08007a8e                HAL_UART_ErrorCallback
 .text.UART_DMAError
                0x08007a90       0x56 build/Cube-F7-Src-respin/Drivers/STM32F7xx_HAL_Driver/Src/stm32f7xx_hal_uart.o
 .text.HAL_UARTEx_RxEventCallback
                0x08007ae6        0x2 build/Cube-F7-Src-respin/Drivers/STM32F7xx_HAL_Driver/Src/stm32f7xx_hal_uart.o
                0x08007ae6                HAL_UARTEx_RxEventCallback
 .text.UART_DMARxHalfCplt
                0x08007ae8       0x3e build/Cube-F7-Src-respin/Drivers/STM32F7xx_HAL_Driver/Src/stm32f7xx_hal_uart.o
 .text.UART_DMAReceiveCplt
                0x08007b26       0xb2 build/Cube-F7-Src-respin/Drivers/STM32F7xx_HAL_Driver/Src/stm32f7xx_hal_uart.o
 .text.UART_SetConfig
                0x08007bd8      0x328 build/Cube-F7-Src-respin/Drivers/STM32F7xx_HAL_Driver/Src/stm32f7xx_hal_uart.o
                0x08007bd8                UART_SetConfig
 .text.UART_AdvFeatureConfig
                0x08007f00       0xca build/Cube-F7-Src-respin/Drivers/STM32F7xx_HAL_Driver/Src/stm32f7xx_hal_uart.o
                0x08007f00                UART_AdvFeatureConfig
 .text.UART_WaitOnFlagUntilTimeout
                0x08007fca       0xa6 build/Cube-F7-Src-respin/Drivers/STM32F7xx_HAL_Driver/Src/stm32f7xx_hal_uart.o
                0x08007fca                UART_WaitOnFlagUntilTimeout
 .text.HAL_UART_Transmit
                0x08008070       0xc6 build/Cube-F7-Src-respin/Drivers/STM32F7xx_HAL_Driver/Src/stm32f7xx_hal_uart.o
                0x08008070                HAL_UART_Transmit
 .text.UART_CheckIdleState
                0x08008136       0xc6 build/Cube-F7-Src-respin/Drivers/STM32F7xx_HAL_Driver/Src/stm32f7xx_hal_uart.o
                0x08008136                UART_CheckIdleState
 .text.HAL_UART_Init
                0x080081fc       0x62 build/Cube-F7-Src-respin/Drivers/STM32F7xx_HAL_Driver/Src/stm32f7xx_hal_uart.o
                0x080081fc                HAL_UART_Init
 *fill*         0x0800825e        0x2 
 .text.UART_Start_Receive_DMA
                0x08008260       0xa8 build/Cube-F7-Src-respin/Drivers/STM32F7xx_HAL_Driver/Src/stm32f7xx_hal_uart.o
                0x08008260                UART_Start_Receive_DMA
 .text.HAL_UART_Receive_DMA
                0x08008308       0x40 build/Cube-F7-Src-respin/Drivers/STM32F7xx_HAL_Driver/Src/stm32f7xx_hal_uart.o
                0x08008308                HAL_UART_Receive_DMA
 .text.vListInitialise
                0x08008348       0x16 build/Cube-F7-Src-respin/Middlewares/Third_Party/FreeRTOS/Source/list.o
                0x08008348                vListInitialise
 .text.vListInitialiseItem
                0x0800835e        0x6 build/Cube-F7-Src-respin/Middlewares/Third_Party/FreeRTOS/Source/list.o
                0x0800835e                vListInitialiseItem
 .text.vListInsertEnd
                0x08008364       0x16 build/Cube-F7-Src-respin/Middlewares/Third_Party/FreeRTOS/Source/list.o
                0x08008364                vListInsertEnd
 .text.vListInsert
                0x0800837a       0x32 build/Cube-F7-Src-respin/Middlewares/Third_Party/FreeRTOS/Source/list.o
                0x0800837a                vListInsert
 .text.uxListRemove
                0x080083ac       0x26 build/Cube-F7-Src-respin/Middlewares/Third_Party/FreeRTOS/Source/list.o
                0x080083ac                uxListRemove
 .text.prvGetDisinheritPriorityAfterTimeout
                0x080083d2       0x10 build/Cube-F7-Src-respin/Middlewares/Third_Party/FreeRTOS/Source/queue.o
 .text.prvIsQueueFull
                0x080083e2       0x1e build/Cube-F7-Src-respin/Middlewares/Third_Party/FreeRTOS/Source/queue.o
 .text.prvIsQueueEmpty
                0x08008400       0x1a build/Cube-F7-Src-respin/Middlewares/Third_Party/FreeRTOS/Source/queue.o
 .text.prvCopyDataToQueue
                0x0800841a       0x76 build/Cube-F7-Src-respin/Middlewares/Third_Party/FreeRTOS/Source/queue.o
 .text.prvUnlockQueue
                0x08008490       0x6e build/Cube-F7-Src-respin/Middlewares/Third_Party/FreeRTOS/Source/queue.o
 .text.xQueueGenericReset
                0x080084fe       0x88 build/Cube-F7-Src-respin/Middlewares/Third_Party/FreeRTOS/Source/queue.o
                0x080084fe                xQueueGenericReset
 .text.prvInitialiseNewQueue
                0x08008586       0x22 build/Cube-F7-Src-respin/Middlewares/Third_Party/FreeRTOS/Source/queue.o
 .text.xQueueGenericCreate
                0x080085a8       0x52 build/Cube-F7-Src-respin/Middlewares/Third_Party/FreeRTOS/Source/queue.o
                0x080085a8                xQueueGenericCreate
 .text.xQueueGenericSend
                0x080085fa      0x198 build/Cube-F7-Src-respin/Middlewares/Third_Party/FreeRTOS/Source/queue.o
                0x080085fa                xQueueGenericSend
 .text.prvInitialiseMutex
                0x08008792       0x18 build/Cube-F7-Src-respin/Middlewares/Third_Party/FreeRTOS/Source/queue.o
 .text.xQueueCreateMutex
                0x080087aa       0x16 build/Cube-F7-Src-respin/Middlewares/Third_Party/FreeRTOS/Source/queue.o
                0x080087aa                xQueueCreateMutex
 .text.xQueueSemaphoreTake
                0x080087c0      0x1b6 build/Cube-F7-Src-respin/Middlewares/Third_Party/FreeRTOS/Source/queue.o
                0x080087c0                xQueueSemaphoreTake
 .text.prvBytesInBuffer
                0x08008976       0x12 build/Cube-F7-Src-respin/Middlewares/Third_Party/FreeRTOS/Source/stream_buffer.o
 .text.prvInitialiseNewStreamBuffer
                0x08008988       0x44 build/Cube-F7-Src-respin/Middlewares/Third_Party/FreeRTOS/Source/stream_buffer.o
 .text.prvWriteBytesToBuffer
                0x080089cc       0x98 build/Cube-F7-Src-respin/Middlewares/Third_Party/FreeRTOS/Source/stream_buffer.o
 .text.prvWriteMessageToBuffer
                0x08008a64       0x44 build/Cube-F7-Src-respin/Middlewares/Third_Party/FreeRTOS/Source/stream_buffer.o
 .text.prvReadBytesFromBuffer
                0x08008aa8       0x8c build/Cube-F7-Src-respin/Middlewares/Third_Party/FreeRTOS/Source/stream_buffer.o
 .text.prvReadMessageFromBuffer
                0x08008b34       0x4c build/Cube-F7-Src-respin/Middlewares/Third_Party/FreeRTOS/Source/stream_buffer.o
 .text.xStreamBufferGenericCreate
                0x08008b80       0x80 build/Cube-F7-Src-respin/Middlewares/Third_Party/FreeRTOS/Source/stream_buffer.o
                0x08008b80                xStreamBufferGenericCreate
 .text.xStreamBufferSpacesAvailable
                0x08008c00       0x2e build/Cube-F7-Src-respin/Middlewares/Third_Party/FreeRTOS/Source/stream_buffer.o
                0x08008c00                xStreamBufferSpacesAvailable
 .text.xStreamBufferSend
                0x08008c2e      0x118 build/Cube-F7-Src-respin/Middlewares/Third_Party/FreeRTOS/Source/stream_buffer.o
                0x08008c2e                xStreamBufferSend
 .text.xStreamBufferSendFromISR
                0x08008d46       0xb0 build/Cube-F7-Src-respin/Middlewares/Third_Party/FreeRTOS/Source/stream_buffer.o
                0x08008d46                xStreamBufferSendFromISR
 .text.xStreamBufferReceive
                0x08008df6       0xf6 build/Cube-F7-Src-respin/Middlewares/Third_Party/FreeRTOS/Source/stream_buffer.o
                0x08008df6                xStreamBufferReceive
 .text.prvTaskCheckFreeStackSpace
                0x08008eec       0x14 build/Cube-F7-Src-respin/Middlewares/Third_Party/FreeRTOS/Source/tasks.o
 .text.prvResetNextTaskUnblockTime
                0x08008f00       0x2c build/Cube-F7-Src-respin/Middlewares/Third_Party/FreeRTOS/Source/tasks.o
 .text.prvInitialiseNewTask
                0x08008f2c       0xa4 build/Cube-F7-Src-respin/Middlewares/Third_Party/FreeRTOS/Source/tasks.o
 .text.prvInitialiseTaskLists
                0x08008fd0       0x68 build/Cube-F7-Src-respin/Middlewares/Third_Party/FreeRTOS/Source/tasks.o
 .text.prvAddNewTaskToReadyList
                0x08009038       0xac build/Cube-F7-Src-respin/Middlewares/Third_Party/FreeRTOS/Source/tasks.o
 .text.prvDeleteTCB
                0x080090e4       0x3c build/Cube-F7-Src-respin/Middlewares/Third_Party/FreeRTOS/Source/tasks.o
 .text.prvCheckTasksWaitingTermination
                0x08009120       0x4c build/Cube-F7-Src-respin/Middlewares/Third_Party/FreeRTOS/Source/tasks.o
 .text.prvIdleTask
                0x0800916c       0x28 build/Cube-F7-Src-respin/Middlewares/Third_Party/FreeRTOS/Source/tasks.o
 .text.prvAddCurrentTaskToDelayedList
                0x08009194       0xa0 build/Cube-F7-Src-respin/Middlewares/Third_Party/FreeRTOS/Source/tasks.o
 .text.prvWriteNameToBuffer
                0x08009234       0x22 build/Cube-F7-Src-respin/Middlewares/Third_Party/FreeRTOS/Source/tasks.o
 .text.xTaskCreateStatic
                0x08009256       0x82 build/Cube-F7-Src-respin/Middlewares/Third_Party/FreeRTOS/Source/tasks.o
                0x08009256                xTaskCreateStatic
 .text.xTaskCreate
                0x080092d8       0x64 build/Cube-F7-Src-respin/Middlewares/Third_Party/FreeRTOS/Source/tasks.o
                0x080092d8                xTaskCreate
 .text.eTaskGetState
                0x0800933c       0x90 build/Cube-F7-Src-respin/Middlewares/Third_Party/FreeRTOS/Source/tasks.o
                0x0800933c                eTaskGetState
 .text.vTaskStartScheduler
                0x080093cc       0x7c build/Cube-F7-Src-respin/Middlewares/Third_Party/FreeRTOS/Source/tasks.o
                0x080093cc                vTaskStartScheduler
 .text.vTaskSuspendAll
                0x08009448       0x10 build/Cube-F7-Src-respin/Middlewares/Third_Party/FreeRTOS/Source/tasks.o
                0x08009448                vTaskSuspendAll
 .text.xTaskGetTickCount
                0x08009458        0xc build/Cube-F7-Src-respin/Middlewares/Third_Party/FreeRTOS/Source/tasks.o
                0x08009458                xTaskGetTickCount
 .text.xTaskIncrementTick
                0x08009464      0x11c build/Cube-F7-Src-respin/Middlewares/Third_Party/FreeRTOS/Source/tasks.o
                0x08009464                xTaskIncrementTick
 .text.xTaskResumeAll
                0x08009580       0xfc build/Cube-F7-Src-respin/Middlewares/Third_Party/FreeRTOS/Source/tasks.o
                0x08009580                xTaskResumeAll
 .text.vTaskDelayUntil
                0x0800967c       0xb0 build/Cube-F7-Src-respin/Middlewares/Third_Party/FreeRTOS/Source/tasks.o
                0x0800967c                vTaskDelayUntil
 .text.vTaskDelay
                0x0800972c       0x50 build/Cube-F7-Src-respin/Middlewares/Third_Party/FreeRTOS/Source/tasks.o
                0x0800972c                vTaskDelay
 .text.vTaskSwitchContext
                0x0800977c       0xf8 build/Cube-F7-Src-respin/Middlewares/Third_Party/FreeRTOS/Source/tasks.o
                0x0800977c                vTaskSwitchContext
 .text.vTaskPlaceOnEventList
                0x08009874       0x34 build/Cube-F7-Src-respin/Middlewares/Third_Party/FreeRTOS/Source/tasks.o
                0x08009874                vTaskPlaceOnEventList
 .text.xTaskRemoveFromEventList
                0x080098a8       0x90 build/Cube-F7-Src-respin/Middlewares/Third_Party/FreeRTOS/Source/tasks.o
                0x080098a8                xTaskRemoveFromEventList
 .text.vTaskSetTimeOutState
                0x08009938       0x3c build/Cube-F7-Src-respin/Middlewares/Third_Party/FreeRTOS/Source/tasks.o
                0x08009938                vTaskSetTimeOutState
 .text.vTaskInternalSetTimeOutState
                0x08009974       0x18 build/Cube-F7-Src-respin/Middlewares/Third_Party/FreeRTOS/Source/tasks.o
                0x08009974                vTaskInternalSetTimeOutState
 .text.xTaskCheckForTimeOut
                0x0800998c       0x8c build/Cube-F7-Src-respin/Middlewares/Third_Party/FreeRTOS/Source/tasks.o
                0x0800998c                xTaskCheckForTimeOut
 .text.vTaskMissedYield
                0x08009a18        0xc build/Cube-F7-Src-respin/Middlewares/Third_Party/FreeRTOS/Source/tasks.o
                0x08009a18                vTaskMissedYield
 .text.vTaskGetInfo
                0x08009a24       0x78 build/Cube-F7-Src-respin/Middlewares/Third_Party/FreeRTOS/Source/tasks.o
                0x08009a24                vTaskGetInfo
 .text.prvListTasksWithinSingleList
                0x08009a9c       0x5e build/Cube-F7-Src-respin/Middlewares/Third_Party/FreeRTOS/Source/tasks.o
 *fill*         0x08009afa        0x2 
 .text.uxTaskGetSystemState
                0x08009afc       0xb0 build/Cube-F7-Src-respin/Middlewares/Third_Party/FreeRTOS/Source/tasks.o
                0x08009afc                uxTaskGetSystemState
 .text.xTaskGetCurrentTaskHandle
                0x08009bac        0xc build/Cube-F7-Src-respin/Middlewares/Third_Party/FreeRTOS/Source/tasks.o
                0x08009bac                xTaskGetCurrentTaskHandle
 .text.xTaskGetSchedulerState
                0x08009bb8       0x20 build/Cube-F7-Src-respin/Middlewares/Third_Party/FreeRTOS/Source/tasks.o
                0x08009bb8                xTaskGetSchedulerState
 .text.xTaskPriorityInherit
                0x08009bd8       0xb8 build/Cube-F7-Src-respin/Middlewares/Third_Party/FreeRTOS/Source/tasks.o
                0x08009bd8                xTaskPriorityInherit
 .text.xTaskPriorityDisinherit
                0x08009c90       0xb8 build/Cube-F7-Src-respin/Middlewares/Third_Party/FreeRTOS/Source/tasks.o
                0x08009c90                xTaskPriorityDisinherit
 .text.vTaskPriorityDisinheritAfterTimeout
                0x08009d48       0xc8 build/Cube-F7-Src-respin/Middlewares/Third_Party/FreeRTOS/Source/tasks.o
                0x08009d48                vTaskPriorityDisinheritAfterTimeout
 .text.vTaskList
                0x08009e10       0xbc build/Cube-F7-Src-respin/Middlewares/Third_Party/FreeRTOS/Source/tasks.o
                0x08009e10                vTaskList
 .text.vTaskGetRunTimeStats
                0x08009ecc       0x9c build/Cube-F7-Src-respin/Middlewares/Third_Party/FreeRTOS/Source/tasks.o
                0x08009ecc                vTaskGetRunTimeStats
 .text.pvTaskIncrementMutexHeldCount
                0x08009f68       0x1c build/Cube-F7-Src-respin/Middlewares/Third_Party/FreeRTOS/Source/tasks.o
                0x08009f68                pvTaskIncrementMutexHeldCount
 .text.xTaskNotifyWait
                0x08009f84       0x98 build/Cube-F7-Src-respin/Middlewares/Third_Party/FreeRTOS/Source/tasks.o
                0x08009f84                xTaskNotifyWait
 .text.xTaskGenericNotify
                0x0800a01c      0x104 build/Cube-F7-Src-respin/Middlewares/Third_Party/FreeRTOS/Source/tasks.o
                0x0800a01c                xTaskGenericNotify
 .text.xTaskGenericNotifyFromISR
                0x0800a120      0x138 build/Cube-F7-Src-respin/Middlewares/Third_Party/FreeRTOS/Source/tasks.o
                0x0800a120                xTaskGenericNotifyFromISR
 .text.xTaskNotifyStateClear
                0x0800a258       0x34 build/Cube-F7-Src-respin/Middlewares/Third_Party/FreeRTOS/Source/tasks.o
                0x0800a258                xTaskNotifyStateClear
 .text.makeFreeRtosPriority
                0x0800a28c        0xc build/Cube-F7-Src-respin/Middlewares/Third_Party/FreeRTOS/Source/CMSIS_RTOS/cmsis_os.o
 .text.osKernelStart
                0x0800a298        0xa build/Cube-F7-Src-respin/Middlewares/Third_Party/FreeRTOS/Source/CMSIS_RTOS/cmsis_os.o
                0x0800a298                osKernelStart
 .text.osThreadCreate
                0x0800a2a2       0x66 build/Cube-F7-Src-respin/Middlewares/Third_Party/FreeRTOS/Source/CMSIS_RTOS/cmsis_os.o
                0x0800a2a2                osThreadCreate
 .text.osDelay  0x0800a308        0xe build/Cube-F7-Src-respin/Middlewares/Third_Party/FreeRTOS/Source/CMSIS_RTOS/cmsis_os.o
                0x0800a308                osDelay
 *fill*         0x0800a316        0x2 
 .text.prvHeapInit
                0x0800a318       0x68 build/Cube-F7-Src-respin/Middlewares/Third_Party/FreeRTOS/Source/portable/MemMang/heap_4.o
 .text.prvInsertBlockIntoFreeList
                0x0800a380       0x64 build/Cube-F7-Src-respin/Middlewares/Third_Party/FreeRTOS/Source/portable/MemMang/heap_4.o
 .text.pvPortMalloc
                0x0800a3e4      0x100 build/Cube-F7-Src-respin/Middlewares/Third_Party/FreeRTOS/Source/portable/MemMang/heap_4.o
                0x0800a3e4                pvPortMalloc
 .text.vPortFree
                0x0800a4e4       0x78 build/Cube-F7-Src-respin/Middlewares/Third_Party/FreeRTOS/Source/portable/MemMang/heap_4.o
                0x0800a4e4                vPortFree
 .text.xPortGetFreeHeapSize
                0x0800a55c        0xc build/Cube-F7-Src-respin/Middlewares/Third_Party/FreeRTOS/Source/portable/MemMang/heap_4.o
                0x0800a55c                xPortGetFreeHeapSize
 .text.xPortGetMinimumEverFreeHeapSize
                0x0800a568        0xc build/Cube-F7-Src-respin/Middlewares/Third_Party/FreeRTOS/Source/portable/MemMang/heap_4.o
                0x0800a568                xPortGetMinimumEverFreeHeapSize
 .text.prvTaskExitError
                0x0800a574       0x48 build/Cube-F7-Src-respin/Middlewares/Third_Party/FreeRTOS/Source/portable/GCC/ARM_CM7/r0p1/port.o
 .text.prvPortStartFirstTask
                0x0800a5bc       0x28 build/Cube-F7-Src-respin/Middlewares/Third_Party/FreeRTOS/Source/portable/GCC/ARM_CM7/r0p1/port.o
 .text.vPortEnableVFP
                0x0800a5e4       0x14 build/Cube-F7-Src-respin/Middlewares/Third_Party/FreeRTOS/Source/portable/GCC/ARM_CM7/r0p1/port.o
 .text.pxPortInitialiseStack
                0x0800a5f8       0x2c build/Cube-F7-Src-respin/Middlewares/Third_Party/FreeRTOS/Source/portable/GCC/ARM_CM7/r0p1/port.o
                0x0800a5f8                pxPortInitialiseStack
 *fill*         0x0800a624        0xc 
 .text.SVC_Handler
                0x0800a630       0x24 build/Cube-F7-Src-respin/Middlewares/Third_Party/FreeRTOS/Source/portable/GCC/ARM_CM7/r0p1/port.o
                0x0800a630                SVC_Handler
 .text.vPortEnterCritical
                0x0800a654       0x4c build/Cube-F7-Src-respin/Middlewares/Third_Party/FreeRTOS/Source/portable/GCC/ARM_CM7/r0p1/port.o
                0x0800a654                vPortEnterCritical
 .text.vPortExitCritical
                0x0800a6a0       0x30 build/Cube-F7-Src-respin/Middlewares/Third_Party/FreeRTOS/Source/portable/GCC/ARM_CM7/r0p1/port.o
                0x0800a6a0                vPortExitCritical
 .text.PendSV_Handler
                0x0800a6d0       0x64 build/Cube-F7-Src-respin/Middlewares/Third_Party/FreeRTOS/Source/portable/GCC/ARM_CM7/r0p1/port.o
                0x0800a6d0                PendSV_Handler
 .text.SysTick_Handler
                0x0800a734       0x30 build/Cube-F7-Src-respin/Middlewares/Third_Party/FreeRTOS/Source/portable/GCC/ARM_CM7/r0p1/port.o
                0x0800a734                SysTick_Handler
 .text.vPortSetupTimerInterrupt
                0x0800a764       0x28 build/Cube-F7-Src-respin/Middlewares/Third_Party/FreeRTOS/Source/portable/GCC/ARM_CM7/r0p1/port.o
                0x0800a764                vPortSetupTimerInterrupt
 .text.xPortStartScheduler
                0x0800a78c       0xd4 build/Cube-F7-Src-respin/Middlewares/Third_Party/FreeRTOS/Source/portable/GCC/ARM_CM7/r0p1/port.o
                0x0800a78c                xPortStartScheduler
 .text.vPortValidateInterruptPriority
                0x0800a860       0x64 build/Cube-F7-Src-respin/Middlewares/Third_Party/FreeRTOS/Source/portable/GCC/ARM_CM7/r0p1/port.o
                0x0800a860                vPortValidateInterruptPriority
 .text.Reset_Handler
                0x0800a8c4       0x50 build/Cube-F7-Src-respin/startup_stm32f769xx.o
                0x0800a8c4                Reset_Handler
 .text.Default_Handler
                0x0800a914        0x2 build/Cube-F7-Src-respin/startup_stm32f769xx.o
                0x0800a914                RTC_Alarm_IRQHandler
                0x0800a914                EXTI2_IRQHandler
                0x0800a914                TIM8_CC_IRQHandler
                0x0800a914                UART8_IRQHandler
                0x0800a914                SPI4_IRQHandler
                0x0800a914                TIM1_CC_IRQHandler
                0x0800a914                DMA2_Stream5_IRQHandler
                0x0800a914                JPEG_IRQHandler
                0x0800a914                DMA1_Stream5_IRQHandler
                0x0800a914                PVD_IRQHandler
                0x0800a914                TAMP_STAMP_IRQHandler
                0x0800a914                CAN2_RX1_IRQHandler
                0x0800a914                EXTI3_IRQHandler
                0x0800a914                TIM8_TRG_COM_TIM14_IRQHandler
                0x0800a914                DFSDM1_FLT1_IRQHandler
                0x0800a914                TIM8_UP_TIM13_IRQHandler
                0x0800a914                I2C3_ER_IRQHandler
                0x0800a914                DFSDM1_FLT2_IRQHandler
                0x0800a914                EXTI0_IRQHandler
                0x0800a914                I2C2_EV_IRQHandler
                0x0800a914                CAN1_RX0_IRQHandler
                0x0800a914                FPU_IRQHandler
                0x0800a914                OTG_HS_WKUP_IRQHandler
                0x0800a914                LTDC_ER_IRQHandler
                0x0800a914                CAN2_SCE_IRQHandler
                0x0800a914                DMA2_Stream2_IRQHandler
                0x0800a914                SPI1_IRQHandler
                0x0800a914                TIM6_DAC_IRQHandler
                0x0800a914                TIM1_BRK_TIM9_IRQHandler
                0x0800a914                DCMI_IRQHandler
                0x0800a914                CAN2_RX0_IRQHandler
                0x0800a914                DMA2_Stream3_IRQHandler
                0x0800a914                SAI2_IRQHandler
                0x0800a914                DFSDM1_FLT3_IRQHandler
                0x0800a914                USART6_IRQHandler
                0x0800a914                USART3_IRQHandler
                0x0800a914                CAN1_RX1_IRQHandler
                0x0800a914                UART5_IRQHandler
                0x0800a914                DMA2_Stream0_IRQHandler
                0x0800a914                TIM4_IRQHandler
                0x0800a914                QUADSPI_IRQHandler
                0x0800a914                I2C1_EV_IRQHandler
                0x0800a914                DMA1_Stream6_IRQHandler
                0x0800a914                DMA1_Stream1_IRQHandler
                0x0800a914                UART4_IRQHandler
                0x0800a914                TIM3_IRQHandler
                0x0800a914                RCC_IRQHandler
                0x0800a914                TIM8_BRK_TIM12_IRQHandler
                0x0800a914                Default_Handler
                0x0800a914                CEC_IRQHandler
                0x0800a914                EXTI15_10_IRQHandler
                0x0800a914                ADC_IRQHandler
                0x0800a914                DMA1_Stream7_IRQHandler
                0x0800a914                SPI5_IRQHandler
                0x0800a914                TIM7_IRQHandler
                0x0800a914                SDMMC1_IRQHandler
                0x0800a914                CAN2_TX_IRQHandler
                0x0800a914                TIM5_IRQHandler
                0x0800a914                DMA2_Stream7_IRQHandler
                0x0800a914                I2C3_EV_IRQHandler
                0x0800a914                EXTI9_5_IRQHandler
                0x0800a914                RTC_WKUP_IRQHandler
                0x0800a914                LTDC_IRQHandler
                0x0800a914                ETH_WKUP_IRQHandler
                0x0800a914                SPDIF_RX_IRQHandler
                0x0800a914                SPI2_IRQHandler
                0x0800a914                OTG_HS_EP1_IN_IRQHandler
                0x0800a914                DMA1_Stream0_IRQHandler
                0x0800a914                CAN1_TX_IRQHandler
                0x0800a914                EXTI4_IRQHandler
                0x0800a914                RNG_IRQHandler
                0x0800a914                DSI_IRQHandler
                0x0800a914                ETH_IRQHandler
                0x0800a914                OTG_HS_EP1_OUT_IRQHandler
                0x0800a914                WWDG_IRQHandler
                0x0800a914                SPI6_IRQHandler
                0x0800a914                MDIOS_IRQHandler
                0x0800a914                I2C4_EV_IRQHandler
                0x0800a914                TIM2_IRQHandler
                0x0800a914                OTG_FS_WKUP_IRQHandler
                0x0800a914                TIM1_TRG_COM_TIM11_IRQHandler
                0x0800a914                OTG_HS_IRQHandler
                0x0800a914                DMA2D_IRQHandler
                0x0800a914                EXTI1_IRQHandler
                0x0800a914                SDMMC2_IRQHandler
                0x0800a914                UART7_IRQHandler
                0x0800a914                USART2_IRQHandler
                0x0800a914                DFSDM1_FLT0_IRQHandler
                0x0800a914                I2C2_ER_IRQHandler
                0x0800a914                DMA2_Stream1_IRQHandler
                0x0800a914                CAN1_SCE_IRQHandler
                0x0800a914                FLASH_IRQHandler
                0x0800a914                DMA2_Stream4_IRQHandler
                0x0800a914                USART1_IRQHandler
                0x0800a914                OTG_FS_IRQHandler
                0x0800a914                SPI3_IRQHandler
                0x0800a914                I2C1_ER_IRQHandler
                0x0800a914                FMC_IRQHandler
                0x0800a914                LPTIM1_IRQHandler
                0x0800a914                I2C4_ER_IRQHandler
                0x0800a914                DMA2_Stream6_IRQHandler
                0x0800a914                SAI1_IRQHandler
                0x0800a914                DMA1_Stream3_IRQHandler
 *(.glue_7)
 .glue_7        0x0800a916        0x0 linker stubs
 *(.glue_7t)
 .glue_7t       0x0800a916        0x0 linker stubs
 *(.eh_frame)
 *fill*         0x0800a916        0x2 
 .eh_frame      0x0800a918        0x0 /usr/lib/gcc/arm-none-eabi/13.2.1/thumb/v7e-m+dp/hard/crtbegin.o
 *(.init)
 .init          0x0800a918        0x4 /usr/lib/gcc/arm-none-eabi/13.2.1/thumb/v7e-m+dp/hard/crti.o
                0x0800a918                _init
 .init          0x0800a91c        0x8 /usr/lib/gcc/arm-none-eabi/13.2.1/thumb/v7e-m+dp/hard/crtn.o
 *(.fini)
 .fini          0x0800a924        0x4 /usr/lib/gcc/arm-none-eabi/13.2.1/thumb/v7e-m+dp/hard/crti.o
                0x0800a924                _fini
 .fini          0x0800a928        0x8 /usr/lib/gcc/arm-none-eabi/13.2.1/thumb/v7e-m+dp/hard/crtn.o
                0x0800a930                        . = ALIGN (0x4)
                0x0800a930                        _etext = .

.vfp11_veneer   0x0800a930        0x0
 .vfp11_veneer  0x0800a930        0x0 linker stubs

.v4_bx          0x0800a930        0x0
 .v4_bx         0x0800a930        0x0 linker stubs

.iplt           0x0800a930        0x0
 .iplt          0x0800a930        0x0 /usr/lib/gcc/arm-none-eabi/13.2.1/thumb/v7e-m+dp/hard/crtbegin.o

.rodata         0x0800a930      0xb5c
                0x0800a930                        . = ALIGN (0x4)
 *(.rodata)
 .rodata        0x0800a930       0x70 build/Cube-F7-Src-respin/Core/Src/freertos.o
 .rodata        0x0800a9a0        0xc /usr/lib/gcc/arm-none-eabi/13.2.1/../../../arm-none-eabi/lib/thumb/v7e-m+dp/hard/libc_nano.a(libc_a-nano-vfscanf_i.o)
 .rodata        0x0800a9ac      0x101 /usr/lib/gcc/arm-none-eabi/13.2.1/../../../arm-none-eabi/lib/thumb/v7e-m+dp/hard/libc_nano.a(libc_a-ctype_.o)
                0x0800a9ac                _ctype_
 *(.rodata*)
 *fill*         0x0800aaad        0x3 
 .rodata.vApplicationStackOverflowHook.str1.4
                0x0800aab0      0x8d3 build/Src/userInit.o
                                 0x1c (size before relaxing)
 .rodata.userInit.str1.4
                0x0800b383       0x2f build/Src/userInit.o
 .rodata.mainTaskFunction.str1.4
                0x0800b383        0xf build/Src/mainTaskEntry.o
 .rodata.getDecimalFromParam.str1.4
                0x0800b383        0x3 build/Src/hilCli.o
 .rodata.i2cDacRampCommand.str1.4
                0x0800b383       0x49 build/Src/hilCli.o
 .rodata.getHexFromParam.str1.4
                0x0800b383        0x3 build/Src/hilCli.o
 .rodata.i2cDacSetCodeCommand.str1.4
                0x0800b383       0x53 build/Src/hilCli.o
 .rodata.i2cDacSetVoltageCommand.str1.4
                0x0800b383       0x41 build/Src/hilCli.o
 .rodata.i2cDacProbeCommand.str1.4
                0x0800b383       0x56 build/Src/hilCli.o
 .rodata.i2cScanCommand.str1.4
                0x0800b383       0x47 build/Src/hilCli.o
 *fill*         0x0800b383        0x1 
 .rodata.commands.2
                0x0800b384       0x14 build/Src/hilCli.o
 .rodata.str1.4
                0x0800b398      0x1eb build/Src/hilCli.o
 .rodata.i2cDacSetCodeCommandDefinition
                0x0800b398       0x10 build/Src/hilCli.o
 .rodata.i2cDacRampCommandDefinition
                0x0800b3a8       0x10 build/Src/hilCli.o
 .rodata.i2cDacSetVoltageCommandDefinition
                0x0800b3b8       0x10 build/Src/hilCli.o
 .rodata.i2cDacProbeCommandDefinition
                0x0800b3c8       0x10 build/Src/hilCli.o
 .rodata.i2cScanCommandDefinition
                0x0800b3d8       0x10 build/Src/hilCli.o
 .rodata.uartBusInit.str1.4
                0x0800b3e8       0xcd build/Src/uartBus.o
 .rodata.i2cIsDeviceReady.str1.4
                0x0800b3e8       0x2a build/Src/i2cBus.o
 .rodata.versionCommand.str1.4
                0x0800b3e8       0x37 build/Standalone/Src/debug.o
 .rodata.statsCommand.str1.4
                0x0800b3e8       0x19 build/Standalone/Src/debug.o
 .rodata.taskListCommand.str1.4
                0x0800b3e8       0x1c build/Standalone/Src/debug.o
 .rodata.heapCommand.str1.4
                0x0800b3e8       0x32 build/Standalone/Src/debug.o
 .rodata.cliTask.str1.4
                0x0800b3e8       0x70 build/Standalone/Src/debug.o
 .rodata.configureTimerForRunTimeStats.str1.4
                0x0800b3e8       0x2a build/Standalone/Src/debug.o
 .rodata.message.0
                0x0800b3e8        0xc build/Standalone/Src/debug.o
 .rodata.builtins.1
                0x0800b3f4       0x14 build/Standalone/Src/debug.o
 .rodata.str1.4
                0x0800b408      0x131 build/Standalone/Src/debug.o
 .rodata.versionCommandDefinition
                0x0800b408       0x10 build/Standalone/Src/debug.o
 .rodata.resetCommandDefinition
                0x0800b418       0x10 build/Standalone/Src/debug.o
 .rodata.statsCommandDefinition
                0x0800b428       0x10 build/Standalone/Src/debug.o
 .rodata.taskListCommandDefinition
                0x0800b438       0x10 build/Standalone/Src/debug.o
 .rodata.heapCommandDefinition
                0x0800b448       0x10 build/Standalone/Src/debug.o
 .rodata.helpCommand.str1.4
                0x0800b458        0x3 build/Standalone/Src/FreeRTOS_CLI.o
 .rodata.FreeRTOS_CLIProcessCommand.str1.4
                0x0800b458       0xa0 build/Standalone/Src/FreeRTOS_CLI.o
 .rodata.str1.4
                0x0800b458       0x35 build/Standalone/Src/FreeRTOS_CLI.o
 .rodata.helpCommandDefinition
                0x0800b458       0x10 build/Standalone/Src/FreeRTOS_CLI.o
 .rodata.uxTopUsedPriority
                0x0800b468        0x4 build/Standalone/Src/openocdHack.o
                0x0800b468                uxTopUsedPriority
 .rodata.str1.4
                0x0800b46c       0x34 build/Cube-F7-Src-respin/Core/Src/freertos.o
 .rodata.APBPrescTable
                0x0800b46c        0x8 build/Cube-F7-Src-respin/Core/Src/system_stm32f7xx.o
                0x0800b46c                APBPrescTable
 .rodata.AHBPrescTable
                0x0800b474       0x10 build/Cube-F7-Src-respin/Core/Src/system_stm32f7xx.o
                0x0800b474                AHBPrescTable
 .rodata.flagBitshiftOffset.0
                0x0800b484        0x8 build/Cube-F7-Src-respin/Drivers/STM32F7xx_HAL_Driver/Src/stm32f7xx_hal_dma.o
 .rodata.vTaskStartScheduler.str1.4
                0x0800b48c        0x5 build/Cube-F7-Src-respin/Middlewares/Third_Party/FreeRTOS/Source/tasks.o
 .rodata.vTaskList.str1.4
                0x0800b48c        0xf build/Cube-F7-Src-respin/Middlewares/Third_Party/FreeRTOS/Source/tasks.o
 .rodata.vTaskGetRunTimeStats.str1.4
                0x0800b48c       0x18 build/Cube-F7-Src-respin/Middlewares/Third_Party/FreeRTOS/Source/tasks.o
 .rodata.str1.4
                0x0800b48c       0x13 /usr/lib/gcc/arm-none-eabi/13.2.1/../../../arm-none-eabi/lib/thumb/v7e-m+dp/hard/libc_nano.a(libc_a-nano-svfprintf.o)
 .rodata.str1.4
                0x0800b48c       0x25 /usr/lib/gcc/arm-none-eabi/13.2.1/../../../arm-none-eabi/lib/thumb/v7e-m+dp/hard/libc_nano.a(libc_a-nano-vfprintf_i.o)
 .rodata.str1.4
                0x0800b48c       0x13 /usr/lib/gcc/arm-none-eabi/13.2.1/../../../arm-none-eabi/lib/thumb/v7e-m+dp/hard/libc_nano.a(libc_a-nano-vfprintf.o)
 .rodata.str1.4
                0x0800b48c        0x4 /usr/lib/gcc/arm-none-eabi/13.2.1/../../../arm-none-eabi/lib/thumb/v7e-m+dp/hard/libc_nano.a(libc_a-nano-svfscanf.o)
 .rodata.str1.4
                0x0800b48c       0x1f /usr/lib/gcc/arm-none-eabi/13.2.1/../../../arm-none-eabi/lib/thumb/v7e-m+dp/hard/libc_nano.a(libc_a-nano-vfscanf_i.o)
                0x0800b584                        . = ALIGN (0x4)

.ARM.extab      0x0800b48c        0x0
                0x0800b48c                        . = ALIGN (0x4)
 *(.ARM.extab* .gnu.linkonce.armextab.*)
                0x0800b48c                        . = ALIGN (0x4)

.ARM            0x0800b48c        0x8
                0x0800b48c                        . = ALIGN (0x4)
                0x0800b48c                        __exidx_start = .
 *(.ARM.exidx*)
 .ARM.exidx     0x0800b48c        0x8 /usr/lib/gcc/arm-none-eabi/13.2.1/../../../arm-none-eabi/lib/thumb/v7e-m+dp/hard/libc_nano.a(libc_a-strlen.o)
 .ARM.exidx     0x0800b494        0x0 /usr/lib/gcc/arm-none-eabi/13.2.1/../../../arm-none-eabi/lib/thumb/v7e-m+dp/hard/libc_nano.a(libc_a-memchr.o)
                                  0x8 (size before relaxing)
 .ARM.exidx     0x0800b494        0x0 /usr/lib/gcc/arm-none-eabi/13.2.1/../../../arm-none-eabi/lib/thumb/v7e-m+dp/hard/libc_nano.a(libc_a-memcpy.o)
                                  0x8 (size before relaxing)
 .ARM.exidx     0x0800b494        0x0 /usr/lib/gcc/arm-none-eabi/13.2.1/thumb/v7e-m+dp/hard/libgcc.a(_udivmoddi4.o)
                                  0x8 (size before relaxing)
                0x0800b494                        __exidx_end = .
                0x0800b494                        . = ALIGN (0x4)

.preinit_array  0x0800b494        0x0
                0x0800b494                        . = ALIGN (0x4)
                0x0800b494                        PROVIDE (__preinit_array_start = .)
 *(.preinit_array*)
                0x0800b494                        PROVIDE (__preinit_array_end = .)
                0x0800b494                        . = ALIGN (0x4)

.init_array     0x0800b494        0x4
                0x0800b494                        . = ALIGN (0x4)
                0x0800b494                        PROVIDE (__init_array_start = .)
 *(SORT_BY_NAME(.init_array.*))
 *(.init_array*)
 .init_array    0x0800b494        0x4 /usr/lib/gcc/arm-none-eabi/13.2.1/thumb/v7e-m+dp/hard/crtbegin.o
                0x0800b498                        PROVIDE (__init_array_end = .)
                0x0800b498                        . = ALIGN (0x4)

.fini_array     0x0800b498        0x4
                0x0800b498                        . = ALIGN (0x4)
                0x0800b498                        PROVIDE (__fini_array_start = .)
 *(SORT_BY_NAME(.fini_array.*))
 *(.fini_array*)
 .fini_array    0x0800b498        0x4 /usr/lib/gcc/arm-none-eabi/13.2.1/thumb/v7e-m+dp/hard/crtbegin.o
                0x0800b49c                        PROVIDE (__fini_array_end = .)
                0x0800b49c                        . = ALIGN (0x4)
                0x0800b49c                        _sidata = LOADADDR (.data)

.rel.dyn        0x0800b49c        0x0
 .rel.iplt      0x0800b49c        0x0 /usr/lib/gcc/arm-none-eabi/13.2.1/thumb/v7e-m+dp/hard/crtbegin.o

.data           0x20000000       0x70 load address 0x0800b49c
                0x20000000                        . = ALIGN (0x4)
                0x20000000                        _sdata = .
 *(.data)
 .data          0x20000000       0x50 /usr/lib/gcc/arm-none-eabi/13.2.1/../../../arm-none-eabi/lib/thumb/v7e-m+dp/hard/libc_nano.a(libc_a-impure.o)
                0x20000000                _impure_ptr
                0x20000004                _impure_data
 .data          0x20000050        0xc /usr/lib/gcc/arm-none-eabi/13.2.1/../../../arm-none-eabi/lib/thumb/v7e-m+dp/hard/libc_nano.a(libc_a-findfp.o)
                0x20000050                __sglue
 *(.data*)
 .data.address.0
                0x2000005c        0x4 build/Src/hilCli.o
 .data.SystemCoreClock
                0x20000060        0x4 build/Cube-F7-Src-respin/Core/Src/system_stm32f7xx.o
                0x20000060                SystemCoreClock
 .data.uwTickFreq
                0x20000064        0x1 build/Cube-F7-Src-respin/Drivers/STM32F7xx_HAL_Driver/Src/stm32f7xx_hal.o
                0x20000064                uwTickFreq
 *fill*         0x20000065        0x3 
 .data.uwTickPrio
                0x20000068        0x4 build/Cube-F7-Src-respin/Drivers/STM32F7xx_HAL_Driver/Src/stm32f7xx_hal.o
                0x20000068                uwTickPrio
 .data.uxCriticalNesting
                0x2000006c        0x4 build/Cube-F7-Src-respin/Middlewares/Third_Party/FreeRTOS/Source/portable/GCC/ARM_CM7/r0p1/port.o
 *(.RamFunc)
 *(.RamFunc*)
                0x20000070                        . = ALIGN (0x4)
                0x20000070                        _edata = .

.tm_clone_table
                0x20000070        0x0 load address 0x0800b50c
 .tm_clone_table
                0x20000070        0x0 /usr/lib/gcc/arm-none-eabi/13.2.1/thumb/v7e-m+dp/hard/crtbegin.o
 .tm_clone_table
                0x20000070        0x0 /usr/lib/gcc/arm-none-eabi/13.2.1/thumb/v7e-m+dp/hard/crtend.o

.igot.plt       0x20000070        0x0 load address 0x0800b50c
 .igot.plt      0x20000070        0x0 /usr/lib/gcc/arm-none-eabi/13.2.1/thumb/v7e-m+dp/hard/crtbegin.o
                0x20000070                        . = ALIGN (0x4)

.bss            0x20000070     0xd61c load address 0x0800b50c
                0x20000070                        _sbss = .
                0x20000070                        __bss_start__ = _sbss
 *(.bss)
 .bss           0x20000070       0x1c /usr/lib/gcc/arm-none-eabi/13.2.1/thumb/v7e-m+dp/hard/crtbegin.o
 .bss           0x2000008c      0x13c /usr/lib/gcc/arm-none-eabi/13.2.1/../../../arm-none-eabi/lib/thumb/v7e-m+dp/hard/libc_nano.a(libc_a-findfp.o)
                0x2000008c                __sf
                0x200001c4                __stdio_exit_handler
 .bss           0x200001c8        0x8 /usr/lib/gcc/arm-none-eabi/13.2.1/../../../arm-none-eabi/lib/thumb/v7e-m+dp/hard/libc_nano.a(libc_a-mallocr.o)
                0x200001c8                __malloc_sbrk_start
                0x200001cc                __malloc_free_list
 .bss           0x200001d0        0x4 /usr/lib/gcc/arm-none-eabi/13.2.1/../../../arm-none-eabi/lib/thumb/v7e-m+dp/hard/libc_nano.a(libc_a-reent.o)
                0x200001d0                errno
 *(.bss*)
 .bss.code.1    0x200001d4        0x4 build/Src/hilCli.o
 .bss.transmitMutex
                0x200001d8        0x4 build/Src/uartBus.o
 .bss.receiveStream
                0x200001dc        0x4 build/Src/uartBus.o
 .bss.receiveByte
                0x200001e0        0x1 build/Src/uartBus.o
 *fill*         0x200001e1        0x3 
 .bss.elapsed.2
                0x200001e4        0x4 build/Standalone/Src/debug.o
 .bss.lastCount.3
                0x200001e8        0x2 build/Standalone/Src/debug.o
 *fill*         0x200001ea        0x2 
 .bss.inputBuffer.4
                0x200001ec       0x80 build/Standalone/Src/debug.o
 .bss.outputBuffer.5
                0x2000026c      0x400 build/Standalone/Src/debug.o
 .bss.formatBuffer
                0x2000066c      0x100 build/Standalone/Src/debug.o
 .bss.printMutex
                0x2000076c        0x4 build/Standalone/Src/debug.o
 .bss.printStream
                0x20000770        0x4 build/Standalone/Src/debug.o
 .bss.activeCommand.0
                0x20000774        0x4 build/Standalone/Src/FreeRTOS_CLI.o
 .bss.nextCommand.1
                0x20000778        0x4 build/Standalone/Src/FreeRTOS_CLI.o
 .bss.registeredCommandCount
                0x2000077c        0x4 build/Standalone/Src/FreeRTOS_CLI.o
 .bss.registeredCommands
                0x20000780       0x60 build/Standalone/Src/FreeRTOS_CLI.o
 .bss.xIdleStack
                0x200007e0      0x400 build/Cube-F7-Src-respin/Core/Src/freertos.o
 .bss.xIdleTaskTCBBuffer
                0x20000be0       0x60 build/Cube-F7-Src-respin/Core/Src/freertos.o
 .bss.mainTaskHandle
                0x20000c40        0x4 build/Cube-F7-Src-respin/Core/Src/freertos.o
                0x20000c40                mainTaskHandle
 .bss.cliTaskNameHandle
                0x20000c44        0x4 build/Cube-F7-Src-respin/Core/Src/freertos.o
                0x20000c44                cliTaskNameHandle
 .bss.printTaskNameHandle
                0x20000c48        0x4 build/Cube-F7-Src-respin/Core/Src/freertos.o
                0x20000c48                printTaskNameHandle
 .bss.defaultTaskHandle
                0x20000c4c        0x4 build/Cube-F7-Src-respin/Core/Src/freertos.o
                0x20000c4c                defaultTaskHandle
 .bss.HAL_RCC_CAN1_CLK_ENABLED
                0x20000c50        0x4 build/Cube-F7-Src-respin/Core/Src/can.o
 .bss.hcan3     0x20000c54       0x28 build/Cube-F7-Src-respin/Core/Src/can.o
                0x20000c54                hcan3
 .bss.hcan2     0x20000c7c       0x28 build/Cube-F7-Src-respin/Core/Src/can.o
                0x20000c7c                hcan2
 .bss.hcan1     0x20000ca4       0x28 build/Cube-F7-Src-respin/Core/Src/can.o
                0x20000ca4                hcan1
 .bss.hdac      0x20000ccc       0x14 build/Cube-F7-Src-respin/Core/Src/dac.o
                0x20000ccc                hdac
 .bss.hi2c3     0x20000ce0       0x54 build/Cube-F7-Src-respin/Core/Src/i2c.o
                0x20000ce0                hi2c3
 .bss.hi2c2     0x20000d34       0x54 build/Cube-F7-Src-respin/Core/Src/i2c.o
                0x20000d34                hi2c2
 .bss.hi2c1     0x20000d88       0x54 build/Cube-F7-Src-respin/Core/Src/i2c.o
                0x20000d88                hi2c1
 .bss.hspi5     0x20000ddc       0x64 build/Cube-F7-Src-respin/Core/Src/spi.o
                0x20000ddc                hspi5
 .bss.hspi4     0x20000e40       0x64 build/Cube-F7-Src-respin/Core/Src/spi.o
                0x20000e40                hspi4
 .bss.htim8     0x20000ea4       0x4c build/Cube-F7-Src-respin/Core/Src/tim.o
                0x20000ea4                htim8
 .bss.htim7     0x20000ef0       0x4c build/Cube-F7-Src-respin/Core/Src/tim.o
                0x20000ef0                htim7
 .bss.hdma_uart4_tx
                0x20000f3c       0x60 build/Cube-F7-Src-respin/Core/Src/usart.o
                0x20000f3c                hdma_uart4_tx
 .bss.hdma_uart4_rx
                0x20000f9c       0x60 build/Cube-F7-Src-respin/Core/Src/usart.o
                0x20000f9c                hdma_uart4_rx
 .bss.huart3    0x20000ffc       0x88 build/Cube-F7-Src-respin/Core/Src/usart.o
                0x20000ffc                huart3
 .bss.huart7    0x20001084       0x88 build/Cube-F7-Src-respin/Core/Src/usart.o
                0x20001084                huart7
 .bss.huart4    0x2000110c       0x88 build/Cube-F7-Src-respin/Core/Src/usart.o
                0x2000110c                huart4
 .bss.htim1     0x20001194       0x4c build/Cube-F7-Src-respin/Core/Src/stm32f7xx_hal_timebase_tim.o
                0x20001194                htim1
 .bss.__sbrk_heap_end
                0x200011e0        0x4 build/Cube-F7-Src-respin/Core/Src/sysmem.o
 .bss.uwTick    0x200011e4        0x4 build/Cube-F7-Src-respin/Drivers/STM32F7xx_HAL_Driver/Src/stm32f7xx_hal.o
                0x200011e4                uwTick
 .bss.ulTotalRunTime
                0x200011e8        0x4 build/Cube-F7-Src-respin/Middlewares/Third_Party/FreeRTOS/Source/tasks.o
 .bss.ulTaskSwitchedInTime
                0x200011ec        0x4 build/Cube-F7-Src-respin/Middlewares/Third_Party/FreeRTOS/Source/tasks.o
 .bss.uxSchedulerSuspended
                0x200011f0        0x4 build/Cube-F7-Src-respin/Middlewares/Third_Party/FreeRTOS/Source/tasks.o
 .bss.xIdleTaskHandle
                0x200011f4        0x4 build/Cube-F7-Src-respin/Middlewares/Third_Party/FreeRTOS/Source/tasks.o
 .bss.xNextTaskUnblockTime
                0x200011f8        0x4 build/Cube-F7-Src-respin/Middlewares/Third_Party/FreeRTOS/Source/tasks.o
 .bss.uxTaskNumber
                0x200011fc        0x4 build/Cube-F7-Src-respin/Middlewares/Third_Party/FreeRTOS/Source/tasks.o
 .bss.xNumOfOverflows
                0x20001200        0x4 build/Cube-F7-Src-respin/Middlewares/Third_Party/FreeRTOS/Source/tasks.o
 .bss.xYieldPending
                0x20001204        0x4 build/Cube-F7-Src-respin/Middlewares/Third_Party/FreeRTOS/Source/tasks.o
 .bss.uxPendedTicks
                0x20001208        0x4 build/Cube-F7-Src-respin/Middlewares/Third_Party/FreeRTOS/Source/tasks.o
 .bss.xSchedulerRunning
                0x2000120c        0x4 build/Cube-F7-Src-respin/Middlewares/Third_Party/FreeRTOS/Source/tasks.o
 .bss.uxTopReadyPriority
                0x20001210        0x4 build/Cube-F7-Src-respin/Middlewares/Third_Party/FreeRTOS/Source/tasks.o
 .bss.xTickCount